Archive member included to satisfy reference by file (symbol)

c:/dev/tool/gcc-arm-11.2-2022.02-mingw-w64-i686-arm-none-eabi/bin/../lib/gcc/arm-none-eabi/11.2.1/thumb/v7e-m+fp/hard\libc_nano.a(lib_a-exit.o)
                              c:/dev/tool/gcc-arm-11.2-2022.02-mingw-w64-i686-arm-none-eabi/bin/../lib/gcc/arm-none-eabi/11.2.1/thumb/v7e-m+fp/hard/crt0.o (exit)
c:/dev/tool/gcc-arm-11.2-2022.02-mingw-w64-i686-arm-none-eabi/bin/../lib/gcc/arm-none-eabi/11.2.1/thumb/v7e-m+fp/hard\libc_nano.a(lib_a-impure.o)
                              c:/dev/tool/gcc-arm-11.2-2022.02-mingw-w64-i686-arm-none-eabi/bin/../lib/gcc/arm-none-eabi/11.2.1/thumb/v7e-m+fp/hard\libc_nano.a(lib_a-exit.o) (_global_impure_ptr)
c:/dev/tool/gcc-arm-11.2-2022.02-mingw-w64-i686-arm-none-eabi/bin/../lib/gcc/arm-none-eabi/11.2.1/thumb/v7e-m+fp/hard\libc_nano.a(lib_a-init.o)
                              c:/dev/tool/gcc-arm-11.2-2022.02-mingw-w64-i686-arm-none-eabi/bin/../lib/gcc/arm-none-eabi/11.2.1/thumb/v7e-m+fp/hard/crt0.o (__libc_init_array)
c:/dev/tool/gcc-arm-11.2-2022.02-mingw-w64-i686-arm-none-eabi/bin/../lib/gcc/arm-none-eabi/11.2.1/thumb/v7e-m+fp/hard\libc_nano.a(lib_a-memcpy-stub.o)
                              build/queue.o (memcpy)
c:/dev/tool/gcc-arm-11.2-2022.02-mingw-w64-i686-arm-none-eabi/bin/../lib/gcc/arm-none-eabi/11.2.1/thumb/v7e-m+fp/hard\libc_nano.a(lib_a-memset.o)
                              c:/dev/tool/gcc-arm-11.2-2022.02-mingw-w64-i686-arm-none-eabi/bin/../lib/gcc/arm-none-eabi/11.2.1/thumb/v7e-m+fp/hard/crt0.o (memset)
c:/dev/tool/gcc-arm-11.2-2022.02-mingw-w64-i686-arm-none-eabi/bin/../lib/gcc/arm-none-eabi/11.2.1/thumb/v7e-m+fp/hard\libc_nano.a(lib_a-strlen.o)
                              build/SEGGER_RTT.o (strlen)
c:/dev/tool/gcc-arm-11.2-2022.02-mingw-w64-i686-arm-none-eabi/bin/../lib/gcc/arm-none-eabi/11.2.1/thumb/v7e-m+fp/hard\libnosys.a(_exit.o)
                              c:/dev/tool/gcc-arm-11.2-2022.02-mingw-w64-i686-arm-none-eabi/bin/../lib/gcc/arm-none-eabi/11.2.1/thumb/v7e-m+fp/hard\libc_nano.a(lib_a-exit.o) (_exit)
c:/dev/tool/gcc-arm-11.2-2022.02-mingw-w64-i686-arm-none-eabi/bin/../lib/gcc/arm-none-eabi/11.2.1/thumb/v7e-m+fp/hard\libgcc.a(_aeabi_uldivmod.o)
                              build/stm32l4xx_hal_uart.o (__aeabi_uldivmod)
c:/dev/tool/gcc-arm-11.2-2022.02-mingw-w64-i686-arm-none-eabi/bin/../lib/gcc/arm-none-eabi/11.2.1/thumb/v7e-m+fp/hard\libgcc.a(_udivmoddi4.o)
                              c:/dev/tool/gcc-arm-11.2-2022.02-mingw-w64-i686-arm-none-eabi/bin/../lib/gcc/arm-none-eabi/11.2.1/thumb/v7e-m+fp/hard\libgcc.a(_aeabi_uldivmod.o) (__udivmoddi4)
c:/dev/tool/gcc-arm-11.2-2022.02-mingw-w64-i686-arm-none-eabi/bin/../lib/gcc/arm-none-eabi/11.2.1/thumb/v7e-m+fp/hard\libgcc.a(_dvmd_tls.o)
                              c:/dev/tool/gcc-arm-11.2-2022.02-mingw-w64-i686-arm-none-eabi/bin/../lib/gcc/arm-none-eabi/11.2.1/thumb/v7e-m+fp/hard\libgcc.a(_aeabi_uldivmod.o) (__aeabi_ldiv0)

Discarded input sections

 .text          0x00000000        0x0 c:/dev/tool/gcc-arm-11.2-2022.02-mingw-w64-i686-arm-none-eabi/bin/../lib/gcc/arm-none-eabi/11.2.1/thumb/v7e-m+fp/hard/crti.o
 .data          0x00000000        0x0 c:/dev/tool/gcc-arm-11.2-2022.02-mingw-w64-i686-arm-none-eabi/bin/../lib/gcc/arm-none-eabi/11.2.1/thumb/v7e-m+fp/hard/crti.o
 .bss           0x00000000        0x0 c:/dev/tool/gcc-arm-11.2-2022.02-mingw-w64-i686-arm-none-eabi/bin/../lib/gcc/arm-none-eabi/11.2.1/thumb/v7e-m+fp/hard/crti.o
 .text          0x00000000        0x0 c:/dev/tool/gcc-arm-11.2-2022.02-mingw-w64-i686-arm-none-eabi/bin/../lib/gcc/arm-none-eabi/11.2.1/thumb/v7e-m+fp/hard/crtbegin.o
 .data          0x00000000        0x0 c:/dev/tool/gcc-arm-11.2-2022.02-mingw-w64-i686-arm-none-eabi/bin/../lib/gcc/arm-none-eabi/11.2.1/thumb/v7e-m+fp/hard/crtbegin.o
 .bss           0x00000000        0x0 c:/dev/tool/gcc-arm-11.2-2022.02-mingw-w64-i686-arm-none-eabi/bin/../lib/gcc/arm-none-eabi/11.2.1/thumb/v7e-m+fp/hard/crtbegin.o
 .rodata.all_implied_fbits
                0x00000000       0x24 c:/dev/tool/gcc-arm-11.2-2022.02-mingw-w64-i686-arm-none-eabi/bin/../lib/gcc/arm-none-eabi/11.2.1/thumb/v7e-m+fp/hard/crtbegin.o
 .data.__dso_handle
                0x00000000        0x4 c:/dev/tool/gcc-arm-11.2-2022.02-mingw-w64-i686-arm-none-eabi/bin/../lib/gcc/arm-none-eabi/11.2.1/thumb/v7e-m+fp/hard/crtbegin.o
 .text          0x00000000       0x7c c:/dev/tool/gcc-arm-11.2-2022.02-mingw-w64-i686-arm-none-eabi/bin/../lib/gcc/arm-none-eabi/11.2.1/thumb/v7e-m+fp/hard/crt0.o
 .data          0x00000000        0x0 c:/dev/tool/gcc-arm-11.2-2022.02-mingw-w64-i686-arm-none-eabi/bin/../lib/gcc/arm-none-eabi/11.2.1/thumb/v7e-m+fp/hard/crt0.o
 .bss           0x00000000        0x0 c:/dev/tool/gcc-arm-11.2-2022.02-mingw-w64-i686-arm-none-eabi/bin/../lib/gcc/arm-none-eabi/11.2.1/thumb/v7e-m+fp/hard/crt0.o
[...]
Memory Configuration

Name             Origin             Length             Attributes
RAM              0x20000000         0x00010000         xrw
RAM2             0x10000000         0x00004000         xrw
FLASH            0x08000000         0x00040000         xr
*default*        0x00000000         0xffffffff

Linker script and memory map

LOAD c:/dev/tool/gcc-arm-11.2-2022.02-mingw-w64-i686-arm-none-eabi/bin/../lib/gcc/arm-none-eabi/11.2.1/thumb/v7e-m+fp/hard/crti.o
LOAD c:/dev/tool/gcc-arm-11.2-2022.02-mingw-w64-i686-arm-none-eabi/bin/../lib/gcc/arm-none-eabi/11.2.1/thumb/v7e-m+fp/hard/crtbegin.o
LOAD c:/dev/tool/gcc-arm-11.2-2022.02-mingw-w64-i686-arm-none-eabi/bin/../lib/gcc/arm-none-eabi/11.2.1/thumb/v7e-m+fp/hard/crt0.o
LOAD build/main.o
LOAD build/freertos.o
LOAD build/stm32l4xx_it.o
LOAD build/stm32l4xx_hal_msp.o
LOAD build/stm32l4xx_hal_timebase_tim.o
LOAD build/stm32l4xx_hal.o
LOAD build/stm32l4xx_hal_i2c.o
LOAD build/stm32l4xx_hal_i2c_ex.o
LOAD build/stm32l4xx_hal_rcc.o
LOAD build/stm32l4xx_hal_rcc_ex.o
LOAD build/stm32l4xx_hal_flash.o
LOAD build/stm32l4xx_hal_flash_ex.o
LOAD build/stm32l4xx_hal_flash_ramfunc.o
LOAD build/stm32l4xx_hal_gpio.o
LOAD build/stm32l4xx_hal_dma.o
LOAD build/stm32l4xx_hal_dma_ex.o
LOAD build/stm32l4xx_hal_pwr.o
LOAD build/stm32l4xx_hal_pwr_ex.o
LOAD build/stm32l4xx_hal_cortex.o
LOAD build/stm32l4xx_hal_exti.o
LOAD build/stm32l4xx_hal_tim.o
LOAD build/stm32l4xx_hal_tim_ex.o
LOAD build/stm32l4xx_hal_uart.o
LOAD build/stm32l4xx_hal_uart_ex.o
LOAD build/system_stm32l4xx.o
LOAD build/croutine.o
LOAD build/event_groups.o
LOAD build/list.o
LOAD build/queue.o
LOAD build/stream_buffer.o
LOAD build/tasks.o
LOAD build/timers.o
LOAD build/cmsis_os2.o
LOAD build/heap_4.o
LOAD build/port.o
LOAD build/log.o
LOAD build/SEGGER_RTT.o
LOAD build/SEGGER_RTT_printf.o
LOAD build/startup_stm32l431xx.o
LOAD c:/dev/tool/gcc-arm-11.2-2022.02-mingw-w64-i686-arm-none-eabi/bin/../lib/gcc/arm-none-eabi/11.2.1/thumb/v7e-m+fp/hard\libc_nano.a
LOAD c:/dev/tool/gcc-arm-11.2-2022.02-mingw-w64-i686-arm-none-eabi/bin/../lib/gcc/arm-none-eabi/11.2.1/thumb/v7e-m+fp/hard\libm.a
LOAD c:/dev/tool/gcc-arm-11.2-2022.02-mingw-w64-i686-arm-none-eabi/bin/../lib/gcc/arm-none-eabi/11.2.1/thumb/v7e-m+fp/hard\libnosys.a
START GROUP
LOAD c:/dev/tool/gcc-arm-11.2-2022.02-mingw-w64-i686-arm-none-eabi/bin/../lib/gcc/arm-none-eabi/11.2.1/thumb/v7e-m+fp/hard\libgcc.a
LOAD c:/dev/tool/gcc-arm-11.2-2022.02-mingw-w64-i686-arm-none-eabi/bin/../lib/gcc/arm-none-eabi/11.2.1/thumb/v7e-m+fp/hard\libc_nano.a
END GROUP
START GROUP
LOAD c:/dev/tool/gcc-arm-11.2-2022.02-mingw-w64-i686-arm-none-eabi/bin/../lib/gcc/arm-none-eabi/11.2.1/thumb/v7e-m+fp/hard\libgcc.a
LOAD c:/dev/tool/gcc-arm-11.2-2022.02-mingw-w64-i686-arm-none-eabi/bin/../lib/gcc/arm-none-eabi/11.2.1/thumb/v7e-m+fp/hard\libc_nano.a
END GROUP
LOAD c:/dev/tool/gcc-arm-11.2-2022.02-mingw-w64-i686-arm-none-eabi/bin/../lib/gcc/arm-none-eabi/11.2.1/thumb/v7e-m+fp/hard/crtend.o
LOAD c:/dev/tool/gcc-arm-11.2-2022.02-mingw-w64-i686-arm-none-eabi/bin/../lib/gcc/arm-none-eabi/11.2.1/thumb/v7e-m+fp/hard/crtn.o
                0x20010000                _estack = (ORIGIN (RAM) + LENGTH (RAM))
                0x00000200                _Min_Heap_Size = 0x200
                0x00000400                _Min_Stack_Size = 0x400

.isr_vector     0x08000000      0x190
                0x08000000                . = ALIGN (0x8)
 *(.isr_vector)
 .isr_vector    0x08000000      0x18c build/startup_stm32l431xx.o
                0x08000000                g_pfnVectors
                0x08000190                . = ALIGN (0x8)
 *fill*         0x0800018c        0x4 

.text           0x08000190     0x43a0
                0x08000190                . = ALIGN (0x8)
 *(.text)
 .text          0x08000190       0x30 c:/dev/tool/gcc-arm-11.2-2022.02-mingw-w64-i686-arm-none-eabi/bin/../lib/gcc/arm-none-eabi/11.2.1/thumb/v7e-m+fp/hard\libgcc.a(_aeabi_uldivmod.o)
                0x08000190                __aeabi_uldivmod
 .text          0x080001c0        0x4 c:/dev/tool/gcc-arm-11.2-2022.02-mingw-w64-i686-arm-none-eabi/bin/../lib/gcc/arm-none-eabi/11.2.1/thumb/v7e-m+fp/hard\libgcc.a(_dvmd_tls.o)
                0x080001c0                __aeabi_idiv0
                0x080001c0                __aeabi_ldiv0
 *(.text*)
 .text.deregister_tm_clones
                0x080001c4       0x1c c:/dev/tool/gcc-arm-11.2-2022.02-mingw-w64-i686-arm-none-eabi/bin/../lib/gcc/arm-none-eabi/11.2.1/thumb/v7e-m+fp/hard/crtbegin.o
 .text.register_tm_clones
                0x080001e0       0x24 c:/dev/tool/gcc-arm-11.2-2022.02-mingw-w64-i686-arm-none-eabi/bin/../lib/gcc/arm-none-eabi/11.2.1/thumb/v7e-m+fp/hard/crtbegin.o
 .text.__do_global_dtors_aux
                0x08000204       0x28 c:/dev/tool/gcc-arm-11.2-2022.02-mingw-w64-i686-arm-none-eabi/bin/../lib/gcc/arm-none-eabi/11.2.1/thumb/v7e-m+fp/hard/crtbegin.o
 .text.frame_dummy
                0x0800022c       0x24 c:/dev/tool/gcc-arm-11.2-2022.02-mingw-w64-i686-arm-none-eabi/bin/../lib/gcc/arm-none-eabi/11.2.1/thumb/v7e-m+fp/hard/crtbegin.o
 .text.MX_GPIO_Init
                0x08000250       0x68 build/main.o
 .text.StartDefaultTask
                0x080002b8        0xa build/main.o
                0x080002b8                StartDefaultTask
 *fill*         0x080002c2        0x2 
 .text.HAL_TIM_PeriodElapsedCallback
                0x080002c4       0x18 build/main.o
                0x080002c4                HAL_TIM_PeriodElapsedCallback
 .text.Error_Handler
                0x080002dc        0x4 build/main.o
                0x080002dc                Error_Handler
 .text.MX_USART1_UART_Init
                0x080002e0       0x38 build/main.o
 .text.SystemClock_Config
                0x08000318       0x66 build/main.o
                0x08000318                SystemClock_Config
 *fill*         0x0800037e        0x2 
 .text.main     0x08000380       0x44 build/main.o
                0x08000380                main
 .text.NMI_Handler
                0x080003c4        0x2 build/stm32l4xx_it.o
                0x080003c4                NMI_Handler
 .text.HardFault_Handler
                0x080003c6        0x2 build/stm32l4xx_it.o
                0x080003c6                HardFault_Handler
 .text.MemManage_Handler
                0x080003c8        0x2 build/stm32l4xx_it.o
                0x080003c8                MemManage_Handler
 .text.BusFault_Handler
                0x080003ca        0x2 build/stm32l4xx_it.o
                0x080003ca                BusFault_Handler
 .text.UsageFault_Handler
                0x080003cc        0x2 build/stm32l4xx_it.o
                0x080003cc                UsageFault_Handler
 .text.DebugMon_Handler
                0x080003ce        0x2 build/stm32l4xx_it.o
                0x080003ce                DebugMon_Handler
 .text.EXTI15_10_IRQHandler
                0x080003d0        0xc build/stm32l4xx_it.o
                0x080003d0                EXTI15_10_IRQHandler
 .text.TIM7_IRQHandler
                0x080003dc       0x10 build/stm32l4xx_it.o
                0x080003dc                TIM7_IRQHandler
 .text.HAL_MspInit
                0x080003ec       0x40 build/stm32l4xx_hal_msp.o
                0x080003ec                HAL_MspInit
 .text.HAL_UART_MspInit
                0x0800042c       0x88 build/stm32l4xx_hal_msp.o
                0x0800042c                HAL_UART_MspInit
 .text.HAL_InitTick
                0x080004b4       0x78 build/stm32l4xx_hal_timebase_tim.o
                0x080004b4                HAL_InitTick
 .text.HAL_Init
                0x0800052c       0x1e build/stm32l4xx_hal.o
                0x0800052c                HAL_Init
 *fill*         0x0800054a        0x2 
 .text.HAL_IncTick
                0x0800054c       0x18 build/stm32l4xx_hal.o
                0x0800054c                HAL_IncTick
 .text.HAL_GetTick
                0x08000564        0xc build/stm32l4xx_hal.o
                0x08000564                HAL_GetTick
 .text.RCC_SetFlashLatencyFromMSIRange
                0x08000570       0x90 build/stm32l4xx_hal_rcc.o
 .text.HAL_RCC_GetSysClockFreq
                0x08000600       0xb4 build/stm32l4xx_hal_rcc.o
                0x08000600                HAL_RCC_GetSysClockFreq
 .text.HAL_RCC_OscConfig
                0x080006b4      0x66c build/stm32l4xx_hal_rcc.o
                0x080006b4                HAL_RCC_OscConfig
 .text.HAL_RCC_ClockConfig
                0x08000d20      0x188 build/stm32l4xx_hal_rcc.o
                0x08000d20                HAL_RCC_ClockConfig
 .text.HAL_RCC_GetHCLKFreq
                0x08000ea8        0xc build/stm32l4xx_hal_rcc.o
                0x08000ea8                HAL_RCC_GetHCLKFreq
 .text.HAL_RCC_GetPCLK1Freq
                0x08000eb4       0x24 build/stm32l4xx_hal_rcc.o
                0x08000eb4                HAL_RCC_GetPCLK1Freq
 .text.HAL_RCC_GetPCLK2Freq
                0x08000ed8       0x24 build/stm32l4xx_hal_rcc.o
                0x08000ed8                HAL_RCC_GetPCLK2Freq
 .text.HAL_RCC_GetClockConfig
                0x08000efc       0x3c build/stm32l4xx_hal_rcc.o
                0x08000efc                HAL_RCC_GetClockConfig
 .text.RCCEx_PLLSAI1_Config
                0x08000f38      0x16c build/stm32l4xx_hal_rcc_ex.o
 .text.HAL_RCCEx_PeriphCLKConfig
                0x080010a4      0x31c build/stm32l4xx_hal_rcc_ex.o
                0x080010a4                HAL_RCCEx_PeriphCLKConfig
 .text.HAL_GPIO_Init
                0x080013c0      0x1c8 build/stm32l4xx_hal_gpio.o
                0x080013c0                HAL_GPIO_Init
 .text.HAL_GPIO_EXTI_Callback
                0x08001588        0x2 build/stm32l4xx_hal_gpio.o
                0x08001588                HAL_GPIO_EXTI_Callback
 *fill*         0x0800158a        0x2 
 .text.HAL_GPIO_EXTI_IRQHandler
                0x0800158c       0x1c build/stm32l4xx_hal_gpio.o
                0x0800158c                HAL_GPIO_EXTI_IRQHandler
 .text.HAL_PWREx_GetVoltageRange
                0x080015a8       0x10 build/stm32l4xx_hal_pwr_ex.o
                0x080015a8                HAL_PWREx_GetVoltageRange
 .text.HAL_PWREx_ControlVoltageScaling
                0x080015b8       0x90 build/stm32l4xx_hal_pwr_ex.o
                0x080015b8                HAL_PWREx_ControlVoltageScaling
 .text.HAL_NVIC_SetPriorityGrouping
                0x08001648       0x24 build/stm32l4xx_hal_cortex.o
                0x08001648                HAL_NVIC_SetPriorityGrouping
 .text.HAL_NVIC_SetPriority
                0x0800166c       0x70 build/stm32l4xx_hal_cortex.o
                0x0800166c                HAL_NVIC_SetPriority
 .text.HAL_NVIC_EnableIRQ
                0x080016dc       0x1c build/stm32l4xx_hal_cortex.o
                0x080016dc                HAL_NVIC_EnableIRQ
 .text.HAL_TIM_Base_MspInit
                0x080016f8        0x2 build/stm32l4xx_hal_tim.o
                0x080016f8                HAL_TIM_Base_MspInit
 *fill*         0x080016fa        0x2 
 .text.HAL_TIM_Base_Start_IT
                0x080016fc       0x6c build/stm32l4xx_hal_tim.o
                0x080016fc                HAL_TIM_Base_Start_IT
 .text.HAL_TIM_OC_DelayElapsedCallback
                0x08001768        0x2 build/stm32l4xx_hal_tim.o
                0x08001768                HAL_TIM_OC_DelayElapsedCallback
 .text.HAL_TIM_IC_CaptureCallback
                0x0800176a        0x2 build/stm32l4xx_hal_tim.o
                0x0800176a                HAL_TIM_IC_CaptureCallback
 .text.HAL_TIM_PWM_PulseFinishedCallback
                0x0800176c        0x2 build/stm32l4xx_hal_tim.o
                0x0800176c                HAL_TIM_PWM_PulseFinishedCallback
 .text.HAL_TIM_TriggerCallback
                0x0800176e        0x2 build/stm32l4xx_hal_tim.o
                0x0800176e                HAL_TIM_TriggerCallback
 .text.HAL_TIM_IRQHandler
                0x08001770      0x19a build/stm32l4xx_hal_tim.o
                0x08001770                HAL_TIM_IRQHandler
 *fill*         0x0800190a        0x2 
 .text.TIM_Base_SetConfig
                0x0800190c       0x70 build/stm32l4xx_hal_tim.o
                0x0800190c                TIM_Base_SetConfig
 .text.HAL_TIM_Base_Init
                0x0800197c       0x60 build/stm32l4xx_hal_tim.o
                0x0800197c                HAL_TIM_Base_Init
 .text.HAL_TIMEx_CommutCallback
                0x080019dc        0x2 build/stm32l4xx_hal_tim_ex.o
                0x080019dc                HAL_TIMEx_CommutCallback
 .text.HAL_TIMEx_BreakCallback
                0x080019de        0x2 build/stm32l4xx_hal_tim_ex.o
                0x080019de                HAL_TIMEx_BreakCallback
 .text.HAL_TIMEx_Break2Callback
                0x080019e0        0x2 build/stm32l4xx_hal_tim_ex.o
                0x080019e0                HAL_TIMEx_Break2Callback
 *fill*         0x080019e2        0x2 
 .text.UART_SetConfig
                0x080019e4      0x2a0 build/stm32l4xx_hal_uart.o
                0x080019e4                UART_SetConfig
 .text.UART_AdvFeatureConfig
                0x08001c84       0xca build/stm32l4xx_hal_uart.o
                0x08001c84                UART_AdvFeatureConfig
 .text.UART_WaitOnFlagUntilTimeout
                0x08001d4e       0xd0 build/stm32l4xx_hal_uart.o
                0x08001d4e                UART_WaitOnFlagUntilTimeout
 .text.UART_CheckIdleState
                0x08001e1e       0x70 build/stm32l4xx_hal_uart.o
                0x08001e1e                UART_CheckIdleState
 .text.HAL_UART_Init
                0x08001e8e       0x62 build/stm32l4xx_hal_uart.o
                0x08001e8e                HAL_UART_Init
 .text.SystemInit
                0x08001ef0       0x14 build/system_stm32l4xx.o
                0x08001ef0                SystemInit
 .text.vListInitialise
                0x08001f04       0x16 build/list.o
                0x08001f04                vListInitialise
 .text.vListInitialiseItem
                0x08001f1a        0x6 build/list.o
                0x08001f1a                vListInitialiseItem
 .text.vListInsertEnd
                0x08001f20       0x16 build/list.o
                0x08001f20                vListInsertEnd
 .text.vListInsert
                0x08001f36       0x32 build/list.o
                0x08001f36                vListInsert
 .text.uxListRemove
                0x08001f68       0x26 build/list.o
                0x08001f68                uxListRemove
 .text.prvIsQueueFull
                0x08001f8e       0x1e build/queue.o
 .text.prvIsQueueEmpty
                0x08001fac       0x1a build/queue.o
 .text.prvCopyDataToQueue
                0x08001fc6       0x76 build/queue.o
 .text.prvCopyDataFromQueue
                0x0800203c       0x24 build/queue.o
 .text.prvUnlockQueue
                0x08002060       0x6e build/queue.o
 .text.xQueueGenericReset
                0x080020ce       0x84 build/queue.o
                0x080020ce                xQueueGenericReset
 .text.prvInitialiseNewQueue
                0x08002152       0x22 build/queue.o
 .text.xQueueGenericCreateStatic
                0x08002174       0x94 build/queue.o
                0x08002174                xQueueGenericCreateStatic
 .text.xQueueGenericSend
                0x08002208      0x188 build/queue.o
                0x08002208                xQueueGenericSend
 .text.xQueueGenericSendFromISR
                0x08002390       0xce build/queue.o
                0x08002390                xQueueGenericSendFromISR
 .text.xQueueReceive
                0x0800245e      0x15e build/queue.o
                0x0800245e                xQueueReceive
 .text.vQueueAddToRegistry
                0x080025bc       0x28 build/queue.o
                0x080025bc                vQueueAddToRegistry
 .text.vQueueWaitForMessageRestricted
                0x080025e4       0x52 build/queue.o
                0x080025e4                vQueueWaitForMessageRestricted
 *fill*         0x08002636        0x2 
 .text.prvResetNextTaskUnblockTime
                0x08002638       0x2c build/tasks.o
 .text.prvInitialiseNewTask
                0x08002664       0xa2 build/tasks.o
 *fill*         0x08002706        0x2 
 .text.prvInitialiseTaskLists
                0x08002708       0x68 build/tasks.o
 .text.prvAddNewTaskToReadyList
                0x08002770       0xac build/tasks.o
 .text.prvDeleteTCB
                0x0800281c       0x38 build/tasks.o
 .text.prvCheckTasksWaitingTermination
                0x08002854       0x4c build/tasks.o
 .text.prvIdleTask
                0x080028a0       0x28 build/tasks.o
 .text.prvAddCurrentTaskToDelayedList
                0x080028c8       0x7c build/tasks.o
 .text.xTaskCreateStatic
                0x08002944       0x76 build/tasks.o
                0x08002944                xTaskCreateStatic
 .text.xTaskCreate
                0x080029ba       0x68 build/tasks.o
                0x080029ba                xTaskCreate
 *fill*         0x08002a22        0x2 
 .text.vTaskStartScheduler
                0x08002a24       0x9c build/tasks.o
                0x08002a24                vTaskStartScheduler
 .text.vTaskSuspendAll
                0x08002ac0       0x10 build/tasks.o
                0x08002ac0                vTaskSuspendAll
 .text.xTaskGetTickCount
                0x08002ad0        0xc build/tasks.o
                0x08002ad0                xTaskGetTickCount
 .text.xTaskIncrementTick
                0x08002adc      0x118 build/tasks.o
                0x08002adc                xTaskIncrementTick
 .text.xTaskResumeAll
                0x08002bf4       0xf8 build/tasks.o
                0x08002bf4                xTaskResumeAll
 .text.vTaskDelay
                0x08002cec       0x4c build/tasks.o
                0x08002cec                vTaskDelay
 .text.vTaskSwitchContext
                0x08002d38       0x94 build/tasks.o
                0x08002d38                vTaskSwitchContext
 .text.vTaskPlaceOnEventList
                0x08002dcc       0x30 build/tasks.o
                0x08002dcc                vTaskPlaceOnEventList
 .text.vTaskPlaceOnEventListRestricted
                0x08002dfc       0x38 build/tasks.o
                0x08002dfc                vTaskPlaceOnEventListRestricted
 .text.xTaskRemoveFromEventList
                0x08002e34       0x8c build/tasks.o
                0x08002e34                xTaskRemoveFromEventList
 .text.vTaskInternalSetTimeOutState
                0x08002ec0       0x18 build/tasks.o
                0x08002ec0                vTaskInternalSetTimeOutState
 .text.xTaskCheckForTimeOut
                0x08002ed8       0x84 build/tasks.o
                0x08002ed8                xTaskCheckForTimeOut
 .text.vTaskMissedYield
                0x08002f5c        0xc build/tasks.o
                0x08002f5c                vTaskMissedYield
 .text.xTaskGetSchedulerState
                0x08002f68       0x20 build/tasks.o
                0x08002f68                xTaskGetSchedulerState
 .text.xTaskPriorityDisinherit
                0x08002f88       0x90 build/tasks.o
                0x08002f88                xTaskPriorityDisinherit
 .text.prvGetNextExpireTime
                0x08003018       0x20 build/timers.o
 .text.prvInsertTimerInActiveList
                0x08003038       0x48 build/timers.o
 .text.prvCheckForValidListAndQueue
                0x08003080       0x70 build/timers.o
 .text.xTimerCreateTimerTask
                0x080030f0       0x64 build/timers.o
                0x080030f0                xTimerCreateTimerTask
 .text.xTimerGenericCommand
                0x08003154       0x6c build/timers.o
                0x08003154                xTimerGenericCommand
 .text.prvSwitchTimerLists
                0x080031c0       0x7c build/timers.o
 .text.prvSampleTimeNow
                0x0800323c       0x2c build/timers.o
 .text.prvProcessExpiredTimer
                0x08003268       0x6c build/timers.o
 .text.prvProcessTimerOrBlockTask
                0x080032d4       0x74 build/timers.o
 .text.prvProcessReceivedCommands
                0x08003348      0x10c build/timers.o
 .text.prvTimerTask
                0x08003454       0x16 build/timers.o
 .text.SysTick_Handler
                0x0800346a       0x18 build/cmsis_os2.o
                0x0800346a                SysTick_Handler
 *fill*         0x08003482        0x2 
 .text.osKernelInitialize
                0x08003484       0x24 build/cmsis_os2.o
                0x08003484                osKernelInitialize
 .text.osKernelStart
                0x080034a8       0x38 build/cmsis_os2.o
                0x080034a8                osKernelStart
 .text.osThreadNew
                0x080034e0       0xbc build/cmsis_os2.o
                0x080034e0                osThreadNew
 .text.osDelay  0x0800359c       0x1c build/cmsis_os2.o
                0x0800359c                osDelay
 .text.vApplicationGetIdleTaskMemory
                0x080035b8       0x18 build/cmsis_os2.o
                0x080035b8                vApplicationGetIdleTaskMemory
 .text.vApplicationGetTimerTaskMemory
                0x080035d0       0x18 build/cmsis_os2.o
                0x080035d0                vApplicationGetTimerTaskMemory
 .text.prvHeapInit
                0x080035e8       0x68 build/heap_4.o
 .text.prvInsertBlockIntoFreeList
                0x08003650       0x64 build/heap_4.o
 .text.pvPortMalloc
                0x080036b4       0xfc build/heap_4.o
                0x080036b4                pvPortMalloc
 .text.vPortFree
                0x080037b0       0x7c build/heap_4.o
                0x080037b0                vPortFree
 .text.prvTaskExitError
                0x0800382c       0x40 build/port.o
 .text.prvPortStartFirstTask
                0x0800386c       0x28 build/port.o
 .text.vPortEnableVFP
                0x08003894       0x14 build/port.o
 .text.pxPortInitialiseStack
                0x080038a8       0x2c build/port.o
                0x080038a8                pxPortInitialiseStack
 *fill*         0x080038d4        0xc 
 .text.SVC_Handler
                0x080038e0       0x24 build/port.o
                0x080038e0                SVC_Handler
 .text.vPortEnterCritical
                0x08003904       0x44 build/port.o
                0x08003904                vPortEnterCritical
 .text.vPortExitCritical
                0x08003948       0x2c build/port.o
                0x08003948                vPortExitCritical
 *fill*         0x08003974        0xc 
 .text.PendSV_Handler
                0x08003980       0x64 build/port.o
                0x08003980                PendSV_Handler
 .text.xPortSysTickHandler
                0x080039e4       0x2c build/port.o
                0x080039e4                xPortSysTickHandler
 .text.vPortSetupTimerInterrupt
                0x08003a10       0x28 build/port.o
                0x08003a10                vPortSetupTimerInterrupt
 .text.xPortStartScheduler
                0x08003a38      0x118 build/port.o
                0x08003a38                xPortStartScheduler
 .text.vPortValidateInterruptPriority
                0x08003b50       0x5c build/port.o
                0x08003b50                vPortValidateInterruptPriority
 .text._GetAvailWriteSpace
                0x08003bac       0x18 build/SEGGER_RTT.o
 .text._WriteNoCheck
                0x08003bc4       0x44 build/SEGGER_RTT.o
 .text._WriteBlocking
                0x08003c08       0x5e build/SEGGER_RTT.o
 *fill*         0x08003c66        0x2 
 .text._DoInit  0x08003c68       0x64 build/SEGGER_RTT.o
 .text.SEGGER_RTT_WriteNoLock
                0x08003ccc       0x6c build/SEGGER_RTT.o
                0x08003ccc                SEGGER_RTT_WriteNoLock
 .text.SEGGER_RTT_Write
                0x08003d38       0x34 build/SEGGER_RTT.o
                0x08003d38                SEGGER_RTT_Write
 .text._StoreChar
                0x08003d6c       0x40 build/SEGGER_RTT_printf.o
 .text._PrintUnsigned
                0x08003dac       0xe0 build/SEGGER_RTT_printf.o
 .text._PrintInt
                0x08003e8c       0xea build/SEGGER_RTT_printf.o
 *fill*         0x08003f76        0x2 
 .text.SEGGER_RTT_vprintf
                0x08003f78      0x1f0 build/SEGGER_RTT_printf.o
                0x08003f78                SEGGER_RTT_vprintf
 .text.SEGGER_RTT_printf
                0x08004168       0x1e build/SEGGER_RTT_printf.o
                0x08004168                SEGGER_RTT_printf
 *fill*         0x08004186        0x2 
 .text.Reset_Handler
                0x08004188       0x50 build/startup_stm32l431xx.o
                0x08004188                Reset_Handler
 .text.Default_Handler
                0x080041d8        0x2 build/startup_stm32l431xx.o
                0x080041d8                RTC_Alarm_IRQHandler
                0x080041d8                EXTI2_IRQHandler
                0x080041d8                TIM1_CC_IRQHandler
                0x080041d8                TSC_IRQHandler
                0x080041d8                TAMP_STAMP_IRQHandler
                0x080041d8                EXTI3_IRQHandler
                0x080041d8                LPTIM2_IRQHandler
                0x080041d8                I2C3_ER_IRQHandler
                0x080041d8                EXTI0_IRQHandler
                0x080041d8                I2C2_EV_IRQHandler
                0x080041d8                CAN1_RX0_IRQHandler
                0x080041d8                FPU_IRQHandler
                0x080041d8                TIM1_UP_TIM16_IRQHandler
                0x080041d8                SPI1_IRQHandler
                0x080041d8                TIM6_DAC_IRQHandler
                0x080041d8                DMA2_Channel2_IRQHandler
                0x080041d8                DMA1_Channel4_IRQHandler
                0x080041d8                ADC1_IRQHandler
                0x080041d8                USART3_IRQHandler
                0x080041d8                DMA1_Channel7_IRQHandler
                0x080041d8                CAN1_RX1_IRQHandler
                0x080041d8                DMA2_Channel1_IRQHandler
                0x080041d8                QUADSPI_IRQHandler
                0x080041d8                I2C1_EV_IRQHandler
                0x080041d8                DMA1_Channel6_IRQHandler
                0x080041d8                DMA2_Channel4_IRQHandler
                0x080041d8                RCC_IRQHandler
                0x080041d8                TIM1_TRG_COM_IRQHandler
                0x080041d8                DMA1_Channel1_IRQHandler
                0x080041d8                Default_Handler
                0x080041d8                DMA2_Channel7_IRQHandler
                0x080041d8                SDMMC1_IRQHandler
                0x080041d8                I2C3_EV_IRQHandler
                0x080041d8                EXTI9_5_IRQHandler
                0x080041d8                RTC_WKUP_IRQHandler
                0x080041d8                PVD_PVM_IRQHandler
                0x080041d8                SPI2_IRQHandler
                0x080041d8                CAN1_TX_IRQHandler
                0x080041d8                DMA2_Channel5_IRQHandler
                0x080041d8                CRS_IRQHandler
                0x080041d8                DMA1_Channel5_IRQHandler
                0x080041d8                EXTI4_IRQHandler
                0x080041d8                RNG_IRQHandler
                0x080041d8                DMA1_Channel3_IRQHandler
                0x080041d8                COMP_IRQHandler
                0x080041d8                WWDG_IRQHandler
                0x080041d8                LPUART1_IRQHandler
                0x080041d8                DMA2_Channel6_IRQHandler
                0x080041d8                TIM2_IRQHandler
                0x080041d8                EXTI1_IRQHandler
                0x080041d8                USART2_IRQHandler
                0x080041d8                I2C2_ER_IRQHandler
                0x080041d8                DMA1_Channel2_IRQHandler
                0x080041d8                CAN1_SCE_IRQHandler
                0x080041d8                FLASH_IRQHandler
                0x080041d8                USART1_IRQHandler
                0x080041d8                SPI3_IRQHandler
                0x080041d8                I2C1_ER_IRQHandler
                0x080041d8                SWPMI1_IRQHandler
                0x080041d8                LPTIM1_IRQHandler
                0x080041d8                SAI1_IRQHandler
                0x080041d8                DMA2_Channel3_IRQHandler
                0x080041d8                TIM1_BRK_TIM15_IRQHandler
 *fill*         0x080041da        0x2 
 .text.__libc_init_array
                0x080041dc       0x48 c:/dev/tool/gcc-arm-11.2-2022.02-mingw-w64-i686-arm-none-eabi/bin/../lib/gcc/arm-none-eabi/11.2.1/thumb/v7e-m+fp/hard\libc_nano.a(lib_a-init.o)
                0x080041dc                __libc_init_array
 .text.memcpy   0x08004224       0x1c c:/dev/tool/gcc-arm-11.2-2022.02-mingw-w64-i686-arm-none-eabi/bin/../lib/gcc/arm-none-eabi/11.2.1/thumb/v7e-m+fp/hard\libc_nano.a(lib_a-memcpy-stub.o)
                0x08004224                memcpy
 .text.memset   0x08004240       0x10 c:/dev/tool/gcc-arm-11.2-2022.02-mingw-w64-i686-arm-none-eabi/bin/../lib/gcc/arm-none-eabi/11.2.1/thumb/v7e-m+fp/hard\libc_nano.a(lib_a-memset.o)
                0x08004240                memset
 .text.__udivmoddi4
                0x08004250      0x2c8 c:/dev/tool/gcc-arm-11.2-2022.02-mingw-w64-i686-arm-none-eabi/bin/../lib/gcc/arm-none-eabi/11.2.1/thumb/v7e-m+fp/hard\libgcc.a(_udivmoddi4.o)
                0x08004250                __udivmoddi4
 *(.glue_7)
 .glue_7        0x08004518        0x0 linker stubs
 *(.glue_7t)
 .glue_7t       0x08004518        0x0 linker stubs
 *(.eh_frame)
 .eh_frame      0x08004518        0x0 c:/dev/tool/gcc-arm-11.2-2022.02-mingw-w64-i686-arm-none-eabi/bin/../lib/gcc/arm-none-eabi/11.2.1/thumb/v7e-m+fp/hard/crtbegin.o
 *(.init)
 .init          0x08004518        0x4 c:/dev/tool/gcc-arm-11.2-2022.02-mingw-w64-i686-arm-none-eabi/bin/../lib/gcc/arm-none-eabi/11.2.1/thumb/v7e-m+fp/hard/crti.o
                0x08004518                _init
 .init          0x0800451c        0x8 c:/dev/tool/gcc-arm-11.2-2022.02-mingw-w64-i686-arm-none-eabi/bin/../lib/gcc/arm-none-eabi/11.2.1/thumb/v7e-m+fp/hard/crtn.o
 *(.fini)
 .fini          0x08004524        0x4 c:/dev/tool/gcc-arm-11.2-2022.02-mingw-w64-i686-arm-none-eabi/bin/../lib/gcc/arm-none-eabi/11.2.1/thumb/v7e-m+fp/hard/crti.o
                0x08004524                _fini
 .fini          0x08004528        0x8 c:/dev/tool/gcc-arm-11.2-2022.02-mingw-w64-i686-arm-none-eabi/bin/../lib/gcc/arm-none-eabi/11.2.1/thumb/v7e-m+fp/hard/crtn.o
                0x08004530                . = ALIGN (0x8)
                0x08004530                _etext = .

.vfp11_veneer   0x08004530        0x0
 .vfp11_veneer  0x08004530        0x0 linker stubs

.v4_bx          0x08004530        0x0
 .v4_bx         0x08004530        0x0 linker stubs

.iplt           0x08004530        0x0
 .iplt          0x08004530        0x0 c:/dev/tool/gcc-arm-11.2-2022.02-mingw-w64-i686-arm-none-eabi/bin/../lib/gcc/arm-none-eabi/11.2.1/thumb/v7e-m+fp/hard/crtbegin.o

.rodata         0x08004530       0xc8
                0x08004530                . = ALIGN (0x8)
 *(.rodata)
 *(.rodata*)
 .rodata.main.str1.4
                0x08004530        0xd build/main.o
 *fill*         0x0800453d        0x3 
 .rodata.str1.4
                0x08004540        0xc build/main.o
 .rodata.defaultTask_attributes
                0x0800454c       0x24 build/main.o
                0x0800454c                defaultTask_attributes
 .rodata.AHBPrescTable
                0x08004570       0x10 build/system_stm32l4xx.o
                0x08004570                AHBPrescTable
 .rodata.APBPrescTable
                0x08004580        0x8 build/system_stm32l4xx.o
                0x08004580                APBPrescTable
 .rodata.MSIRangeTable
                0x08004588       0x30 build/system_stm32l4xx.o
                0x08004588                MSIRangeTable
 .rodata.vTaskStartScheduler.str1.4
                0x080045b8        0x5 build/tasks.o
 *fill*         0x080045bd        0x3 
 .rodata.prvCheckForValidListAndQueue.str1.4
                0x080045c0        0x5 build/timers.o
 *fill*         0x080045c5        0x3 
 .rodata.xTimerCreateTimerTask.str1.4
                0x080045c8        0x8 build/timers.o
 .rodata._DoInit.str1.4
                0x080045d0       0x17 build/SEGGER_RTT.o
 *fill*         0x080045e7        0x1 
 .rodata._aV2C.0
                0x080045e8       0x10 build/SEGGER_RTT_printf.o
                0x080045f8                . = ALIGN (0x8)

.ARM.extab      0x080045f8        0x0
                0x080045f8                . = ALIGN (0x8)
 *(.ARM.extab* .gnu.linkonce.armextab.*)
                0x080045f8                . = ALIGN (0x8)

.ARM            0x080045f8        0x8
                0x080045f8                . = ALIGN (0x8)
                0x080045f8                __exidx_start = .
 *(.ARM.exidx*)
 .ARM.exidx.text.__udivmoddi4
                0x080045f8        0x8 c:/dev/tool/gcc-arm-11.2-2022.02-mingw-w64-i686-arm-none-eabi/bin/../lib/gcc/arm-none-eabi/11.2.1/thumb/v7e-m+fp/hard\libgcc.a(_udivmoddi4.o)
                0x08004600                __exidx_end = .
                0x08004600                . = ALIGN (0x8)

.rel.dyn        0x08004600        0x0
 .rel.iplt      0x08004600        0x0 c:/dev/tool/gcc-arm-11.2-2022.02-mingw-w64-i686-arm-none-eabi/bin/../lib/gcc/arm-none-eabi/11.2.1/thumb/v7e-m+fp/hard/crtbegin.o

.preinit_array  0x08004600        0x0
                0x08004600                . = ALIGN (0x8)
                0x08004600                PROVIDE (__preinit_array_start = .)
 *(.preinit_array*)
                0x08004600                PROVIDE (__preinit_array_end = .)
                0x08004600                . = ALIGN (0x8)

.init_array     0x08004600        0x8
                0x08004600                . = ALIGN (0x8)
                0x08004600                PROVIDE (__init_array_start = .)
 *(SORT_BY_NAME(.init_array.*))
 *(.init_array*)
 .init_array    0x08004600        0x4 c:/dev/tool/gcc-arm-11.2-2022.02-mingw-w64-i686-arm-none-eabi/bin/../lib/gcc/arm-none-eabi/11.2.1/thumb/v7e-m+fp/hard/crtbegin.o
                0x08004604                PROVIDE (__init_array_end = .)
                0x08004608                . = ALIGN (0x8)
 *fill*         0x08004604        0x4 

.fini_array     0x08004608        0x8
                0x08004608                . = ALIGN (0x8)
                [!provide]                PROVIDE (__fini_array_start = .)
 *(SORT_BY_NAME(.fini_array.*))
 *(.fini_array*)
 .fini_array    0x08004608        0x4 c:/dev/tool/gcc-arm-11.2-2022.02-mingw-w64-i686-arm-none-eabi/bin/../lib/gcc/arm-none-eabi/11.2.1/thumb/v7e-m+fp/hard/crtbegin.o
                [!provide]                PROVIDE (__fini_array_end = .)
                0x08004610                . = ALIGN (0x8)
 *fill*         0x0800460c        0x4 
                0x08004610                _sidata = LOADADDR (.data)

.data           0x20000000       0x10 load address 0x08004610
                0x20000000                . = ALIGN (0x8)
                0x20000000                _sdata = .
 *(.data)
 *(.data*)
 .data.uwTickFreq
                0x20000000        0x1 build/stm32l4xx_hal.o
                0x20000000                uwTickFreq
 *fill*         0x20000001        0x3 
 .data.uwTickPrio
                0x20000004        0x4 build/stm32l4xx_hal.o
                0x20000004                uwTickPrio
 .data.SystemCoreClock
                0x20000008        0x4 build/system_stm32l4xx.o
                0x20000008                SystemCoreClock
 .data.uxCriticalNesting
                0x2000000c        0x4 build/port.o
                0x20000010                . = ALIGN (0x8)
                0x20000010                _edata = .

.tm_clone_table
                0x20000010        0x0 load address 0x08004620
 .tm_clone_table
                0x20000010        0x0 c:/dev/tool/gcc-arm-11.2-2022.02-mingw-w64-i686-arm-none-eabi/bin/../lib/gcc/arm-none-eabi/11.2.1/thumb/v7e-m+fp/hard/crtbegin.o
 .tm_clone_table
                0x20000010        0x0 c:/dev/tool/gcc-arm-11.2-2022.02-mingw-w64-i686-arm-none-eabi/bin/../lib/gcc/arm-none-eabi/11.2.1/thumb/v7e-m+fp/hard/crtend.o

.igot.plt       0x20000010        0x0 load address 0x08004620
 .igot.plt      0x20000010        0x0 c:/dev/tool/gcc-arm-11.2-2022.02-mingw-w64-i686-arm-none-eabi/bin/../lib/gcc/arm-none-eabi/11.2.1/thumb/v7e-m+fp/hard/crtbegin.o
                0x20000010                . = ALIGN (0x4)

.bss            0x20000010     0x1ee4 load address 0x08004620
                0x20000010                _sbss = .
                0x20000010                __bss_start__ = _sbss
 *(.bss)
 *(.bss*)
 .bss.completed.1
                0x20000010        0x1 c:/dev/tool/gcc-arm-11.2-2022.02-mingw-w64-i686-arm-none-eabi/bin/../lib/gcc/arm-none-eabi/11.2.1/thumb/v7e-m+fp/hard/crtbegin.o
 *fill*         0x20000011        0x3 
 .bss.object.0  0x20000014       0x18 c:/dev/tool/gcc-arm-11.2-2022.02-mingw-w64-i686-arm-none-eabi/bin/../lib/gcc/arm-none-eabi/11.2.1/thumb/v7e-m+fp/hard/crtbegin.o
 .bss.defaultTaskHandle
                0x2000002c        0x4 build/main.o
                0x2000002c                defaultTaskHandle
 .bss.huart1    0x20000030       0x84 build/main.o
                0x20000030                huart1
 .bss.htim7     0x200000b4       0x4c build/stm32l4xx_hal_timebase_tim.o
                0x200000b4                htim7
 .bss.uwTick    0x20000100        0x4 build/stm32l4xx_hal.o
                0x20000100                uwTick
 .bss.xQueueRegistry
                0x20000104       0x40 build/queue.o
                0x20000104                xQueueRegistry
 .bss.pxCurrentTCB
                0x20000144        0x4 build/tasks.o
                0x20000144                pxCurrentTCB
 .bss.pxDelayedTaskList
                0x20000148        0x4 build/tasks.o
 .bss.pxOverflowDelayedTaskList
                0x2000014c        0x4 build/tasks.o
 .bss.pxReadyTasksLists
                0x20000150      0x460 build/tasks.o
 .bss.uxCurrentNumberOfTasks
                0x200005b0        0x4 build/tasks.o
 .bss.uxDeletedTasksWaitingCleanUp
                0x200005b4        0x4 build/tasks.o
 .bss.uxSchedulerSuspended
                0x200005b8        0x4 build/tasks.o
 .bss.uxTaskNumber
                0x200005bc        0x4 build/tasks.o
 .bss.uxTopReadyPriority
                0x200005c0        0x4 build/tasks.o
 .bss.xDelayedTaskList1
                0x200005c4       0x14 build/tasks.o
 .bss.xDelayedTaskList2
                0x200005d8       0x14 build/tasks.o
 .bss.xIdleTaskHandle
                0x200005ec        0x4 build/tasks.o
 .bss.xNextTaskUnblockTime
                0x200005f0        0x4 build/tasks.o
 .bss.xNumOfOverflows
                0x200005f4        0x4 build/tasks.o
 .bss.xPendedTicks
                0x200005f8        0x4 build/tasks.o
 .bss.xPendingReadyList
                0x200005fc       0x14 build/tasks.o
 .bss.xSchedulerRunning
                0x20000610        0x4 build/tasks.o
 .bss.xSuspendedTaskList
                0x20000614       0x14 build/tasks.o
 .bss.xTasksWaitingTermination
                0x20000628       0x14 build/tasks.o
 .bss.xTickCount
                0x2000063c        0x4 build/tasks.o
 .bss.xYieldPending
                0x20000640        0x4 build/tasks.o
 .bss.pxCurrentTimerList
                0x20000644        0x4 build/timers.o
 .bss.pxOverflowTimerList
                0x20000648        0x4 build/timers.o
 .bss.ucStaticTimerQueueStorage.1
                0x2000064c       0xa0 build/timers.o
 .bss.xActiveTimerList1
                0x200006ec       0x14 build/timers.o
 .bss.xActiveTimerList2
                0x20000700       0x14 build/timers.o
 .bss.xLastTime.2
                0x20000714        0x4 build/timers.o
 .bss.xStaticTimerQueue.0
                0x20000718       0x50 build/timers.o
 .bss.xTimerQueue
                0x20000768        0x4 build/timers.o
 .bss.xTimerTaskHandle
                0x2000076c        0x4 build/timers.o
 .bss.Idle_Stack.2
                0x20000770      0x200 build/cmsis_os2.o
 .bss.Idle_TCB.3
                0x20000970       0x5c build/cmsis_os2.o
 .bss.KernelState
                0x200009cc        0x4 build/cmsis_os2.o
 .bss.Timer_Stack.0
                0x200009d0      0x400 build/cmsis_os2.o
 .bss.Timer_TCB.1
                0x20000dd0       0x5c build/cmsis_os2.o
 .bss.pxEnd     0x20000e2c        0x4 build/heap_4.o
 .bss.ucHeap    0x20000e30      0xbb8 build/heap_4.o
 .bss.xBlockAllocatedBit
                0x200019e8        0x4 build/heap_4.o
 .bss.xFreeBytesRemaining
                0x200019ec        0x4 build/heap_4.o
 .bss.xMinimumEverFreeBytesRemaining
                0x200019f0        0x4 build/heap_4.o
 .bss.xNumberOfSuccessfulAllocations
                0x200019f4        0x4 build/heap_4.o
 .bss.xNumberOfSuccessfulFrees
                0x200019f8        0x4 build/heap_4.o
 .bss.xStart    0x200019fc        0x8 build/heap_4.o
 .bss.ucMaxSysCallPriority
                0x20001a04        0x1 build/port.o
 *fill*         0x20001a05        0x3 
 .bss.ulMaxPRIGROUPValue
                0x20001a08        0x4 build/port.o
 .bss._SEGGER_RTT
                0x20001a0c       0xa8 build/SEGGER_RTT.o
                0x20001a0c                _SEGGER_RTT
 .bss._acDownBuffer
                0x20001ab4       0x40 build/SEGGER_RTT.o
 .bss._acUpBuffer
                0x20001af4      0x400 build/SEGGER_RTT.o
 *(COMMON)
                0x20001ef4                . = ALIGN (0x4)
                0x20001ef4                _ebss = .
                0x20001ef4                __bss_end__ = _ebss

._user_heap_stack
                0x20001ef4      0x604 load address 0x08004620
                0x20001ef8                . = ALIGN (0x8)
 *fill*         0x20001ef4        0x4 
                [!provide]                PROVIDE (end = .)
                [!provide]                PROVIDE (_end = .)
                0x200020f8                . = (. + _Min_Heap_Size)
 *fill*         0x20001ef8      0x200 
                0x200024f8                . = (. + _Min_Stack_Size)
 *fill*         0x200020f8      0x400 
                0x200024f8                . = ALIGN (0x8)

/DISCARD/
 libc.a(*)
 libm.a(*)
 libgcc.a(*)

.ARM.attributes
                0x00000000       0x30
 *(.ARM.attributes)
 .ARM.attributes
                0x00000000       0x1e c:/dev/tool/gcc-arm-11.2-2022.02-mingw-w64-i686-arm-none-eabi/bin/../lib/gcc/arm-none-eabi/11.2.1/thumb/v7e-m+fp/hard/crti.o
 .ARM.attributes
                0x0000001e       0x34 c:/dev/tool/gcc-arm-11.2-2022.02-mingw-w64-i686-arm-none-eabi/bin/../lib/gcc/arm-none-eabi/11.2.1/thumb/v7e-m+fp/hard/crtbegin.o
 .ARM.attributes
                0x00000052       0x34 build/main.o
 .ARM.attributes
                0x00000086       0x34 build/stm32l4xx_it.o
 .ARM.attributes
                0x000000ba       0x34 build/stm32l4xx_hal_msp.o
 .ARM.attributes
                0x000000ee       0x34 build/stm32l4xx_hal_timebase_tim.o
 .ARM.attributes
                0x00000122       0x34 build/stm32l4xx_hal.o
 .ARM.attributes
                0x00000156       0x34 build/stm32l4xx_hal_rcc.o
 .ARM.attributes
                0x0000018a       0x34 build/stm32l4xx_hal_rcc_ex.o
 .ARM.attributes
                0x000001be       0x34 build/stm32l4xx_hal_gpio.o
 .ARM.attributes
                0x000001f2       0x34 build/stm32l4xx_hal_pwr_ex.o
 .ARM.attributes
                0x00000226       0x34 build/stm32l4xx_hal_cortex.o
 .ARM.attributes
                0x0000025a       0x34 build/stm32l4xx_hal_tim.o
 .ARM.attributes
                0x0000028e       0x34 build/stm32l4xx_hal_tim_ex.o
 .ARM.attributes
                0x000002c2       0x34 build/stm32l4xx_hal_uart.o
 .ARM.attributes
                0x000002f6       0x34 build/system_stm32l4xx.o
 .ARM.attributes
                0x0000032a       0x34 build/list.o
 .ARM.attributes
                0x0000035e       0x34 build/queue.o
 .ARM.attributes
                0x00000392       0x34 build/tasks.o
 .ARM.attributes
                0x000003c6       0x34 build/timers.o
 .ARM.attributes
                0x000003fa       0x34 build/cmsis_os2.o
 .ARM.attributes
                0x0000042e       0x34 build/heap_4.o
 .ARM.attributes
                0x00000462       0x34 build/port.o
 .ARM.attributes
                0x00000496       0x34 build/SEGGER_RTT.o
 .ARM.attributes
                0x000004ca       0x34 build/SEGGER_RTT_printf.o
 .ARM.attributes
                0x000004fe       0x21 build/startup_stm32l431xx.o
 .ARM.attributes
                0x0000051f       0x34 c:/dev/tool/gcc-arm-11.2-2022.02-mingw-w64-i686-arm-none-eabi/bin/../lib/gcc/arm-none-eabi/11.2.1/thumb/v7e-m+fp/hard\libc_nano.a(lib_a-init.o)
 .ARM.attributes
                0x00000553       0x34 c:/dev/tool/gcc-arm-11.2-2022.02-mingw-w64-i686-arm-none-eabi/bin/../lib/gcc/arm-none-eabi/11.2.1/thumb/v7e-m+fp/hard\libc_nano.a(lib_a-memcpy-stub.o)
 .ARM.attributes
                0x00000587       0x34 c:/dev/tool/gcc-arm-11.2-2022.02-mingw-w64-i686-arm-none-eabi/bin/../lib/gcc/arm-none-eabi/11.2.1/thumb/v7e-m+fp/hard\libc_nano.a(lib_a-memset.o)
 .ARM.attributes
                0x000005bb       0x1e c:/dev/tool/gcc-arm-11.2-2022.02-mingw-w64-i686-arm-none-eabi/bin/../lib/gcc/arm-none-eabi/11.2.1/thumb/v7e-m+fp/hard\libgcc.a(_aeabi_uldivmod.o)
 .ARM.attributes
                0x000005d9       0x34 c:/dev/tool/gcc-arm-11.2-2022.02-mingw-w64-i686-arm-none-eabi/bin/../lib/gcc/arm-none-eabi/11.2.1/thumb/v7e-m+fp/hard\libgcc.a(_udivmoddi4.o)
 .ARM.attributes
                0x0000060d       0x1e c:/dev/tool/gcc-arm-11.2-2022.02-mingw-w64-i686-arm-none-eabi/bin/../lib/gcc/arm-none-eabi/11.2.1/thumb/v7e-m+fp/hard\libgcc.a(_dvmd_tls.o)
 .ARM.attributes
                0x0000062b       0x34 c:/dev/tool/gcc-arm-11.2-2022.02-mingw-w64-i686-arm-none-eabi/bin/../lib/gcc/arm-none-eabi/11.2.1/thumb/v7e-m+fp/hard/crtend.o
 .ARM.attributes
                0x0000065f       0x1e c:/dev/tool/gcc-arm-11.2-2022.02-mingw-w64-i686-arm-none-eabi/bin/../lib/gcc/arm-none-eabi/11.2.1/thumb/v7e-m+fp/hard/crtn.o
OUTPUT(build/Test01.elf elf32-littlearm)
LOAD linker stubs
LOAD c:/dev/tool/gcc-arm-11.2-2022.02-mingw-w64-i686-arm-none-eabi/bin/../lib/gcc/arm-none-eabi/11.2.1/thumb/v7e-m+fp/hard\libc.a
LOAD c:/dev/tool/gcc-arm-11.2-2022.02-mingw-w64-i686-arm-none-eabi/bin/../lib/gcc/arm-none-eabi/11.2.1/thumb/v7e-m+fp/hard\libm.a
LOAD c:/dev/tool/gcc-arm-11.2-2022.02-mingw-w64-i686-arm-none-eabi/bin/../lib/gcc/arm-none-eabi/11.2.1/thumb/v7e-m+fp/hard\libgcc.a

.comment        0x00000000       0x57
 .comment       0x00000000       0x57 c:/dev/tool/gcc-arm-11.2-2022.02-mingw-w64-i686-arm-none-eabi/bin/../lib/gcc/arm-none-eabi/11.2.1/thumb/v7e-m+fp/hard/crtbegin.o
                                 0x58 (size before relaxing)
 .comment       0x00000057       0x58 build/main.o
 .comment       0x00000057       0x58 build/stm32l4xx_it.o
 .comment       0x00000057       0x58 build/stm32l4xx_hal_msp.o
 .comment       0x00000057       0x58 build/stm32l4xx_hal_timebase_tim.o
 .comment       0x00000057       0x58 build/stm32l4xx_hal.o
 .comment       0x00000057       0x58 build/stm32l4xx_hal_rcc.o
 .comment       0x00000057       0x58 build/stm32l4xx_hal_rcc_ex.o
 .comment       0x00000057       0x58 build/stm32l4xx_hal_gpio.o
 .comment       0x00000057       0x58 build/stm32l4xx_hal_pwr_ex.o
 .comment       0x00000057       0x58 build/stm32l4xx_hal_cortex.o
 .comment       0x00000057       0x58 build/stm32l4xx_hal_tim.o
 .comment       0x00000057       0x58 build/stm32l4xx_hal_tim_ex.o
 .comment       0x00000057       0x58 build/stm32l4xx_hal_uart.o
 .comment       0x00000057       0x58 build/system_stm32l4xx.o
 .comment       0x00000057       0x58 build/list.o
 .comment       0x00000057       0x58 build/queue.o
 .comment       0x00000057       0x58 build/tasks.o
 .comment       0x00000057       0x58 build/timers.o
 .comment       0x00000057       0x58 build/cmsis_os2.o
 .comment       0x00000057       0x58 build/heap_4.o
 .comment       0x00000057       0x58 build/port.o
 .comment       0x00000057       0x58 build/SEGGER_RTT.o
 .comment       0x00000057       0x58 build/SEGGER_RTT_printf.o
 .comment       0x00000057       0x58 c:/dev/tool/gcc-arm-11.2-2022.02-mingw-w64-i686-arm-none-eabi/bin/../lib/gcc/arm-none-eabi/11.2.1/thumb/v7e-m+fp/hard\libc_nano.a(lib_a-init.o)
 .comment       0x00000057       0x58 c:/dev/tool/gcc-arm-11.2-2022.02-mingw-w64-i686-arm-none-eabi/bin/../lib/gcc/arm-none-eabi/11.2.1/thumb/v7e-m+fp/hard\libc_nano.a(lib_a-memcpy-stub.o)
 .comment       0x00000057       0x58 c:/dev/tool/gcc-arm-11.2-2022.02-mingw-w64-i686-arm-none-eabi/bin/../lib/gcc/arm-none-eabi/11.2.1/thumb/v7e-m+fp/hard\libc_nano.a(lib_a-memset.o)
 .comment       0x00000057       0x58 c:/dev/tool/gcc-arm-11.2-2022.02-mingw-w64-i686-arm-none-eabi/bin/../lib/gcc/arm-none-eabi/11.2.1/thumb/v7e-m+fp/hard\libgcc.a(_udivmoddi4.o)
 .comment       0x00000057       0x58 c:/dev/tool/gcc-arm-11.2-2022.02-mingw-w64-i686-arm-none-eabi/bin/../lib/gcc/arm-none-eabi/11.2.1/thumb/v7e-m+fp/hard/crtend.o

.debug_info     0x00000000    0x256cc
 .debug_info    0x00000000     0x19b6 build/main.o
 .debug_info    0x000019b6      0x837 build/stm32l4xx_it.o
 .debug_info    0x000021ed     0x10a0 build/stm32l4xx_hal_msp.o
 .debug_info    0x0000328d      0xdf6 build/stm32l4xx_hal_timebase_tim.o
 .debug_info    0x00004083      0xcb6 build/stm32l4xx_hal.o
 .debug_info    0x00004d39     0x1072 build/stm32l4xx_hal_rcc.o
 .debug_info    0x00005dab     0x13ec build/stm32l4xx_hal_rcc_ex.o
 .debug_info    0x00007197      0x91c build/stm32l4xx_hal_gpio.o
 .debug_info    0x00007ab3      0xaa3 build/stm32l4xx_hal_pwr_ex.o
 .debug_info    0x00008556     0x111a build/stm32l4xx_hal_cortex.o
 .debug_info    0x00009670     0x41f1 build/stm32l4xx_hal_tim.o
 .debug_info    0x0000d861     0x1fb8 build/stm32l4xx_hal_tim_ex.o
 .debug_info    0x0000f819     0x5434 build/stm32l4xx_hal_uart.o
 .debug_info    0x00014c4d      0x682 build/system_stm32l4xx.o
 .debug_info    0x000152cf      0x30f build/list.o
 .debug_info    0x000155de     0x2a15 build/queue.o
 .debug_info    0x00017ff3     0x33a0 build/tasks.o
 .debug_info    0x0001b393     0x1d07 build/timers.o
 .debug_info    0x0001d09a     0x5276 build/cmsis_os2.o
 .debug_info    0x00022310      0x61a build/heap_4.o
 .debug_info    0x0002292a      0x5c2 build/port.o
 .debug_info    0x00022eec     0x168b build/SEGGER_RTT.o
 .debug_info    0x00024577      0x6fc build/SEGGER_RTT_printf.o
 .debug_info    0x00024c73       0x22 build/startup_stm32l431xx.o
 .debug_info    0x00024c95      0x10b c:/dev/tool/gcc-arm-11.2-2022.02-mingw-w64-i686-arm-none-eabi/bin/../lib/gcc/arm-none-eabi/11.2.1/thumb/v7e-m+fp/hard\libc_nano.a(lib_a-init.o)
 .debug_info    0x00024da0      0x121 c:/dev/tool/gcc-arm-11.2-2022.02-mingw-w64-i686-arm-none-eabi/bin/../lib/gcc/arm-none-eabi/11.2.1/thumb/v7e-m+fp/hard\libc_nano.a(lib_a-memcpy-stub.o)
 .debug_info    0x00024ec1       0xe0 c:/dev/tool/gcc-arm-11.2-2022.02-mingw-w64-i686-arm-none-eabi/bin/../lib/gcc/arm-none-eabi/11.2.1/thumb/v7e-m+fp/hard\libc_nano.a(lib_a-memset.o)
 .debug_info    0x00024fa1       0x24 c:/dev/tool/gcc-arm-11.2-2022.02-mingw-w64-i686-arm-none-eabi/bin/../lib/gcc/arm-none-eabi/11.2.1/thumb/v7e-m+fp/hard\libgcc.a(_aeabi_uldivmod.o)
 .debug_info    0x00024fc5      0x6e3 c:/dev/tool/gcc-arm-11.2-2022.02-mingw-w64-i686-arm-none-eabi/bin/../lib/gcc/arm-none-eabi/11.2.1/thumb/v7e-m+fp/hard\libgcc.a(_udivmoddi4.o)
 .debug_info    0x000256a8       0x24 c:/dev/tool/gcc-arm-11.2-2022.02-mingw-w64-i686-arm-none-eabi/bin/../lib/gcc/arm-none-eabi/11.2.1/thumb/v7e-m+fp/hard\libgcc.a(_dvmd_tls.o)

.debug_abbrev   0x00000000     0x42d3
 .debug_abbrev  0x00000000      0x2e5 build/main.o
 .debug_abbrev  0x000002e5      0x194 build/stm32l4xx_it.o
 .debug_abbrev  0x00000479      0x1ee build/stm32l4xx_hal_msp.o
 .debug_abbrev  0x00000667      0x21a build/stm32l4xx_hal_timebase_tim.o
 .debug_abbrev  0x00000881      0x284 build/stm32l4xx_hal.o
 .debug_abbrev  0x00000b05      0x2de build/stm32l4xx_hal_rcc.o
 .debug_abbrev  0x00000de3      0x2c2 build/stm32l4xx_hal_rcc_ex.o
 .debug_abbrev  0x000010a5      0x222 build/stm32l4xx_hal_gpio.o
 .debug_abbrev  0x000012c7      0x233 build/stm32l4xx_hal_pwr_ex.o
 .debug_abbrev  0x000014fa      0x371 build/stm32l4xx_hal_cortex.o
 .debug_abbrev  0x0000186b      0x2bd build/stm32l4xx_hal_tim.o
 .debug_abbrev  0x00001b28      0x2b7 build/stm32l4xx_hal_tim_ex.o
 .debug_abbrev  0x00001ddf      0x32f build/stm32l4xx_hal_uart.o
 .debug_abbrev  0x0000210e      0x11b build/system_stm32l4xx.o
 .debug_abbrev  0x00002229      0x124 build/list.o
 .debug_abbrev  0x0000234d      0x431 build/queue.o
 .debug_abbrev  0x0000277e      0x400 build/tasks.o
 .debug_abbrev  0x00002b7e      0x3d4 build/timers.o
 .debug_abbrev  0x00002f52      0x5ca build/cmsis_os2.o
 .debug_abbrev  0x0000351c      0x27a build/heap_4.o
 .debug_abbrev  0x00003796      0x2af build/port.o
 .debug_abbrev  0x00003a45      0x2a0 build/SEGGER_RTT.o
 .debug_abbrev  0x00003ce5      0x222 build/SEGGER_RTT_printf.o
 .debug_abbrev  0x00003f07       0x12 build/startup_stm32l431xx.o
 .debug_abbrev  0x00003f19       0xc9 c:/dev/tool/gcc-arm-11.2-2022.02-mingw-w64-i686-arm-none-eabi/bin/../lib/gcc/arm-none-eabi/11.2.1/thumb/v7e-m+fp/hard\libc_nano.a(lib_a-init.o)
 .debug_abbrev  0x00003fe2       0xc1 c:/dev/tool/gcc-arm-11.2-2022.02-mingw-w64-i686-arm-none-eabi/bin/../lib/gcc/arm-none-eabi/11.2.1/thumb/v7e-m+fp/hard\libc_nano.a(lib_a-memcpy-stub.o)
 .debug_abbrev  0x000040a3       0x9e c:/dev/tool/gcc-arm-11.2-2022.02-mingw-w64-i686-arm-none-eabi/bin/../lib/gcc/arm-none-eabi/11.2.1/thumb/v7e-m+fp/hard\libc_nano.a(lib_a-memset.o)
 .debug_abbrev  0x00004141       0x14 c:/dev/tool/gcc-arm-11.2-2022.02-mingw-w64-i686-arm-none-eabi/bin/../lib/gcc/arm-none-eabi/11.2.1/thumb/v7e-m+fp/hard\libgcc.a(_aeabi_uldivmod.o)
 .debug_abbrev  0x00004155      0x16a c:/dev/tool/gcc-arm-11.2-2022.02-mingw-w64-i686-arm-none-eabi/bin/../lib/gcc/arm-none-eabi/11.2.1/thumb/v7e-m+fp/hard\libgcc.a(_udivmoddi4.o)
 .debug_abbrev  0x000042bf       0x14 c:/dev/tool/gcc-arm-11.2-2022.02-mingw-w64-i686-arm-none-eabi/bin/../lib/gcc/arm-none-eabi/11.2.1/thumb/v7e-m+fp/hard\libgcc.a(_dvmd_tls.o)

.debug_loc      0x00000000    0x205e5
 .debug_loc     0x00000000      0x165 build/main.o
 .debug_loc     0x00000165       0x40 build/stm32l4xx_it.o
 .debug_loc     0x000001a5      0x102 build/stm32l4xx_hal_msp.o
 .debug_loc     0x000002a7       0xcd build/stm32l4xx_hal_timebase_tim.o
 .debug_loc     0x00000374      0x2af build/stm32l4xx_hal.o
 .debug_loc     0x00000623      0x9e0 build/stm32l4xx_hal_rcc.o
 .debug_loc     0x00001003     0x18d2 build/stm32l4xx_hal_rcc_ex.o
 .debug_loc     0x000028d5      0x46f build/stm32l4xx_hal_gpio.o
 .debug_loc     0x00002d44      0x76f build/stm32l4xx_hal_pwr_ex.o
 .debug_loc     0x000034b3      0x831 build/stm32l4xx_hal_cortex.o
 .debug_loc     0x00003ce4     0x5ff6 build/stm32l4xx_hal_tim.o
 .debug_loc     0x00009cda     0x2865 build/stm32l4xx_hal_tim_ex.o
 .debug_loc     0x0000c53f     0x52ab build/stm32l4xx_hal_uart.o
 .debug_loc     0x000117ea      0x127 build/system_stm32l4xx.o
 .debug_loc     0x00011911       0xe5 build/list.o
 .debug_loc     0x000119f6     0x1f67 build/queue.o
 .debug_loc     0x0001395d     0x2b67 build/tasks.o
 .debug_loc     0x000164c4     0x1579 build/timers.o
 .debug_loc     0x00017a3d     0x5dca build/cmsis_os2.o
 .debug_loc     0x0001d807      0x4e4 build/heap_4.o
 .debug_loc     0x0001dceb      0x1c0 build/port.o
 .debug_loc     0x0001deab     0x1e5d build/SEGGER_RTT.o
 .debug_loc     0x0001fd08      0x8dd build/SEGGER_RTT_printf.o

.debug_aranges  0x00000000     0x17a0
 .debug_aranges
                0x00000000       0x50 build/main.o
 .debug_aranges
                0x00000050       0x58 build/stm32l4xx_it.o
 .debug_aranges
                0x000000a8       0x30 build/stm32l4xx_hal_msp.o
 .debug_aranges
                0x000000d8       0x30 build/stm32l4xx_hal_timebase_tim.o
 .debug_aranges
                0x00000108      0x130 build/stm32l4xx_hal.o
 .debug_aranges
                0x00000238       0x90 build/stm32l4xx_hal_rcc.o
 .debug_aranges
                0x000002c8       0xf0 build/stm32l4xx_hal_rcc_ex.o
 .debug_aranges
                0x000003b8       0x58 build/stm32l4xx_hal_gpio.o
 .debug_aranges
                0x00000410      0x100 build/stm32l4xx_hal_pwr_ex.o
 .debug_aranges
                0x00000510       0xa8 build/stm32l4xx_hal_cortex.o
 .debug_aranges
                0x000005b8      0x3e0 build/stm32l4xx_hal_tim.o
 .debug_aranges
                0x00000998      0x180 build/stm32l4xx_hal_tim_ex.o
 .debug_aranges
                0x00000b18      0x228 build/stm32l4xx_hal_uart.o
 .debug_aranges
                0x00000d40       0x28 build/system_stm32l4xx.o
 .debug_aranges
                0x00000d68       0x40 build/list.o
 .debug_aranges
                0x00000da8      0x158 build/queue.o
 .debug_aranges
                0x00000f00      0x208 build/tasks.o
 .debug_aranges
                0x00001108       0xf0 build/timers.o
 .debug_aranges
                0x000011f8      0x2a0 build/cmsis_os2.o
 .debug_aranges
                0x00001498       0x58 build/heap_4.o
 .debug_aranges
                0x000014f0       0x80 build/port.o
 .debug_aranges
                0x00001570      0x108 build/SEGGER_RTT.o
 .debug_aranges
                0x00001678       0x40 build/SEGGER_RTT_printf.o
 .debug_aranges
                0x000016b8       0x28 build/startup_stm32l431xx.o
 .debug_aranges
                0x000016e0       0x20 c:/dev/tool/gcc-arm-11.2-2022.02-mingw-w64-i686-arm-none-eabi/bin/../lib/gcc/arm-none-eabi/11.2.1/thumb/v7e-m+fp/hard\libc_nano.a(lib_a-init.o)
 .debug_aranges
                0x00001700       0x20 c:/dev/tool/gcc-arm-11.2-2022.02-mingw-w64-i686-arm-none-eabi/bin/../lib/gcc/arm-none-eabi/11.2.1/thumb/v7e-m+fp/hard\libc_nano.a(lib_a-memcpy-stub.o)
 .debug_aranges
                0x00001720       0x20 c:/dev/tool/gcc-arm-11.2-2022.02-mingw-w64-i686-arm-none-eabi/bin/../lib/gcc/arm-none-eabi/11.2.1/thumb/v7e-m+fp/hard\libc_nano.a(lib_a-memset.o)
 .debug_aranges
                0x00001740       0x20 c:/dev/tool/gcc-arm-11.2-2022.02-mingw-w64-i686-arm-none-eabi/bin/../lib/gcc/arm-none-eabi/11.2.1/thumb/v7e-m+fp/hard\libgcc.a(_aeabi_uldivmod.o)
 .debug_aranges
                0x00001760       0x20 c:/dev/tool/gcc-arm-11.2-2022.02-mingw-w64-i686-arm-none-eabi/bin/../lib/gcc/arm-none-eabi/11.2.1/thumb/v7e-m+fp/hard\libgcc.a(_udivmoddi4.o)
 .debug_aranges
                0x00001780       0x20 c:/dev/tool/gcc-arm-11.2-2022.02-mingw-w64-i686-arm-none-eabi/bin/../lib/gcc/arm-none-eabi/11.2.1/thumb/v7e-m+fp/hard\libgcc.a(_dvmd_tls.o)

.debug_ranges   0x00000000     0x18d8
 .debug_ranges  0x00000000       0x40 build/main.o
 .debug_ranges  0x00000040       0x48 build/stm32l4xx_it.o
 .debug_ranges  0x00000088       0x20 build/stm32l4xx_hal_msp.o
 .debug_ranges  0x000000a8       0x20 build/stm32l4xx_hal_timebase_tim.o
 .debug_ranges  0x000000c8      0x120 build/stm32l4xx_hal.o
 .debug_ranges  0x000001e8       0x98 build/stm32l4xx_hal_rcc.o
 .debug_ranges  0x00000280       0xf8 build/stm32l4xx_hal_rcc_ex.o
 .debug_ranges  0x00000378       0x48 build/stm32l4xx_hal_gpio.o
 .debug_ranges  0x000003c0       0xf0 build/stm32l4xx_hal_pwr_ex.o
 .debug_ranges  0x000004b0       0xf8 build/stm32l4xx_hal_cortex.o
 .debug_ranges  0x000005a8      0x3d0 build/stm32l4xx_hal_tim.o
 .debug_ranges  0x00000978      0x170 build/stm32l4xx_hal_tim_ex.o
 .debug_ranges  0x00000ae8      0x230 build/stm32l4xx_hal_uart.o
 .debug_ranges  0x00000d18       0x18 build/system_stm32l4xx.o
 .debug_ranges  0x00000d30       0x30 build/list.o
 .debug_ranges  0x00000d60      0x218 build/queue.o
 .debug_ranges  0x00000f78      0x338 build/tasks.o
 .debug_ranges  0x000012b0       0xe0 build/timers.o
 .debug_ranges  0x00001390      0x290 build/cmsis_os2.o
 .debug_ranges  0x00001620       0x48 build/heap_4.o
 .debug_ranges  0x00001668       0x88 build/port.o
 .debug_ranges  0x000016f0      0x198 build/SEGGER_RTT.o
 .debug_ranges  0x00001888       0x30 build/SEGGER_RTT_printf.o
 .debug_ranges  0x000018b8       0x20 build/startup_stm32l431xx.o

.debug_line     0x00000000    0x1c6f7
 .debug_line    0x00000000      0x4f8 build/main.o
 .debug_line    0x000004f8      0x2c4 build/stm32l4xx_it.o
 .debug_line    0x000007bc      0x302 build/stm32l4xx_hal_msp.o
 .debug_line    0x00000abe      0x298 build/stm32l4xx_hal_timebase_tim.o
 .debug_line    0x00000d56      0x6a8 build/stm32l4xx_hal.o
 .debug_line    0x000013fe      0xf5d build/stm32l4xx_hal_rcc.o
 .debug_line    0x0000235b     0x137c build/stm32l4xx_hal_rcc_ex.o
 .debug_line    0x000036d7      0x688 build/stm32l4xx_hal_gpio.o
 .debug_line    0x00003d5f      0x873 build/stm32l4xx_hal_pwr_ex.o
 .debug_line    0x000045d2      0x782 build/stm32l4xx_hal_cortex.o
 .debug_line    0x00004d54     0x4d22 build/stm32l4xx_hal_tim.o
 .debug_line    0x00009a76     0x1e63 build/stm32l4xx_hal_tim_ex.o
 .debug_line    0x0000b8d9     0x5252 build/stm32l4xx_hal_uart.o
 .debug_line    0x00010b2b      0x2a8 build/system_stm32l4xx.o
 .debug_line    0x00010dd3      0x36f build/list.o
 .debug_line    0x00011142     0x1fac build/queue.o
 .debug_line    0x000130ee     0x2ca4 build/tasks.o
 .debug_line    0x00015d92      0xee1 build/timers.o
 .debug_line    0x00016c73     0x2ab8 build/cmsis_os2.o
 .debug_line    0x0001972b      0x73b build/heap_4.o
 .debug_line    0x00019e66      0x6e5 build/port.o
 .debug_line    0x0001a54b      0xff2 build/SEGGER_RTT.o
 .debug_line    0x0001b53d      0x641 build/SEGGER_RTT_printf.o
 .debug_line    0x0001bb7e       0x76 build/startup_stm32l431xx.o
 .debug_line    0x0001bbf4      0x17f c:/dev/tool/gcc-arm-11.2-2022.02-mingw-w64-i686-arm-none-eabi/bin/../lib/gcc/arm-none-eabi/11.2.1/thumb/v7e-m+fp/hard\libc_nano.a(lib_a-init.o)
 .debug_line    0x0001bd73      0x191 c:/dev/tool/gcc-arm-11.2-2022.02-mingw-w64-i686-arm-none-eabi/bin/../lib/gcc/arm-none-eabi/11.2.1/thumb/v7e-m+fp/hard\libc_nano.a(lib_a-memcpy-stub.o)
 .debug_line    0x0001bf04      0x176 c:/dev/tool/gcc-arm-11.2-2022.02-mingw-w64-i686-arm-none-eabi/bin/../lib/gcc/arm-none-eabi/11.2.1/thumb/v7e-m+fp/hard\libc_nano.a(lib_a-memset.o)
 .debug_line    0x0001c07a       0x4e c:/dev/tool/gcc-arm-11.2-2022.02-mingw-w64-i686-arm-none-eabi/bin/../lib/gcc/arm-none-eabi/11.2.1/thumb/v7e-m+fp/hard\libgcc.a(_aeabi_uldivmod.o)
 .debug_line    0x0001c0c8      0x5e5 c:/dev/tool/gcc-arm-11.2-2022.02-mingw-w64-i686-arm-none-eabi/bin/../lib/gcc/arm-none-eabi/11.2.1/thumb/v7e-m+fp/hard\libgcc.a(_udivmoddi4.o)
 .debug_line    0x0001c6ad       0x4a c:/dev/tool/gcc-arm-11.2-2022.02-mingw-w64-i686-arm-none-eabi/bin/../lib/gcc/arm-none-eabi/11.2.1/thumb/v7e-m+fp/hard\libgcc.a(_dvmd_tls.o)

.debug_str      0x00000000     0x896c
 .debug_str     0x00000000     0x158b build/main.o
                               0x168d (size before relaxing)
 .debug_str     0x0000158b       0xd4 build/stm32l4xx_it.o
                                0x74b (size before relaxing)
 .debug_str     0x0000165f      0x246 build/stm32l4xx_hal_msp.o
                                0xdfd (size before relaxing)
 .debug_str     0x000018a5       0xe3 build/stm32l4xx_hal_timebase_tim.o
                                0xd5d (size before relaxing)
 .debug_str     0x00001988      0x468 build/stm32l4xx_hal.o
                                0xbee (size before relaxing)
 .debug_str     0x00001df0      0x2a0 build/stm32l4xx_hal_rcc.o
                                0x82f (size before relaxing)
 .debug_str     0x00002090      0x4bc build/stm32l4xx_hal_rcc_ex.o
                                0xb60 (size before relaxing)
 .debug_str     0x0000254c       0xea build/stm32l4xx_hal_gpio.o
                                0x514 (size before relaxing)
 .debug_str     0x00002636      0x41a build/stm32l4xx_hal_pwr_ex.o
                                0x704 (size before relaxing)
 .debug_str     0x00002a50      0x425 build/stm32l4xx_hal_cortex.o
                                0xb13 (size before relaxing)
 .debug_str     0x00002e75      0xf53 build/stm32l4xx_hal_tim.o
                               0x16df (size before relaxing)
 .debug_str     0x00003dc8      0x665 build/stm32l4xx_hal_tim_ex.o
                               0x1003 (size before relaxing)
 .debug_str     0x0000442d      0x7d0 build/stm32l4xx_hal_uart.o
                                0xfc5 (size before relaxing)
 .debug_str     0x00004bfd       0x3d build/system_stm32l4xx.o
                                0x3b2 (size before relaxing)
 .debug_str     0x00004c3a      0x14d build/list.o
                                0x2d8 (size before relaxing)
 .debug_str     0x00004d87      0xa22 build/queue.o
                                0xcee (size before relaxing)
 .debug_str     0x000057a9      0xc95 build/tasks.o
                               0x12bd (size before relaxing)
 .debug_str     0x0000643e      0x5d8 build/timers.o
                                0xc1e (size before relaxing)
 .debug_str     0x00006a16      0xbf2 build/cmsis_os2.o
                               0x20a9 (size before relaxing)
 .debug_str     0x00007608      0x2bf build/heap_4.o
                                0x4f1 (size before relaxing)
 .debug_str     0x000078c7      0x17d build/port.o
                                0x458 (size before relaxing)
 .debug_str     0x00007a44      0x40c build/SEGGER_RTT.o
                                0x5b3 (size before relaxing)
 .debug_str     0x00007e50      0x10f build/SEGGER_RTT_printf.o
                                0x2d6 (size before relaxing)
 .debug_str     0x00007f5f       0x22 build/startup_stm32l431xx.o
                                 0x48 (size before relaxing)
 .debug_str     0x00007f81      0x1d5 c:/dev/tool/gcc-arm-11.2-2022.02-mingw-w64-i686-arm-none-eabi/bin/../lib/gcc/arm-none-eabi/11.2.1/thumb/v7e-m+fp/hard\libc_nano.a(lib_a-init.o)
                                0x277 (size before relaxing)
 .debug_str     0x00008156      0x10b c:/dev/tool/gcc-arm-11.2-2022.02-mingw-w64-i686-arm-none-eabi/bin/../lib/gcc/arm-none-eabi/11.2.1/thumb/v7e-m+fp/hard\libc_nano.a(lib_a-memcpy-stub.o)
                                0x23b (size before relaxing)
 .debug_str     0x00008261       0xe8 c:/dev/tool/gcc-arm-11.2-2022.02-mingw-w64-i686-arm-none-eabi/bin/../lib/gcc/arm-none-eabi/11.2.1/thumb/v7e-m+fp/hard\libc_nano.a(lib_a-memset.o)
                                0x218 (size before relaxing)
 .debug_str     0x00008349       0x82 c:/dev/tool/gcc-arm-11.2-2022.02-mingw-w64-i686-arm-none-eabi/bin/../lib/gcc/arm-none-eabi/11.2.1/thumb/v7e-m+fp/hard\libgcc.a(_aeabi_uldivmod.o)
                                 0x8e (size before relaxing)
 .debug_str     0x000083cb      0x595 c:/dev/tool/gcc-arm-11.2-2022.02-mingw-w64-i686-arm-none-eabi/bin/../lib/gcc/arm-none-eabi/11.2.1/thumb/v7e-m+fp/hard\libgcc.a(_udivmoddi4.o)
                                0x6a4 (size before relaxing)
 .debug_str     0x00008960        0xc c:/dev/tool/gcc-arm-11.2-2022.02-mingw-w64-i686-arm-none-eabi/bin/../lib/gcc/arm-none-eabi/11.2.1/thumb/v7e-m+fp/hard\libgcc.a(_dvmd_tls.o)
                                 0x92 (size before relaxing)

.debug_frame    0x00000000     0x40d0
 .debug_frame   0x00000000       0xc0 build/main.o
 .debug_frame   0x000000c0       0xa0 build/stm32l4xx_it.o
 .debug_frame   0x00000160       0x68 build/stm32l4xx_hal_msp.o
 .debug_frame   0x000001c8       0x50 build/stm32l4xx_hal_timebase_tim.o
 .debug_frame   0x00000218      0x274 build/stm32l4xx_hal.o
 .debug_frame   0x0000048c      0x19c build/stm32l4xx_hal_rcc.o
 .debug_frame   0x00000628      0x25c build/stm32l4xx_hal_rcc_ex.o
 .debug_frame   0x00000884       0xd0 build/stm32l4xx_hal_gpio.o
 .debug_frame   0x00000954      0x1f8 build/stm32l4xx_hal_pwr_ex.o
 .debug_frame   0x00000b4c      0x148 build/stm32l4xx_hal_cortex.o
 .debug_frame   0x00000c94      0xb4c build/stm32l4xx_hal_tim.o
 .debug_frame   0x000017e0      0x474 build/stm32l4xx_hal_tim_ex.o
 .debug_frame   0x00001c54      0x600 build/stm32l4xx_hal_uart.o
 .debug_frame   0x00002254       0x30 build/system_stm32l4xx.o
 .debug_frame   0x00002284       0x70 build/list.o
 .debug_frame   0x000022f4      0x458 build/queue.o
 .debug_frame   0x0000274c      0x688 build/tasks.o
 .debug_frame   0x00002dd4      0x30c build/timers.o
 .debug_frame   0x000030e0      0x900 build/cmsis_os2.o
 .debug_frame   0x000039e0       0xd0 build/heap_4.o
 .debug_frame   0x00003ab0      0x110 build/port.o
 .debug_frame   0x00003bc0      0x368 build/SEGGER_RTT.o
 .debug_frame   0x00003f28       0xd4 build/SEGGER_RTT_printf.o
 .debug_frame   0x00003ffc       0x2c c:/dev/tool/gcc-arm-11.2-2022.02-mingw-w64-i686-arm-none-eabi/bin/../lib/gcc/arm-none-eabi/11.2.1/thumb/v7e-m+fp/hard\libc_nano.a(lib_a-init.o)
 .debug_frame   0x00004028       0x28 c:/dev/tool/gcc-arm-11.2-2022.02-mingw-w64-i686-arm-none-eabi/bin/../lib/gcc/arm-none-eabi/11.2.1/thumb/v7e-m+fp/hard\libc_nano.a(lib_a-memcpy-stub.o)
 .debug_frame   0x00004050       0x20 c:/dev/tool/gcc-arm-11.2-2022.02-mingw-w64-i686-arm-none-eabi/bin/../lib/gcc/arm-none-eabi/11.2.1/thumb/v7e-m+fp/hard\libc_nano.a(lib_a-memset.o)
 .debug_frame   0x00004070       0x2c c:/dev/tool/gcc-arm-11.2-2022.02-mingw-w64-i686-arm-none-eabi/bin/../lib/gcc/arm-none-eabi/11.2.1/thumb/v7e-m+fp/hard\libgcc.a(_aeabi_uldivmod.o)
 .debug_frame   0x0000409c       0x34 c:/dev/tool/gcc-arm-11.2-2022.02-mingw-w64-i686-arm-none-eabi/bin/../lib/gcc/arm-none-eabi/11.2.1/thumb/v7e-m+fp/hard\libgcc.a(_udivmoddi4.o)

.debug_loclists
                0x00000000      0xc29
 .debug_loclists
                0x00000000       0x44 c:/dev/tool/gcc-arm-11.2-2022.02-mingw-w64-i686-arm-none-eabi/bin/../lib/gcc/arm-none-eabi/11.2.1/thumb/v7e-m+fp/hard\libc_nano.a(lib_a-init.o)
 .debug_loclists
                0x00000044       0x8f c:/dev/tool/gcc-arm-11.2-2022.02-mingw-w64-i686-arm-none-eabi/bin/../lib/gcc/arm-none-eabi/11.2.1/thumb/v7e-m+fp/hard\libc_nano.a(lib_a-memcpy-stub.o)
 .debug_loclists
                0x000000d3       0x47 c:/dev/tool/gcc-arm-11.2-2022.02-mingw-w64-i686-arm-none-eabi/bin/../lib/gcc/arm-none-eabi/11.2.1/thumb/v7e-m+fp/hard\libc_nano.a(lib_a-memset.o)
 .debug_loclists
                0x0000011a      0xb0f c:/dev/tool/gcc-arm-11.2-2022.02-mingw-w64-i686-arm-none-eabi/bin/../lib/gcc/arm-none-eabi/11.2.1/thumb/v7e-m+fp/hard\libgcc.a(_udivmoddi4.o)

.debug_rnglists
                0x00000000       0xcb
 .debug_rnglists
                0x00000000       0x13 c:/dev/tool/gcc-arm-11.2-2022.02-mingw-w64-i686-arm-none-eabi/bin/../lib/gcc/arm-none-eabi/11.2.1/thumb/v7e-m+fp/hard\libc_nano.a(lib_a-init.o)
 .debug_rnglists
                0x00000013       0x13 c:/dev/tool/gcc-arm-11.2-2022.02-mingw-w64-i686-arm-none-eabi/bin/../lib/gcc/arm-none-eabi/11.2.1/thumb/v7e-m+fp/hard\libc_nano.a(lib_a-memcpy-stub.o)
 .debug_rnglists
                0x00000026       0x13 c:/dev/tool/gcc-arm-11.2-2022.02-mingw-w64-i686-arm-none-eabi/bin/../lib/gcc/arm-none-eabi/11.2.1/thumb/v7e-m+fp/hard\libc_nano.a(lib_a-memset.o)
 .debug_rnglists
                0x00000039       0x92 c:/dev/tool/gcc-arm-11.2-2022.02-mingw-w64-i686-arm-none-eabi/bin/../lib/gcc/arm-none-eabi/11.2.1/thumb/v7e-m+fp/hard\libgcc.a(_udivmoddi4.o)

.debug_line_str
                0x00000000       0x5b
 .debug_line_str
                0x00000000       0x4f c:/dev/tool/gcc-arm-11.2-2022.02-mingw-w64-i686-arm-none-eabi/bin/../lib/gcc/arm-none-eabi/11.2.1/thumb/v7e-m+fp/hard\libgcc.a(_aeabi_uldivmod.o)
                                 0x9e (size before relaxing)
 .debug_line_str
                0x0000004f        0xc c:/dev/tool/gcc-arm-11.2-2022.02-mingw-w64-i686-arm-none-eabi/bin/../lib/gcc/arm-none-eabi/11.2.1/thumb/v7e-m+fp/hard\libgcc.a(_dvmd_tls.o)
                                 0xa6 (size before relaxing)

Cross Reference Table

Symbol                                            File
ADC1_IRQHandler                                   build/startup_stm32l431xx.o
AHBPrescTable                                     build/system_stm32l4xx.o
                                                  build/stm32l4xx_hal_rcc.o
APBPrescTable                                     build/system_stm32l4xx.o
                                                  build/stm32l4xx_hal_rcc.o
BusFault_Handler                                  build/stm32l4xx_it.o
CAN1_RX0_IRQHandler                               build/startup_stm32l431xx.o
CAN1_RX1_IRQHandler                               build/startup_stm32l431xx.o
CAN1_SCE_IRQHandler                               build/startup_stm32l431xx.o
CAN1_TX_IRQHandler                                build/startup_stm32l431xx.o
COMP_IRQHandler                                   build/startup_stm32l431xx.o
CRS_IRQHandler                                    build/startup_stm32l431xx.o
DMA1_Channel1_IRQHandler                          build/startup_stm32l431xx.o
DMA1_Channel2_IRQHandler                          build/startup_stm32l431xx.o
DMA1_Channel3_IRQHandler                          build/startup_stm32l431xx.o
DMA1_Channel4_IRQHandler                          build/startup_stm32l431xx.o
DMA1_Channel5_IRQHandler                          build/startup_stm32l431xx.o
DMA1_Channel6_IRQHandler                          build/startup_stm32l431xx.o
DMA1_Channel7_IRQHandler                          build/startup_stm32l431xx.o
DMA2_Channel1_IRQHandler                          build/startup_stm32l431xx.o
DMA2_Channel2_IRQHandler                          build/startup_stm32l431xx.o
DMA2_Channel3_IRQHandler                          build/startup_stm32l431xx.o
DMA2_Channel4_IRQHandler                          build/startup_stm32l431xx.o
DMA2_Channel5_IRQHandler                          build/startup_stm32l431xx.o
DMA2_Channel6_IRQHandler                          build/startup_stm32l431xx.o
DMA2_Channel7_IRQHandler                          build/startup_stm32l431xx.o
DebugMon_Handler                                  build/stm32l4xx_it.o
Default_Handler                                   build/startup_stm32l431xx.o
EXTI0_IRQHandler                                  build/startup_stm32l431xx.o
EXTI15_10_IRQHandler                              build/stm32l4xx_it.o
EXTI1_IRQHandler                                  build/startup_stm32l431xx.o
EXTI2_IRQHandler                                  build/startup_stm32l431xx.o
EXTI3_IRQHandler                                  build/startup_stm32l431xx.o
EXTI4_IRQHandler                                  build/startup_stm32l431xx.o
EXTI9_5_IRQHandler                                build/startup_stm32l431xx.o
Error_Handler                                     build/main.o
                                                  build/stm32l4xx_hal_msp.o
FLASH_FlushCaches                                 build/stm32l4xx_hal_flash_ex.o
                                                  build/stm32l4xx_hal_flash.o
FLASH_IRQHandler                                  build/startup_stm32l431xx.o
FLASH_PageErase                                   build/stm32l4xx_hal_flash_ex.o
                                                  build/stm32l4xx_hal_flash.o
FLASH_WaitForLastOperation                        build/stm32l4xx_hal_flash.o
                                                  build/stm32l4xx_hal_flash_ex.o
FPU_IRQHandler                                    build/startup_stm32l431xx.o
HAL_DBGMCU_DisableDBGSleepMode                    build/stm32l4xx_hal.o
HAL_DBGMCU_DisableDBGStandbyMode                  build/stm32l4xx_hal.o
HAL_DBGMCU_DisableDBGStopMode                     build/stm32l4xx_hal.o
HAL_DBGMCU_EnableDBGSleepMode                     build/stm32l4xx_hal.o
HAL_DBGMCU_EnableDBGStandbyMode                   build/stm32l4xx_hal.o
HAL_DBGMCU_EnableDBGStopMode                      build/stm32l4xx_hal.o
HAL_DMA_Abort                                     build/stm32l4xx_hal_dma.o
                                                  build/stm32l4xx_hal_uart.o
HAL_DMA_Abort_IT                                  build/stm32l4xx_hal_dma.o
                                                  build/stm32l4xx_hal_uart.o
                                                  build/stm32l4xx_hal_tim_ex.o
                                                  build/stm32l4xx_hal_tim.o
                                                  build/stm32l4xx_hal_i2c.o
HAL_DMA_DeInit                                    build/stm32l4xx_hal_dma.o
HAL_DMA_GetError                                  build/stm32l4xx_hal_dma.o
                                                  build/stm32l4xx_hal_uart.o
HAL_DMA_GetState                                  build/stm32l4xx_hal_dma.o
                                                  build/stm32l4xx_hal_i2c.o
HAL_DMA_IRQHandler                                build/stm32l4xx_hal_dma.o
HAL_DMA_Init                                      build/stm32l4xx_hal_dma.o
HAL_DMA_PollForTransfer                           build/stm32l4xx_hal_dma.o
HAL_DMA_RegisterCallback                          build/stm32l4xx_hal_dma.o
HAL_DMA_Start                                     build/stm32l4xx_hal_dma.o
HAL_DMA_Start_IT                                  build/stm32l4xx_hal_dma.o
                                                  build/stm32l4xx_hal_uart.o
                                                  build/stm32l4xx_hal_tim_ex.o
                                                  build/stm32l4xx_hal_tim.o
                                                  build/stm32l4xx_hal_i2c.o
HAL_DMA_UnRegisterCallback                        build/stm32l4xx_hal_dma.o
HAL_DeInit                                        build/stm32l4xx_hal.o
HAL_Delay                                         build/stm32l4xx_hal.o
HAL_EXTI_ClearConfigLine                          build/stm32l4xx_hal_exti.o
HAL_EXTI_ClearPending                             build/stm32l4xx_hal_exti.o
HAL_EXTI_GenerateSWI                              build/stm32l4xx_hal_exti.o
HAL_EXTI_GetConfigLine                            build/stm32l4xx_hal_exti.o
HAL_EXTI_GetHandle                                build/stm32l4xx_hal_exti.o
HAL_EXTI_GetPending                               build/stm32l4xx_hal_exti.o
HAL_EXTI_IRQHandler                               build/stm32l4xx_hal_exti.o
HAL_EXTI_RegisterCallback                         build/stm32l4xx_hal_exti.o
HAL_EXTI_SetConfigLine                            build/stm32l4xx_hal_exti.o
HAL_FLASHEx_DisableRunPowerDown                   build/stm32l4xx_hal_flash_ramfunc.o
HAL_FLASHEx_EnableRunPowerDown                    build/stm32l4xx_hal_flash_ramfunc.o
HAL_FLASHEx_Erase                                 build/stm32l4xx_hal_flash_ex.o
HAL_FLASHEx_Erase_IT                              build/stm32l4xx_hal_flash_ex.o
HAL_FLASHEx_OBGetConfig                           build/stm32l4xx_hal_flash_ex.o
HAL_FLASHEx_OBProgram                             build/stm32l4xx_hal_flash_ex.o
HAL_FLASH_EndOfOperationCallback                  build/stm32l4xx_hal_flash.o
HAL_FLASH_GetError                                build/stm32l4xx_hal_flash.o
HAL_FLASH_IRQHandler                              build/stm32l4xx_hal_flash.o
HAL_FLASH_Lock                                    build/stm32l4xx_hal_flash.o
HAL_FLASH_OB_Launch                               build/stm32l4xx_hal_flash.o
HAL_FLASH_OB_Lock                                 build/stm32l4xx_hal_flash.o
HAL_FLASH_OB_Unlock                               build/stm32l4xx_hal_flash.o
HAL_FLASH_OperationErrorCallback                  build/stm32l4xx_hal_flash.o
HAL_FLASH_Program                                 build/stm32l4xx_hal_flash.o
HAL_FLASH_Program_IT                              build/stm32l4xx_hal_flash.o
HAL_FLASH_Unlock                                  build/stm32l4xx_hal_flash.o
HAL_GPIO_DeInit                                   build/stm32l4xx_hal_gpio.o
                                                  build/stm32l4xx_hal_msp.o
HAL_GPIO_EXTI_Callback                            build/stm32l4xx_hal_gpio.o
HAL_GPIO_EXTI_IRQHandler                          build/stm32l4xx_hal_gpio.o
                                                  build/stm32l4xx_it.o
HAL_GPIO_Init                                     build/stm32l4xx_hal_gpio.o
                                                  build/stm32l4xx_hal_rcc_ex.o
                                                  build/stm32l4xx_hal_rcc.o
                                                  build/stm32l4xx_hal_msp.o
                                                  build/main.o
HAL_GPIO_LockPin                                  build/stm32l4xx_hal_gpio.o
HAL_GPIO_ReadPin                                  build/stm32l4xx_hal_gpio.o
HAL_GPIO_TogglePin                                build/stm32l4xx_hal_gpio.o
HAL_GPIO_WritePin                                 build/stm32l4xx_hal_gpio.o
HAL_GetDEVID                                      build/stm32l4xx_hal.o
HAL_GetHalVersion                                 build/stm32l4xx_hal.o
HAL_GetREVID                                      build/stm32l4xx_hal.o
HAL_GetTick                                       build/stm32l4xx_hal.o
                                                  build/stm32l4xx_hal_uart_ex.o
                                                  build/stm32l4xx_hal_uart.o
                                                  build/stm32l4xx_hal_dma.o
                                                  build/stm32l4xx_hal_flash.o
                                                  build/stm32l4xx_hal_rcc_ex.o
                                                  build/stm32l4xx_hal_rcc.o
                                                  build/stm32l4xx_hal_i2c.o
HAL_GetTickFreq                                   build/stm32l4xx_hal.o
HAL_GetTickPrio                                   build/stm32l4xx_hal.o
HAL_GetUIDw0                                      build/stm32l4xx_hal.o
HAL_GetUIDw1                                      build/stm32l4xx_hal.o
HAL_GetUIDw2                                      build/stm32l4xx_hal.o
HAL_HalfDuplex_EnableReceiver                     build/stm32l4xx_hal_uart.o
HAL_HalfDuplex_EnableTransmitter                  build/stm32l4xx_hal_uart.o
HAL_HalfDuplex_Init                               build/stm32l4xx_hal_uart.o
HAL_I2CEx_ConfigAnalogFilter                      build/stm32l4xx_hal_i2c_ex.o
HAL_I2CEx_ConfigDigitalFilter                     build/stm32l4xx_hal_i2c_ex.o
HAL_I2CEx_DisableFastModePlus                     build/stm32l4xx_hal_i2c_ex.o
HAL_I2CEx_DisableWakeUp                           build/stm32l4xx_hal_i2c_ex.o
HAL_I2CEx_EnableFastModePlus                      build/stm32l4xx_hal_i2c_ex.o
HAL_I2CEx_EnableWakeUp                            build/stm32l4xx_hal_i2c_ex.o
HAL_I2C_AbortCpltCallback                         build/stm32l4xx_hal_i2c.o
HAL_I2C_AddrCallback                              build/stm32l4xx_hal_i2c.o
HAL_I2C_DeInit                                    build/stm32l4xx_hal_i2c.o
HAL_I2C_DisableListen_IT                          build/stm32l4xx_hal_i2c.o
HAL_I2C_ER_IRQHandler                             build/stm32l4xx_hal_i2c.o
HAL_I2C_EV_IRQHandler                             build/stm32l4xx_hal_i2c.o
HAL_I2C_EnableListen_IT                           build/stm32l4xx_hal_i2c.o
HAL_I2C_ErrorCallback                             build/stm32l4xx_hal_i2c.o
HAL_I2C_GetError                                  build/stm32l4xx_hal_i2c.o
HAL_I2C_GetMode                                   build/stm32l4xx_hal_i2c.o
HAL_I2C_GetState                                  build/stm32l4xx_hal_i2c.o
HAL_I2C_Init                                      build/stm32l4xx_hal_i2c.o
HAL_I2C_IsDeviceReady                             build/stm32l4xx_hal_i2c.o
HAL_I2C_ListenCpltCallback                        build/stm32l4xx_hal_i2c.o
HAL_I2C_MasterRxCpltCallback                      build/stm32l4xx_hal_i2c.o
HAL_I2C_MasterTxCpltCallback                      build/stm32l4xx_hal_i2c.o
HAL_I2C_Master_Abort_IT                           build/stm32l4xx_hal_i2c.o
HAL_I2C_Master_Receive                            build/stm32l4xx_hal_i2c.o
HAL_I2C_Master_Receive_DMA                        build/stm32l4xx_hal_i2c.o
HAL_I2C_Master_Receive_IT                         build/stm32l4xx_hal_i2c.o
HAL_I2C_Master_Seq_Receive_DMA                    build/stm32l4xx_hal_i2c.o
HAL_I2C_Master_Seq_Receive_IT                     build/stm32l4xx_hal_i2c.o
HAL_I2C_Master_Seq_Transmit_DMA                   build/stm32l4xx_hal_i2c.o
HAL_I2C_Master_Seq_Transmit_IT                    build/stm32l4xx_hal_i2c.o
HAL_I2C_Master_Transmit                           build/stm32l4xx_hal_i2c.o
HAL_I2C_Master_Transmit_DMA                       build/stm32l4xx_hal_i2c.o
HAL_I2C_Master_Transmit_IT                        build/stm32l4xx_hal_i2c.o
HAL_I2C_MemRxCpltCallback                         build/stm32l4xx_hal_i2c.o
HAL_I2C_MemTxCpltCallback                         build/stm32l4xx_hal_i2c.o
HAL_I2C_Mem_Read                                  build/stm32l4xx_hal_i2c.o
HAL_I2C_Mem_Read_DMA                              build/stm32l4xx_hal_i2c.o
HAL_I2C_Mem_Read_IT                               build/stm32l4xx_hal_i2c.o
HAL_I2C_Mem_Write                                 build/stm32l4xx_hal_i2c.o
HAL_I2C_Mem_Write_DMA                             build/stm32l4xx_hal_i2c.o
HAL_I2C_Mem_Write_IT                              build/stm32l4xx_hal_i2c.o
HAL_I2C_MspDeInit                                 build/stm32l4xx_hal_i2c.o
HAL_I2C_MspInit                                   build/stm32l4xx_hal_i2c.o
HAL_I2C_SlaveRxCpltCallback                       build/stm32l4xx_hal_i2c.o
HAL_I2C_SlaveTxCpltCallback                       build/stm32l4xx_hal_i2c.o
HAL_I2C_Slave_Receive                             build/stm32l4xx_hal_i2c.o
HAL_I2C_Slave_Receive_DMA                         build/stm32l4xx_hal_i2c.o
HAL_I2C_Slave_Receive_IT                          build/stm32l4xx_hal_i2c.o
HAL_I2C_Slave_Seq_Receive_DMA                     build/stm32l4xx_hal_i2c.o
HAL_I2C_Slave_Seq_Receive_IT                      build/stm32l4xx_hal_i2c.o
HAL_I2C_Slave_Seq_Transmit_DMA                    build/stm32l4xx_hal_i2c.o
HAL_I2C_Slave_Seq_Transmit_IT                     build/stm32l4xx_hal_i2c.o
HAL_I2C_Slave_Transmit                            build/stm32l4xx_hal_i2c.o
HAL_I2C_Slave_Transmit_DMA                        build/stm32l4xx_hal_i2c.o
HAL_I2C_Slave_Transmit_IT                         build/stm32l4xx_hal_i2c.o
HAL_IncTick                                       build/stm32l4xx_hal.o
                                                  build/main.o
HAL_Init                                          build/stm32l4xx_hal.o
                                                  build/main.o
HAL_InitTick                                      build/stm32l4xx_hal_timebase_tim.o
                                                  build/stm32l4xx_hal_rcc.o
HAL_LIN_Init                                      build/stm32l4xx_hal_uart.o
HAL_LIN_SendBreak                                 build/stm32l4xx_hal_uart.o
HAL_MPU_ConfigRegion                              build/stm32l4xx_hal_cortex.o
HAL_MPU_Disable                                   build/stm32l4xx_hal_cortex.o
HAL_MPU_Enable                                    build/stm32l4xx_hal_cortex.o
HAL_MspDeInit                                     build/stm32l4xx_hal.o
HAL_MspInit                                       build/stm32l4xx_hal_msp.o
HAL_MultiProcessorEx_AddressLength_Set            build/stm32l4xx_hal_uart_ex.o
HAL_MultiProcessor_DisableMuteMode                build/stm32l4xx_hal_uart.o
HAL_MultiProcessor_EnableMuteMode                 build/stm32l4xx_hal_uart.o
HAL_MultiProcessor_EnterMuteMode                  build/stm32l4xx_hal_uart.o
HAL_MultiProcessor_Init                           build/stm32l4xx_hal_uart.o
HAL_NVIC_ClearPendingIRQ                          build/stm32l4xx_hal_cortex.o
HAL_NVIC_DisableIRQ                               build/stm32l4xx_hal_cortex.o
HAL_NVIC_EnableIRQ                                build/stm32l4xx_hal_cortex.o
                                                  build/stm32l4xx_hal_timebase_tim.o
                                                  build/main.o
HAL_NVIC_GetActive                                build/stm32l4xx_hal_cortex.o
HAL_NVIC_GetPendingIRQ                            build/stm32l4xx_hal_cortex.o
HAL_NVIC_GetPriority                              build/stm32l4xx_hal_cortex.o
HAL_NVIC_GetPriorityGrouping                      build/stm32l4xx_hal_cortex.o
HAL_NVIC_SetPendingIRQ                            build/stm32l4xx_hal_cortex.o
HAL_NVIC_SetPriority                              build/stm32l4xx_hal_cortex.o
                                                  build/stm32l4xx_hal.o
                                                  build/stm32l4xx_hal_timebase_tim.o
                                                  build/stm32l4xx_hal_msp.o
                                                  build/main.o
HAL_NVIC_SetPriorityGrouping                      build/stm32l4xx_hal_cortex.o
                                                  build/stm32l4xx_hal.o
HAL_NVIC_SystemReset                              build/stm32l4xx_hal_cortex.o
HAL_PWREx_ConfigPVM                               build/stm32l4xx_hal_pwr_ex.o
HAL_PWREx_ControlVoltageScaling                   build/stm32l4xx_hal_pwr_ex.o
                                                  build/main.o
HAL_PWREx_DisableBatteryCharging                  build/stm32l4xx_hal_pwr_ex.o
HAL_PWREx_DisableGPIOPullDown                     build/stm32l4xx_hal_pwr_ex.o
HAL_PWREx_DisableGPIOPullUp                       build/stm32l4xx_hal_pwr_ex.o
HAL_PWREx_DisableInternalWakeUpLine               build/stm32l4xx_hal_pwr_ex.o
HAL_PWREx_DisableLowPowerRunMode                  build/stm32l4xx_hal_pwr_ex.o
                                                  build/stm32l4xx_hal_pwr.o
HAL_PWREx_DisablePVM3                             build/stm32l4xx_hal_pwr_ex.o
HAL_PWREx_DisablePVM4                             build/stm32l4xx_hal_pwr_ex.o
HAL_PWREx_DisablePullUpPullDownConfig             build/stm32l4xx_hal_pwr_ex.o
HAL_PWREx_DisableSRAM2ContentRetention            build/stm32l4xx_hal_pwr_ex.o
HAL_PWREx_EnableBatteryCharging                   build/stm32l4xx_hal_pwr_ex.o
HAL_PWREx_EnableGPIOPullDown                      build/stm32l4xx_hal_pwr_ex.o
HAL_PWREx_EnableGPIOPullUp                        build/stm32l4xx_hal_pwr_ex.o
HAL_PWREx_EnableInternalWakeUpLine                build/stm32l4xx_hal_pwr_ex.o
HAL_PWREx_EnableLowPowerRunMode                   build/stm32l4xx_hal_pwr_ex.o
                                                  build/stm32l4xx_hal_pwr.o
HAL_PWREx_EnablePVM3                              build/stm32l4xx_hal_pwr_ex.o
HAL_PWREx_EnablePVM4                              build/stm32l4xx_hal_pwr_ex.o
HAL_PWREx_EnablePullUpPullDownConfig              build/stm32l4xx_hal_pwr_ex.o
HAL_PWREx_EnableSRAM2ContentRetention             build/stm32l4xx_hal_pwr_ex.o
HAL_PWREx_EnterSHUTDOWNMode                       build/stm32l4xx_hal_pwr_ex.o
HAL_PWREx_EnterSTOP0Mode                          build/stm32l4xx_hal_pwr_ex.o
                                                  build/stm32l4xx_hal_pwr.o
HAL_PWREx_EnterSTOP1Mode                          build/stm32l4xx_hal_pwr_ex.o
                                                  build/stm32l4xx_hal_pwr.o
HAL_PWREx_EnterSTOP2Mode                          build/stm32l4xx_hal_pwr_ex.o
HAL_PWREx_GetVoltageRange                         build/stm32l4xx_hal_pwr_ex.o
                                                  build/stm32l4xx_hal_rcc.o
HAL_PWREx_PVD_PVM_IRQHandler                      build/stm32l4xx_hal_pwr_ex.o
HAL_PWREx_PVM3Callback                            build/stm32l4xx_hal_pwr_ex.o
HAL_PWREx_PVM4Callback                            build/stm32l4xx_hal_pwr_ex.o
HAL_PWREx_SetSRAM2ContentRetention                build/stm32l4xx_hal_pwr_ex.o
HAL_PWR_ConfigPVD                                 build/stm32l4xx_hal_pwr.o
HAL_PWR_DeInit                                    build/stm32l4xx_hal_pwr.o
HAL_PWR_DisableBkUpAccess                         build/stm32l4xx_hal_pwr.o
                                                  build/stm32l4xx_hal_rcc_ex.o
HAL_PWR_DisablePVD                                build/stm32l4xx_hal_pwr.o
HAL_PWR_DisableSEVOnPend                          build/stm32l4xx_hal_pwr.o
HAL_PWR_DisableSleepOnExit                        build/stm32l4xx_hal_pwr.o
HAL_PWR_DisableWakeUpPin                          build/stm32l4xx_hal_pwr.o
HAL_PWR_EnableBkUpAccess                          build/stm32l4xx_hal_pwr.o
                                                  build/stm32l4xx_hal_rcc_ex.o
HAL_PWR_EnablePVD                                 build/stm32l4xx_hal_pwr.o
HAL_PWR_EnableSEVOnPend                           build/stm32l4xx_hal_pwr.o
HAL_PWR_EnableSleepOnExit                         build/stm32l4xx_hal_pwr.o
HAL_PWR_EnableWakeUpPin                           build/stm32l4xx_hal_pwr.o
HAL_PWR_EnterSLEEPMode                            build/stm32l4xx_hal_pwr.o
HAL_PWR_EnterSTANDBYMode                          build/stm32l4xx_hal_pwr.o
HAL_PWR_EnterSTOPMode                             build/stm32l4xx_hal_pwr.o
HAL_PWR_PVDCallback                               build/stm32l4xx_hal_pwr.o
                                                  build/stm32l4xx_hal_pwr_ex.o
HAL_RCCEx_CRSConfig                               build/stm32l4xx_hal_rcc_ex.o
HAL_RCCEx_CRSGetSynchronizationInfo               build/stm32l4xx_hal_rcc_ex.o
HAL_RCCEx_CRSSoftwareSynchronizationGenerate      build/stm32l4xx_hal_rcc_ex.o
HAL_RCCEx_CRSWaitSynchronization                  build/stm32l4xx_hal_rcc_ex.o
HAL_RCCEx_CRS_ErrorCallback                       build/stm32l4xx_hal_rcc_ex.o
HAL_RCCEx_CRS_ExpectedSyncCallback                build/stm32l4xx_hal_rcc_ex.o
HAL_RCCEx_CRS_IRQHandler                          build/stm32l4xx_hal_rcc_ex.o
HAL_RCCEx_CRS_SyncOkCallback                      build/stm32l4xx_hal_rcc_ex.o
HAL_RCCEx_CRS_SyncWarnCallback                    build/stm32l4xx_hal_rcc_ex.o
HAL_RCCEx_DisableLSCO                             build/stm32l4xx_hal_rcc_ex.o
HAL_RCCEx_DisableLSECSS                           build/stm32l4xx_hal_rcc_ex.o
HAL_RCCEx_DisableMSIPLLMode                       build/stm32l4xx_hal_rcc_ex.o
HAL_RCCEx_DisablePLLSAI1                          build/stm32l4xx_hal_rcc_ex.o
HAL_RCCEx_EnableLSCO                              build/stm32l4xx_hal_rcc_ex.o
HAL_RCCEx_EnableLSECSS                            build/stm32l4xx_hal_rcc_ex.o
HAL_RCCEx_EnableLSECSS_IT                         build/stm32l4xx_hal_rcc_ex.o
HAL_RCCEx_EnableMSIPLLMode                        build/stm32l4xx_hal_rcc_ex.o
HAL_RCCEx_EnablePLLSAI1                           build/stm32l4xx_hal_rcc_ex.o
HAL_RCCEx_GetPeriphCLKConfig                      build/stm32l4xx_hal_rcc_ex.o