Archive member included to satisfy reference by file (symbol)

c:/dev/tool/gcc-arm-11.2-2022.02-mingw-w64-i686-arm-none-eabi/bin/../lib/gcc/arm-none-eabi/11.2.1/thumb/v7e-m+fp/hard\libc_nano.a(lib_a-exit.o)
                              c:/dev/tool/gcc-arm-11.2-2022.02-mingw-w64-i686-arm-none-eabi/bin/../lib/gcc/arm-none-eabi/11.2.1/thumb/v7e-m+fp/hard/crt0.o (exit)
c:/dev/tool/gcc-arm-11.2-2022.02-mingw-w64-i686-arm-none-eabi/bin/../lib/gcc/arm-none-eabi/11.2.1/thumb/v7e-m+fp/hard\libc_nano.a(lib_a-impure.o)
                              c:/dev/tool/gcc-arm-11.2-2022.02-mingw-w64-i686-arm-none-eabi/bin/../lib/gcc/arm-none-eabi/11.2.1/thumb/v7e-m+fp/hard\libc_nano.a(lib_a-exit.o) (_global_impure_ptr)
c:/dev/tool/gcc-arm-11.2-2022.02-mingw-w64-i686-arm-none-eabi/bin/../lib/gcc/arm-none-eabi/11.2.1/thumb/v7e-m+fp/hard\libc_nano.a(lib_a-init.o)
                              c:/dev/tool/gcc-arm-11.2-2022.02-mingw-w64-i686-arm-none-eabi/bin/../lib/gcc/arm-none-eabi/11.2.1/thumb/v7e-m+fp/hard/crt0.o (__libc_init_array)
c:/dev/tool/gcc-arm-11.2-2022.02-mingw-w64-i686-arm-none-eabi/bin/../lib/gcc/arm-none-eabi/11.2.1/thumb/v7e-m+fp/hard\libc_nano.a(lib_a-memcpy-stub.o)
                              build/queue.o (memcpy)
c:/dev/tool/gcc-arm-11.2-2022.02-mingw-w64-i686-arm-none-eabi/bin/../lib/gcc/arm-none-eabi/11.2.1/thumb/v7e-m+fp/hard\libc_nano.a(lib_a-memset.o)
                              c:/dev/tool/gcc-arm-11.2-2022.02-mingw-w64-i686-arm-none-eabi/bin/../lib/gcc/arm-none-eabi/11.2.1/thumb/v7e-m+fp/hard/crt0.o (memset)
c:/dev/tool/gcc-arm-11.2-2022.02-mingw-w64-i686-arm-none-eabi/bin/../lib/gcc/arm-none-eabi/11.2.1/thumb/v7e-m+fp/hard\libc_nano.a(lib_a-strlen.o)
                              build/SEGGER_RTT.o (strlen)
c:/dev/tool/gcc-arm-11.2-2022.02-mingw-w64-i686-arm-none-eabi/bin/../lib/gcc/arm-none-eabi/11.2.1/thumb/v7e-m+fp/hard\libnosys.a(_exit.o)
                              c:/dev/tool/gcc-arm-11.2-2022.02-mingw-w64-i686-arm-none-eabi/bin/../lib/gcc/arm-none-eabi/11.2.1/thumb/v7e-m+fp/hard\libc_nano.a(lib_a-exit.o) (_exit)
c:/dev/tool/gcc-arm-11.2-2022.02-mingw-w64-i686-arm-none-eabi/bin/../lib/gcc/arm-none-eabi/11.2.1/thumb/v7e-m+fp/hard\libgcc.a(_aeabi_uldivmod.o)
                              build/stm32l4xx_hal_uart.o (__aeabi_uldivmod)
c:/dev/tool/gcc-arm-11.2-2022.02-mingw-w64-i686-arm-none-eabi/bin/../lib/gcc/arm-none-eabi/11.2.1/thumb/v7e-m+fp/hard\libgcc.a(_udivmoddi4.o)
                              c:/dev/tool/gcc-arm-11.2-2022.02-mingw-w64-i686-arm-none-eabi/bin/../lib/gcc/arm-none-eabi/11.2.1/thumb/v7e-m+fp/hard\libgcc.a(_aeabi_uldivmod.o) (__udivmoddi4)
c:/dev/tool/gcc-arm-11.2-2022.02-mingw-w64-i686-arm-none-eabi/bin/../lib/gcc/arm-none-eabi/11.2.1/thumb/v7e-m+fp/hard\libgcc.a(_dvmd_tls.o)
                              c:/dev/tool/gcc-arm-11.2-2022.02-mingw-w64-i686-arm-none-eabi/bin/../lib/gcc/arm-none-eabi/11.2.1/thumb/v7e-m+fp/hard\libgcc.a(_aeabi_uldivmod.o) (__aeabi_ldiv0)

Discarded input sections

 .text          0x00000000        0x0 c:/dev/tool/gcc-arm-11.2-2022.02-mingw-w64-i686-arm-none-eabi/bin/../lib/gcc/arm-none-eabi/11.2.1/thumb/v7e-m+fp/hard/crti.o
 .data          0x00000000        0x0 c:/dev/tool/gcc-arm-11.2-2022.02-mingw-w64-i686-arm-none-eabi/bin/../lib/gcc/arm-none-eabi/11.2.1/thumb/v7e-m+fp/hard/crti.o
 .bss           0x00000000        0x0 c:/dev/tool/gcc-arm-11.2-2022.02-mingw-w64-i686-arm-none-eabi/bin/../lib/gcc/arm-none-eabi/11.2.1/thumb/v7e-m+fp/hard/crti.o
 .text          0x00000000        0x0 c:/dev/tool/gcc-arm-11.2-2022.02-mingw-w64-i686-arm-none-eabi/bin/../lib/gcc/arm-none-eabi/11.2.1/thumb/v7e-m+fp/hard/crtbegin.o
 .data          0x00000000        0x0 c:/dev/tool/gcc-arm-11.2-2022.02-mingw-w64-i686-arm-none-eabi/bin/../lib/gcc/arm-none-eabi/11.2.1/thumb/v7e-m+fp/hard/crtbegin.o
 .bss           0x00000000        0x0 c:/dev/tool/gcc-arm-11.2-2022.02-mingw-w64-i686-arm-none-eabi/bin/../lib/gcc/arm-none-eabi/11.2.1/thumb/v7e-m+fp/hard/crtbegin.o
 .rodata.all_implied_fbits
                0x00000000       0x24 c:/dev/tool/gcc-arm-11.2-2022.02-mingw-w64-i686-arm-none-eabi/bin/../lib/gcc/arm-none-eabi/11.2.1/thumb/v7e-m+fp/hard/crtbegin.o
 .data.__dso_handle
                0x00000000        0x4 c:/dev/tool/gcc-arm-11.2-2022.02-mingw-w64-i686-arm-none-eabi/bin/../lib/gcc/arm-none-eabi/11.2.1/thumb/v7e-m+fp/hard/crtbegin.o
 .text          0x00000000       0x7c c:/dev/tool/gcc-arm-11.2-2022.02-mingw-w64-i686-arm-none-eabi/bin/../lib/gcc/arm-none-eabi/11.2.1/thumb/v7e-m+fp/hard/crt0.o
 .data          0x00000000        0x0 c:/dev/tool/gcc-arm-11.2-2022.02-mingw-w64-i686-arm-none-eabi/bin/../lib/gcc/arm-none-eabi/11.2.1/thumb/v7e-m+fp/hard/crt0.o
 .bss           0x00000000        0x0 c:/dev/tool/gcc-arm-11.2-2022.02-mingw-w64-i686-arm-none-eabi/bin/../lib/gcc/arm-none-eabi/11.2.1/thumb/v7e-m+fp/hard/crt0.o
[...]
Memory Configuration

Name             Origin             Length             Attributes
RAM              0x20000000         0x00010000         xrw
RAM2             0x10000000         0x00004000         xrw
FLASH            0x08000000         0x00040000         xr
*default*        0x00000000         0xffffffff

Linker script and memory map

LOAD c:/dev/tool/gcc-arm-11.2-2022.02-mingw-w64-i686-arm-none-eabi/bin/../lib/gcc/arm-none-eabi/11.2.1/thumb/v7e-m+fp/hard/crti.o
LOAD c:/dev/tool/gcc-arm-11.2-2022.02-mingw-w64-i686-arm-none-eabi/bin/../lib/gcc/arm-none-eabi/11.2.1/thumb/v7e-m+fp/hard/crtbegin.o
LOAD c:/dev/tool/gcc-arm-11.2-2022.02-mingw-w64-i686-arm-none-eabi/bin/../lib/gcc/arm-none-eabi/11.2.1/thumb/v7e-m+fp/hard/crt0.o
LOAD build/main.o
LOAD build/freertos.o
LOAD build/stm32l4xx_it.o
LOAD build/stm32l4xx_hal_msp.o
LOAD build/stm32l4xx_hal_timebase_tim.o
LOAD build/stm32l4xx_hal.o
LOAD build/stm32l4xx_hal_i2c.o
LOAD build/stm32l4xx_hal_i2c_ex.o
LOAD build/stm32l4xx_hal_rcc.o
LOAD build/stm32l4xx_hal_rcc_ex.o
LOAD build/stm32l4xx_hal_flash.o
LOAD build/stm32l4xx_hal_flash_ex.o
LOAD build/stm32l4xx_hal_flash_ramfunc.o
LOAD build/stm32l4xx_hal_gpio.o
LOAD build/stm32l4xx_hal_dma.o
LOAD build/stm32l4xx_hal_dma_ex.o
LOAD build/stm32l4xx_hal_pwr.o
LOAD build/stm32l4xx_hal_pwr_ex.o
LOAD build/stm32l4xx_hal_cortex.o
LOAD build/stm32l4xx_hal_exti.o
LOAD build/stm32l4xx_hal_tim.o
LOAD build/stm32l4xx_hal_tim_ex.o
LOAD build/stm32l4xx_hal_uart.o
LOAD build/stm32l4xx_hal_uart_ex.o
LOAD build/system_stm32l4xx.o
LOAD build/croutine.o
LOAD build/event_groups.o
LOAD build/list.o
LOAD build/queue.o
LOAD build/stream_buffer.o
LOAD build/tasks.o
LOAD build/timers.o
LOAD build/cmsis_os2.o
LOAD build/heap_4.o
LOAD build/port.o
LOAD build/log.o
LOAD build/SEGGER_RTT.o
LOAD build/SEGGER_RTT_printf.o
LOAD build/startup_stm32l431xx.o
LOAD c:/dev/tool/gcc-arm-11.2-2022.02-mingw-w64-i686-arm-none-eabi/bin/../lib/gcc/arm-none-eabi/11.2.1/thumb/v7e-m+fp/hard\libc_nano.a
LOAD c:/dev/tool/gcc-arm-11.2-2022.02-mingw-w64-i686-arm-none-eabi/bin/../lib/gcc/arm-none-eabi/11.2.1/thumb/v7e-m+fp/hard\libm.a
LOAD c:/dev/tool/gcc-arm-11.2-2022.02-mingw-w64-i686-arm-none-eabi/bin/../lib/gcc/arm-none-eabi/11.2.1/thumb/v7e-m+fp/hard\libnosys.a
START GROUP
LOAD c:/dev/tool/gcc-arm-11.2-2022.02-mingw-w64-i686-arm-none-eabi/bin/../lib/gcc/arm-none-eabi/11.2.1/thumb/v7e-m+fp/hard\libgcc.a
LOAD c:/dev/tool/gcc-arm-11.2-2022.02-mingw-w64-i686-arm-none-eabi/bin/../lib/gcc/arm-none-eabi/11.2.1/thumb/v7e-m+fp/hard\libc_nano.a
END GROUP
START GROUP
LOAD c:/dev/tool/gcc-arm-11.2-2022.02-mingw-w64-i686-arm-none-eabi/bin/../lib/gcc/arm-none-eabi/11.2.1/thumb/v7e-m+fp/hard\libgcc.a
LOAD c:/dev/tool/gcc-arm-11.2-2022.02-mingw-w64-i686-arm-none-eabi/bin/../lib/gcc/arm-none-eabi/11.2.1/thumb/v7e-m+fp/hard\libc_nano.a
END GROUP
LOAD c:/dev/tool/gcc-arm-11.2-2022.02-mingw-w64-i686-arm-none-eabi/bin/../lib/gcc/arm-none-eabi/11.2.1/thumb/v7e-m+fp/hard/crtend.o
LOAD c:/dev/tool/gcc-arm-11.2-2022.02-mingw-w64-i686-arm-none-eabi/bin/../lib/gcc/arm-none-eabi/11.2.1/thumb/v7e-m+fp/hard/crtn.o
                0x20010000                _estack = (ORIGIN (RAM) + LENGTH (RAM))
                0x00000200                _Min_Heap_Size = 0x200
                0x00000400                _Min_Stack_Size = 0x400

.isr_vector     0x08000000      0x190
                0x08000000                . = ALIGN (0x8)
 *(.isr_vector)
 .isr_vector    0x08000000      0x18c build/startup_stm32l431xx.o
                0x08000000                g_pfnVectors
                0x08000190                . = ALIGN (0x8)
 *fill*         0x0800018c        0x4 

.text           0x08000190     0x4c38
                0x08000190                . = ALIGN (0x8)
 *(.text)
 .text          0x08000190       0x30 c:/dev/tool/gcc-arm-11.2-2022.02-mingw-w64-i686-arm-none-eabi/bin/../lib/gcc/arm-none-eabi/11.2.1/thumb/v7e-m+fp/hard\libgcc.a(_aeabi_uldivmod.o)
                0x08000190                __aeabi_uldivmod
 .text          0x080001c0        0x4 c:/dev/tool/gcc-arm-11.2-2022.02-mingw-w64-i686-arm-none-eabi/bin/../lib/gcc/arm-none-eabi/11.2.1/thumb/v7e-m+fp/hard\libgcc.a(_dvmd_tls.o)
                0x080001c0                __aeabi_idiv0
                0x080001c0                __aeabi_ldiv0
 *(.text*)
 .text.deregister_tm_clones
                0x080001c4       0x1c c:/dev/tool/gcc-arm-11.2-2022.02-mingw-w64-i686-arm-none-eabi/bin/../lib/gcc/arm-none-eabi/11.2.1/thumb/v7e-m+fp/hard/crtbegin.o
 .text.register_tm_clones
                0x080001e0       0x24 c:/dev/tool/gcc-arm-11.2-2022.02-mingw-w64-i686-arm-none-eabi/bin/../lib/gcc/arm-none-eabi/11.2.1/thumb/v7e-m+fp/hard/crtbegin.o
 .text.__do_global_dtors_aux
                0x08000204       0x28 c:/dev/tool/gcc-arm-11.2-2022.02-mingw-w64-i686-arm-none-eabi/bin/../lib/gcc/arm-none-eabi/11.2.1/thumb/v7e-m+fp/hard/crtbegin.o
 .text.frame_dummy
                0x0800022c       0x24 c:/dev/tool/gcc-arm-11.2-2022.02-mingw-w64-i686-arm-none-eabi/bin/../lib/gcc/arm-none-eabi/11.2.1/thumb/v7e-m+fp/hard/crtbegin.o
 .text.main     0x08000250       0x78 build/main.o
                0x08000250                main
 .text.SystemClock_Config
                0x080002c8       0xa4 build/main.o
                0x080002c8                SystemClock_Config
 .text.MX_USART1_UART_Init
                0x0800036c       0x60 build/main.o
 .text.MX_GPIO_Init
                0x080003cc       0x84 build/main.o
 .text.StartDefaultTask
                0x08000450       0x10 build/main.o
                0x08000450                StartDefaultTask
 .text.HAL_TIM_PeriodElapsedCallback
                0x08000460       0x24 build/main.o
                0x08000460                HAL_TIM_PeriodElapsedCallback
 .text.Error_Handler
                0x08000484        0xa build/main.o
                0x08000484                Error_Handler
 .text.NMI_Handler
                0x0800048e        0x6 build/stm32l4xx_it.o
                0x0800048e                NMI_Handler
 .text.HardFault_Handler
                0x08000494        0x6 build/stm32l4xx_it.o
                0x08000494                HardFault_Handler
 .text.MemManage_Handler
                0x0800049a        0x6 build/stm32l4xx_it.o
                0x0800049a                MemManage_Handler
 .text.BusFault_Handler
                0x080004a0        0x6 build/stm32l4xx_it.o
                0x080004a0                BusFault_Handler
 .text.UsageFault_Handler
                0x080004a6        0x6 build/stm32l4xx_it.o
                0x080004a6                UsageFault_Handler
 .text.DebugMon_Handler
                0x080004ac        0xe build/stm32l4xx_it.o
                0x080004ac                DebugMon_Handler
 .text.EXTI15_10_IRQHandler
                0x080004ba       0x10 build/stm32l4xx_it.o
                0x080004ba                EXTI15_10_IRQHandler
 *fill*         0x080004ca        0x2 
 .text.TIM7_IRQHandler
                0x080004cc       0x14 build/stm32l4xx_it.o
                0x080004cc                TIM7_IRQHandler
 .text.HAL_MspInit
                0x080004e0       0x50 build/stm32l4xx_hal_msp.o
                0x080004e0                HAL_MspInit
 .text.HAL_UART_MspInit
                0x08000530       0xb0 build/stm32l4xx_hal_msp.o
                0x08000530                HAL_UART_MspInit
 .text.HAL_InitTick
                0x080005e0       0xac build/stm32l4xx_hal_timebase_tim.o
                0x080005e0                HAL_InitTick
 .text.HAL_Init
                0x0800068c       0x30 build/stm32l4xx_hal.o
                0x0800068c                HAL_Init
 .text.HAL_IncTick
                0x080006bc       0x28 build/stm32l4xx_hal.o
                0x080006bc                HAL_IncTick
 .text.HAL_GetTick
                0x080006e4       0x18 build/stm32l4xx_hal.o
                0x080006e4                HAL_GetTick
 .text.HAL_Delay
                0x080006fc       0x48 build/stm32l4xx_hal.o
                0x080006fc                HAL_Delay
 .text.HAL_RCC_OscConfig
                0x08000744      0x828 build/stm32l4xx_hal_rcc.o
                0x08000744                HAL_RCC_OscConfig
 .text.HAL_RCC_ClockConfig
                0x08000f6c      0x200 build/stm32l4xx_hal_rcc.o
                0x08000f6c                HAL_RCC_ClockConfig
 .text.HAL_RCC_GetSysClockFreq
                0x0800116c      0x118 build/stm32l4xx_hal_rcc.o
                0x0800116c                HAL_RCC_GetSysClockFreq
 .text.HAL_RCC_GetHCLKFreq
                0x08001284       0x18 build/stm32l4xx_hal_rcc.o
                0x08001284                HAL_RCC_GetHCLKFreq
 .text.HAL_RCC_GetPCLK1Freq
                0x0800129c       0x2c build/stm32l4xx_hal_rcc.o
                0x0800129c                HAL_RCC_GetPCLK1Freq
 .text.HAL_RCC_GetPCLK2Freq
                0x080012c8       0x2c build/stm32l4xx_hal_rcc.o
                0x080012c8                HAL_RCC_GetPCLK2Freq
 .text.HAL_RCC_GetClockConfig
                0x080012f4       0x64 build/stm32l4xx_hal_rcc.o
                0x080012f4                HAL_RCC_GetClockConfig
 .text.RCC_SetFlashLatencyFromMSIRange
                0x08001358       0xc0 build/stm32l4xx_hal_rcc.o
 .text.HAL_RCCEx_PeriphCLKConfig
                0x08001418      0x430 build/stm32l4xx_hal_rcc_ex.o
                0x08001418                HAL_RCCEx_PeriphCLKConfig
 .text.RCCEx_PLLSAI1_Config
                0x08001848      0x1e4 build/stm32l4xx_hal_rcc_ex.o
 .text.HAL_GPIO_Init
                0x08001a2c      0x2f4 build/stm32l4xx_hal_gpio.o
                0x08001a2c                HAL_GPIO_Init
 .text.HAL_GPIO_ReadPin
                0x08001d20       0x30 build/stm32l4xx_hal_gpio.o
                0x08001d20                HAL_GPIO_ReadPin
 .text.HAL_GPIO_EXTI_IRQHandler
                0x08001d50       0x30 build/stm32l4xx_hal_gpio.o
                0x08001d50                HAL_GPIO_EXTI_IRQHandler
 .text.HAL_GPIO_EXTI_Callback
                0x08001d80       0x16 build/stm32l4xx_hal_gpio.o
                0x08001d80                HAL_GPIO_EXTI_Callback
 *fill*         0x08001d96        0x2 
 .text.HAL_PWREx_GetVoltageRange
                0x08001d98       0x1c build/stm32l4xx_hal_pwr_ex.o
                0x08001d98                HAL_PWREx_GetVoltageRange
 .text.HAL_PWREx_ControlVoltageScaling
                0x08001db4       0xac build/stm32l4xx_hal_pwr_ex.o
                0x08001db4                HAL_PWREx_ControlVoltageScaling
 .text.__NVIC_SetPriorityGrouping
                0x08001e60       0x48 build/stm32l4xx_hal_cortex.o
 .text.__NVIC_GetPriorityGrouping
                0x08001ea8       0x1c build/stm32l4xx_hal_cortex.o
 .text.__NVIC_EnableIRQ
                0x08001ec4       0x3c build/stm32l4xx_hal_cortex.o
 .text.__NVIC_SetPriority
                0x08001f00       0x54 build/stm32l4xx_hal_cortex.o
 .text.NVIC_EncodePriority
                0x08001f54       0x66 build/stm32l4xx_hal_cortex.o
 .text.HAL_NVIC_SetPriorityGrouping
                0x08001fba       0x16 build/stm32l4xx_hal_cortex.o
                0x08001fba                HAL_NVIC_SetPriorityGrouping
 .text.HAL_NVIC_SetPriority
                0x08001fd0       0x38 build/stm32l4xx_hal_cortex.o
                0x08001fd0                HAL_NVIC_SetPriority
 .text.HAL_NVIC_EnableIRQ
                0x08002008       0x1c build/stm32l4xx_hal_cortex.o
                0x08002008                HAL_NVIC_EnableIRQ
 .text.HAL_TIM_Base_Init
                0x08002024       0xae build/stm32l4xx_hal_tim.o
                0x08002024                HAL_TIM_Base_Init
 .text.HAL_TIM_Base_MspInit
                0x080020d2       0x14 build/stm32l4xx_hal_tim.o
                0x080020d2                HAL_TIM_Base_MspInit
 *fill*         0x080020e6        0x2 
 .text.HAL_TIM_Base_Start_IT
                0x080020e8       0xa8 build/stm32l4xx_hal_tim.o
                0x080020e8                HAL_TIM_Base_Start_IT
 .text.HAL_TIM_IRQHandler
                0x08002190      0x23e build/stm32l4xx_hal_tim.o
                0x08002190                HAL_TIM_IRQHandler
 .text.HAL_TIM_OC_DelayElapsedCallback
                0x080023ce       0x14 build/stm32l4xx_hal_tim.o
                0x080023ce                HAL_TIM_OC_DelayElapsedCallback
 .text.HAL_TIM_IC_CaptureCallback
                0x080023e2       0x14 build/stm32l4xx_hal_tim.o
                0x080023e2                HAL_TIM_IC_CaptureCallback
 .text.HAL_TIM_PWM_PulseFinishedCallback
                0x080023f6       0x14 build/stm32l4xx_hal_tim.o
                0x080023f6                HAL_TIM_PWM_PulseFinishedCallback
 .text.HAL_TIM_TriggerCallback
                0x0800240a       0x14 build/stm32l4xx_hal_tim.o
                0x0800240a                HAL_TIM_TriggerCallback
 *fill*         0x0800241e        0x2 
 .text.TIM_Base_SetConfig
                0x08002420       0xc8 build/stm32l4xx_hal_tim.o
                0x08002420                TIM_Base_SetConfig
 .text.HAL_TIMEx_CommutCallback
                0x080024e8       0x14 build/stm32l4xx_hal_tim_ex.o
                0x080024e8                HAL_TIMEx_CommutCallback
 .text.HAL_TIMEx_BreakCallback
                0x080024fc       0x14 build/stm32l4xx_hal_tim_ex.o
                0x080024fc                HAL_TIMEx_BreakCallback
 .text.HAL_TIMEx_Break2Callback
                0x08002510       0x14 build/stm32l4xx_hal_tim_ex.o
                0x08002510                HAL_TIMEx_Break2Callback
 .text.HAL_UART_Init
                0x08002524       0x9c build/stm32l4xx_hal_uart.o
                0x08002524                HAL_UART_Init
 .text.UART_SetConfig
                0x080025c0      0x4b4 build/stm32l4xx_hal_uart.o
                0x080025c0                UART_SetConfig
 .text.UART_AdvFeatureConfig
                0x08002a74      0x144 build/stm32l4xx_hal_uart.o
                0x08002a74                UART_AdvFeatureConfig
 .text.UART_CheckIdleState
                0x08002bb8       0x92 build/stm32l4xx_hal_uart.o
                0x08002bb8                UART_CheckIdleState
 .text.UART_WaitOnFlagUntilTimeout
                0x08002c4a      0x188 build/stm32l4xx_hal_uart.o
                0x08002c4a                UART_WaitOnFlagUntilTimeout
 *fill*         0x08002dd2        0x2 
 .text.SystemInit
                0x08002dd4       0x24 build/system_stm32l4xx.o
                0x08002dd4                SystemInit
 .text.vListInitialise
                0x08002df8       0x40 build/list.o
                0x08002df8                vListInitialise
 .text.vListInitialiseItem
                0x08002e38       0x1a build/list.o
                0x08002e38                vListInitialiseItem
 .text.vListInsertEnd
                0x08002e52       0x48 build/list.o
                0x08002e52                vListInsertEnd
 .text.vListInsert
                0x08002e9a       0x72 build/list.o
                0x08002e9a                vListInsert
 .text.uxListRemove
                0x08002f0c       0x54 build/list.o
                0x08002f0c                uxListRemove
 .text.xTaskCreateStatic
                0x08002f60       0xba build/tasks.o
                0x08002f60                xTaskCreateStatic
 .text.xTaskCreate
                0x0800301a       0x8a build/tasks.o
                0x0800301a                xTaskCreate
 .text.prvInitialiseNewTask
                0x080030a4      0x11e build/tasks.o
 *fill*         0x080031c2        0x2 
 .text.prvAddNewTaskToReadyList
                0x080031c4       0xe0 build/tasks.o
 .text.vTaskDelay
                0x080032a4       0x68 build/tasks.o
                0x080032a4                vTaskDelay
 .text.vTaskSuspendAll
                0x0800330c       0x1c build/tasks.o
                0x0800330c                vTaskSuspendAll
 .text.xTaskResumeAll
                0x08003328      0x13c build/tasks.o
                0x08003328                xTaskResumeAll
 .text.xTaskIncrementTick
                0x08003464      0x174 build/tasks.o
                0x08003464                xTaskIncrementTick
 .text.vTaskSwitchContext
                0x080035d8       0xbc build/tasks.o
                0x080035d8                vTaskSwitchContext
 .text.prvInitialiseTaskLists
                0x08003694       0x80 build/tasks.o
 .text.prvResetNextTaskUnblockTime
                0x08003714       0x40 build/tasks.o
 .text.xTaskGetSchedulerState
                0x08003754       0x3c build/tasks.o
                0x08003754                xTaskGetSchedulerState
 .text.prvAddCurrentTaskToDelayedList
                0x08003790       0xa8 build/tasks.o
 .text.SysTick_Handler
                0x08003838       0x20 build/cmsis_os2.o
                0x08003838                SysTick_Handler
 .text.osKernelInitialize
                0x08003858       0x48 build/cmsis_os2.o
                0x08003858                osKernelInitialize
 .text.osThreadNew
                0x080038a0      0x124 build/cmsis_os2.o
                0x080038a0                osThreadNew
 .text.osDelay  0x080039c4       0x36 build/cmsis_os2.o
                0x080039c4                osDelay
 *fill*         0x080039fa        0x2 
 .text.pvPortMalloc
                0x080039fc      0x198 build/heap_4.o
                0x080039fc                pvPortMalloc
 .text.vPortFree
                0x08003b94       0xc4 build/heap_4.o
                0x08003b94                vPortFree
 .text.prvHeapInit
                0x08003c58       0xc4 build/heap_4.o
 .text.prvInsertBlockIntoFreeList
                0x08003d1c       0xb4 build/heap_4.o
 .text.pxPortInitialiseStack
                0x08003dd0       0x68 build/port.o
                0x08003dd0                pxPortInitialiseStack
 .text.prvTaskExitError
                0x08003e38       0x58 build/port.o
 .text.SVC_Handler
                0x08003e90       0x28 build/port.o
                0x08003e90                SVC_Handler
 .text.vPortEnterCritical
                0x08003eb8       0x60 build/port.o
                0x08003eb8                vPortEnterCritical
 .text.vPortExitCritical
                0x08003f18       0x54 build/port.o
                0x08003f18                vPortExitCritical
 *fill*         0x08003f6c        0x4 
 .text.PendSV_Handler
                0x08003f70       0x68 build/port.o
                0x08003f70                PendSV_Handler
 .text.xPortSysTickHandler
                0x08003fd8       0x44 build/port.o
                0x08003fd8                xPortSysTickHandler
 .text._DoInit  0x0800401c       0xa4 build/SEGGER_RTT.o
 .text._WriteBlocking
                0x080040c0       0xb4 build/SEGGER_RTT.o
 .text._WriteNoCheck
                0x08004174       0x80 build/SEGGER_RTT.o
 .text._GetAvailWriteSpace
                0x080041f4       0x46 build/SEGGER_RTT.o
 *fill*         0x0800423a        0x2 
 .text.SEGGER_RTT_WriteNoLock
                0x0800423c       0xa0 build/SEGGER_RTT.o
                0x0800423c                SEGGER_RTT_WriteNoLock
 .text.SEGGER_RTT_Write
                0x080042dc       0x48 build/SEGGER_RTT.o
                0x080042dc                SEGGER_RTT_Write
 .text._StoreChar
                0x08004324       0x7c build/SEGGER_RTT_printf.o
 .text._PrintUnsigned
                0x080043a0      0x158 build/SEGGER_RTT_printf.o
 .text._PrintInt
                0x080044f8      0x14e build/SEGGER_RTT_printf.o
 *fill*         0x08004646        0x2 
 .text.SEGGER_RTT_vprintf
                0x08004648      0x3a8 build/SEGGER_RTT_printf.o
                0x08004648                SEGGER_RTT_vprintf
 .text.SEGGER_RTT_printf
                0x080049f0       0x30 build/SEGGER_RTT_printf.o
                0x080049f0                SEGGER_RTT_printf
 .text.Reset_Handler
                0x08004a20       0x50 build/startup_stm32l431xx.o
                0x08004a20                Reset_Handler
 .text.Default_Handler
                0x08004a70        0x2 build/startup_stm32l431xx.o
                0x08004a70                RTC_Alarm_IRQHandler
                0x08004a70                EXTI2_IRQHandler
                0x08004a70                TIM1_CC_IRQHandler
                0x08004a70                TSC_IRQHandler
                0x08004a70                TAMP_STAMP_IRQHandler
                0x08004a70                EXTI3_IRQHandler
                0x08004a70                LPTIM2_IRQHandler
                0x08004a70                I2C3_ER_IRQHandler
                0x08004a70                EXTI0_IRQHandler
                0x08004a70                I2C2_EV_IRQHandler
                0x08004a70                CAN1_RX0_IRQHandler
                0x08004a70                FPU_IRQHandler
                0x08004a70                TIM1_UP_TIM16_IRQHandler
                0x08004a70                SPI1_IRQHandler
                0x08004a70                TIM6_DAC_IRQHandler
                0x08004a70                DMA2_Channel2_IRQHandler
                0x08004a70                DMA1_Channel4_IRQHandler
                0x08004a70                ADC1_IRQHandler
                0x08004a70                USART3_IRQHandler
                0x08004a70                DMA1_Channel7_IRQHandler
                0x08004a70                CAN1_RX1_IRQHandler
                0x08004a70                DMA2_Channel1_IRQHandler
                0x08004a70                QUADSPI_IRQHandler
                0x08004a70                I2C1_EV_IRQHandler
                0x08004a70                DMA1_Channel6_IRQHandler
                0x08004a70                DMA2_Channel4_IRQHandler
                0x08004a70                RCC_IRQHandler
                0x08004a70                TIM1_TRG_COM_IRQHandler
                0x08004a70                DMA1_Channel1_IRQHandler
                0x08004a70                Default_Handler
                0x08004a70                DMA2_Channel7_IRQHandler
                0x08004a70                SDMMC1_IRQHandler
                0x08004a70                I2C3_EV_IRQHandler
                0x08004a70                EXTI9_5_IRQHandler
                0x08004a70                RTC_WKUP_IRQHandler
                0x08004a70                PVD_PVM_IRQHandler
                0x08004a70                SPI2_IRQHandler
                0x08004a70                CAN1_TX_IRQHandler
                0x08004a70                DMA2_Channel5_IRQHandler
                0x08004a70                CRS_IRQHandler
                0x08004a70                DMA1_Channel5_IRQHandler
                0x08004a70                EXTI4_IRQHandler
                0x08004a70                RNG_IRQHandler
                0x08004a70                DMA1_Channel3_IRQHandler
                0x08004a70                COMP_IRQHandler
                0x08004a70                WWDG_IRQHandler
                0x08004a70                LPUART1_IRQHandler
                0x08004a70                DMA2_Channel6_IRQHandler
                0x08004a70                TIM2_IRQHandler
                0x08004a70                EXTI1_IRQHandler
                0x08004a70                USART2_IRQHandler
                0x08004a70                I2C2_ER_IRQHandler
                0x08004a70                DMA1_Channel2_IRQHandler
                0x08004a70                CAN1_SCE_IRQHandler
                0x08004a70                FLASH_IRQHandler
                0x08004a70                USART1_IRQHandler
                0x08004a70                SPI3_IRQHandler
                0x08004a70                I2C1_ER_IRQHandler
                0x08004a70                SWPMI1_IRQHandler
                0x08004a70                LPTIM1_IRQHandler
                0x08004a70                SAI1_IRQHandler
                0x08004a70                DMA2_Channel3_IRQHandler
                0x08004a70                TIM1_BRK_TIM15_IRQHandler
 *fill*         0x08004a72        0x2 
 .text.__libc_init_array
                0x08004a74       0x48 c:/dev/tool/gcc-arm-11.2-2022.02-mingw-w64-i686-arm-none-eabi/bin/../lib/gcc/arm-none-eabi/11.2.1/thumb/v7e-m+fp/hard\libc_nano.a(lib_a-init.o)
                0x08004a74                __libc_init_array
 .text.memcpy   0x08004abc       0x1c c:/dev/tool/gcc-arm-11.2-2022.02-mingw-w64-i686-arm-none-eabi/bin/../lib/gcc/arm-none-eabi/11.2.1/thumb/v7e-m+fp/hard\libc_nano.a(lib_a-memcpy-stub.o)
                0x08004abc                memcpy
 .text.memset   0x08004ad8       0x10 c:/dev/tool/gcc-arm-11.2-2022.02-mingw-w64-i686-arm-none-eabi/bin/../lib/gcc/arm-none-eabi/11.2.1/thumb/v7e-m+fp/hard\libc_nano.a(lib_a-memset.o)
                0x08004ad8                memset
 .text.__udivmoddi4
                0x08004ae8      0x2c8 c:/dev/tool/gcc-arm-11.2-2022.02-mingw-w64-i686-arm-none-eabi/bin/../lib/gcc/arm-none-eabi/11.2.1/thumb/v7e-m+fp/hard\libgcc.a(_udivmoddi4.o)
                0x08004ae8                __udivmoddi4
 *(.glue_7)
 .glue_7        0x08004db0        0x0 linker stubs
 *(.glue_7t)
 .glue_7t       0x08004db0        0x0 linker stubs
 *(.eh_frame)
 .eh_frame      0x08004db0        0x0 c:/dev/tool/gcc-arm-11.2-2022.02-mingw-w64-i686-arm-none-eabi/bin/../lib/gcc/arm-none-eabi/11.2.1/thumb/v7e-m+fp/hard/crtbegin.o
 *(.init)
 .init          0x08004db0        0x4 c:/dev/tool/gcc-arm-11.2-2022.02-mingw-w64-i686-arm-none-eabi/bin/../lib/gcc/arm-none-eabi/11.2.1/thumb/v7e-m+fp/hard/crti.o
                0x08004db0                _init
 .init          0x08004db4        0x8 c:/dev/tool/gcc-arm-11.2-2022.02-mingw-w64-i686-arm-none-eabi/bin/../lib/gcc/arm-none-eabi/11.2.1/thumb/v7e-m+fp/hard/crtn.o
 *(.fini)
 .fini          0x08004dbc        0x4 c:/dev/tool/gcc-arm-11.2-2022.02-mingw-w64-i686-arm-none-eabi/bin/../lib/gcc/arm-none-eabi/11.2.1/thumb/v7e-m+fp/hard/crti.o
                0x08004dbc                _fini
 .fini          0x08004dc0        0x8 c:/dev/tool/gcc-arm-11.2-2022.02-mingw-w64-i686-arm-none-eabi/bin/../lib/gcc/arm-none-eabi/11.2.1/thumb/v7e-m+fp/hard/crtn.o
                0x08004dc8                . = ALIGN (0x8)
                0x08004dc8                _etext = .

.vfp11_veneer   0x08004dc8        0x0
 .vfp11_veneer  0x08004dc8        0x0 linker stubs

.v4_bx          0x08004dc8        0x0
 .v4_bx         0x08004dc8        0x0 linker stubs

.iplt           0x08004dc8        0x0
 .iplt          0x08004dc8        0x0 c:/dev/tool/gcc-arm-11.2-2022.02-mingw-w64-i686-arm-none-eabi/bin/../lib/gcc/arm-none-eabi/11.2.1/thumb/v7e-m+fp/hard/crtbegin.o

.rodata         0x08004dc8       0xc0
                0x08004dc8                . = ALIGN (0x8)
 *(.rodata)
 .rodata        0x08004dc8       0x2b build/main.o
 *fill*         0x08004df3        0x1 
 .rodata        0x08004df4       0x17 build/SEGGER_RTT.o
 *(.rodata*)
 *fill*         0x08004e0b        0x1 
 .rodata.defaultTask_attributes
                0x08004e0c       0x24 build/main.o
                0x08004e0c                defaultTask_attributes
 .rodata.AHBPrescTable
                0x08004e30       0x10 build/system_stm32l4xx.o
                0x08004e30                AHBPrescTable
 .rodata.APBPrescTable
                0x08004e40        0x8 build/system_stm32l4xx.o
                0x08004e40                APBPrescTable
 .rodata.MSIRangeTable
                0x08004e48       0x30 build/system_stm32l4xx.o
                0x08004e48                MSIRangeTable
 .rodata._aV2C.0
                0x08004e78       0x10 build/SEGGER_RTT_printf.o
                0x08004e88                . = ALIGN (0x8)

.ARM.extab      0x08004e88        0x0
                0x08004e88                . = ALIGN (0x8)
 *(.ARM.extab* .gnu.linkonce.armextab.*)
                0x08004e88                . = ALIGN (0x8)

.ARM            0x08004e88        0x8
                0x08004e88                . = ALIGN (0x8)
                0x08004e88                __exidx_start = .
 *(.ARM.exidx*)
 .ARM.exidx.text.__udivmoddi4
                0x08004e88        0x8 c:/dev/tool/gcc-arm-11.2-2022.02-mingw-w64-i686-arm-none-eabi/bin/../lib/gcc/arm-none-eabi/11.2.1/thumb/v7e-m+fp/hard\libgcc.a(_udivmoddi4.o)
                0x08004e90                __exidx_end = .
                0x08004e90                . = ALIGN (0x8)

.rel.dyn        0x08004e90        0x0
 .rel.iplt      0x08004e90        0x0 c:/dev/tool/gcc-arm-11.2-2022.02-mingw-w64-i686-arm-none-eabi/bin/../lib/gcc/arm-none-eabi/11.2.1/thumb/v7e-m+fp/hard/crtbegin.o

.preinit_array  0x08004e90        0x0
                0x08004e90                . = ALIGN (0x8)
                0x08004e90                PROVIDE (__preinit_array_start = .)
 *(.preinit_array*)
                0x08004e90                PROVIDE (__preinit_array_end = .)
                0x08004e90                . = ALIGN (0x8)

.init_array     0x08004e90        0x8
                0x08004e90                . = ALIGN (0x8)
                0x08004e90                PROVIDE (__init_array_start = .)
 *(SORT_BY_NAME(.init_array.*))
 *(.init_array*)
 .init_array    0x08004e90        0x4 c:/dev/tool/gcc-arm-11.2-2022.02-mingw-w64-i686-arm-none-eabi/bin/../lib/gcc/arm-none-eabi/11.2.1/thumb/v7e-m+fp/hard/crtbegin.o
                0x08004e94                PROVIDE (__init_array_end = .)
                0x08004e98                . = ALIGN (0x8)
 *fill*         0x08004e94        0x4 

.fini_array     0x08004e98        0x8
                0x08004e98                . = ALIGN (0x8)
                [!provide]                PROVIDE (__fini_array_start = .)
 *(SORT_BY_NAME(.fini_array.*))
 *(.fini_array*)
 .fini_array    0x08004e98        0x4 c:/dev/tool/gcc-arm-11.2-2022.02-mingw-w64-i686-arm-none-eabi/bin/../lib/gcc/arm-none-eabi/11.2.1/thumb/v7e-m+fp/hard/crtbegin.o
                [!provide]                PROVIDE (__fini_array_end = .)
                0x08004ea0                . = ALIGN (0x8)
 *fill*         0x08004e9c        0x4 
                0x08004ea0                _sidata = LOADADDR (.data)

.data           0x20000000       0x10 load address 0x08004ea0
                0x20000000                . = ALIGN (0x8)
                0x20000000                _sdata = .
 *(.data)
 *(.data*)
 .data.uwTickPrio
                0x20000000        0x4 build/stm32l4xx_hal.o
                0x20000000                uwTickPrio
 .data.uwTickFreq
                0x20000004        0x1 build/stm32l4xx_hal.o
                0x20000004                uwTickFreq
 *fill*         0x20000005        0x3 
 .data.SystemCoreClock
                0x20000008        0x4 build/system_stm32l4xx.o
                0x20000008                SystemCoreClock
 .data.uxCriticalNesting
                0x2000000c        0x4 build/port.o
                0x20000010                . = ALIGN (0x8)
                0x20000010                _edata = .

.tm_clone_table
                0x20000010        0x0 load address 0x08004eb0
 .tm_clone_table
                0x20000010        0x0 c:/dev/tool/gcc-arm-11.2-2022.02-mingw-w64-i686-arm-none-eabi/bin/../lib/gcc/arm-none-eabi/11.2.1/thumb/v7e-m+fp/hard/crtbegin.o
 .tm_clone_table
                0x20000010        0x0 c:/dev/tool/gcc-arm-11.2-2022.02-mingw-w64-i686-arm-none-eabi/bin/../lib/gcc/arm-none-eabi/11.2.1/thumb/v7e-m+fp/hard/crtend.o

.igot.plt       0x20000010        0x0 load address 0x08004eb0
 .igot.plt      0x20000010        0x0 c:/dev/tool/gcc-arm-11.2-2022.02-mingw-w64-i686-arm-none-eabi/bin/../lib/gcc/arm-none-eabi/11.2.1/thumb/v7e-m+fp/hard/crtbegin.o
                0x20000010                . = ALIGN (0x4)

.bss            0x20000010     0x16b0 load address 0x08004eb0
                0x20000010                _sbss = .
                0x20000010                __bss_start__ = _sbss
 *(.bss)
 *(.bss*)
 .bss.completed.1
                0x20000010        0x1 c:/dev/tool/gcc-arm-11.2-2022.02-mingw-w64-i686-arm-none-eabi/bin/../lib/gcc/arm-none-eabi/11.2.1/thumb/v7e-m+fp/hard/crtbegin.o
 *fill*         0x20000011        0x3 
 .bss.object.0  0x20000014       0x18 c:/dev/tool/gcc-arm-11.2-2022.02-mingw-w64-i686-arm-none-eabi/bin/../lib/gcc/arm-none-eabi/11.2.1/thumb/v7e-m+fp/hard/crtbegin.o
 .bss.huart1    0x2000002c       0x84 build/main.o
                0x2000002c                huart1
 .bss.defaultTaskHandle
                0x200000b0        0x4 build/main.o
                0x200000b0                defaultTaskHandle
 .bss.htim7     0x200000b4       0x4c build/stm32l4xx_hal_timebase_tim.o
                0x200000b4                htim7
 .bss.uwTick    0x20000100        0x4 build/stm32l4xx_hal.o
                0x20000100                uwTick
 .bss.pxCurrentTCB
                0x20000104        0x4 build/tasks.o
                0x20000104                pxCurrentTCB
 .bss.pxReadyTasksLists
                0x20000108      0x460 build/tasks.o
 .bss.xDelayedTaskList1
                0x20000568       0x14 build/tasks.o
 .bss.xDelayedTaskList2
                0x2000057c       0x14 build/tasks.o
 .bss.pxDelayedTaskList
                0x20000590        0x4 build/tasks.o
 .bss.pxOverflowDelayedTaskList
                0x20000594        0x4 build/tasks.o
 .bss.xPendingReadyList
                0x20000598       0x14 build/tasks.o
 .bss.xTasksWaitingTermination
                0x200005ac       0x14 build/tasks.o
 .bss.xSuspendedTaskList
                0x200005c0       0x14 build/tasks.o
 .bss.uxCurrentNumberOfTasks
                0x200005d4        0x4 build/tasks.o
 .bss.xTickCount
                0x200005d8        0x4 build/tasks.o
 .bss.uxTopReadyPriority
                0x200005dc        0x4 build/tasks.o
 .bss.xSchedulerRunning
                0x200005e0        0x4 build/tasks.o
 .bss.xPendedTicks
                0x200005e4        0x4 build/tasks.o
 .bss.xYieldPending
                0x200005e8        0x4 build/tasks.o
 .bss.xNumOfOverflows
                0x200005ec        0x4 build/tasks.o
 .bss.uxTaskNumber
                0x200005f0        0x4 build/tasks.o
 .bss.xNextTaskUnblockTime
                0x200005f4        0x4 build/tasks.o
 .bss.uxSchedulerSuspended
                0x200005f8        0x4 build/tasks.o
 .bss.KernelState
                0x200005fc        0x4 build/cmsis_os2.o
 .bss.ucHeap    0x20000600      0xbb8 build/heap_4.o
 .bss.xStart    0x200011b8        0x8 build/heap_4.o
 .bss.pxEnd     0x200011c0        0x4 build/heap_4.o
 .bss.xFreeBytesRemaining
                0x200011c4        0x4 build/heap_4.o
 .bss.xMinimumEverFreeBytesRemaining
                0x200011c8        0x4 build/heap_4.o
 .bss.xNumberOfSuccessfulAllocations
                0x200011cc        0x4 build/heap_4.o
 .bss.xNumberOfSuccessfulFrees
                0x200011d0        0x4 build/heap_4.o
 .bss.xBlockAllocatedBit
                0x200011d4        0x4 build/heap_4.o
 .bss._SEGGER_RTT
                0x200011d8       0xa8 build/SEGGER_RTT.o
                0x200011d8                _SEGGER_RTT
 .bss._acUpBuffer
                0x20001280      0x400 build/SEGGER_RTT.o
 .bss._acDownBuffer
                0x20001680       0x40 build/SEGGER_RTT.o
 *(COMMON)
                0x200016c0                . = ALIGN (0x4)
                0x200016c0                _ebss = .
                0x200016c0                __bss_end__ = _ebss

._user_heap_stack
                0x200016c0      0x600 load address 0x08004eb0
                0x200016c0                . = ALIGN (0x8)
                [!provide]                PROVIDE (end = .)
                [!provide]                PROVIDE (_end = .)
                0x200018c0                . = (. + _Min_Heap_Size)
 *fill*         0x200016c0      0x200 
                0x20001cc0                . = (. + _Min_Stack_Size)
 *fill*         0x200018c0      0x400 
                0x20001cc0                . = ALIGN (0x8)

/DISCARD/
 libc.a(*)
 libm.a(*)
 libgcc.a(*)

.ARM.attributes
                0x00000000       0x30
 *(.ARM.attributes)
 .ARM.attributes
                0x00000000       0x1e c:/dev/tool/gcc-arm-11.2-2022.02-mingw-w64-i686-arm-none-eabi/bin/../lib/gcc/arm-none-eabi/11.2.1/thumb/v7e-m+fp/hard/crti.o
 .ARM.attributes
                0x0000001e       0x34 c:/dev/tool/gcc-arm-11.2-2022.02-mingw-w64-i686-arm-none-eabi/bin/../lib/gcc/arm-none-eabi/11.2.1/thumb/v7e-m+fp/hard/crtbegin.o
 .ARM.attributes
                0x00000052       0x34 build/main.o
 .ARM.attributes
                0x00000086       0x34 build/stm32l4xx_it.o
 .ARM.attributes
                0x000000ba       0x34 build/stm32l4xx_hal_msp.o
 .ARM.attributes
                0x000000ee       0x34 build/stm32l4xx_hal_timebase_tim.o
 .ARM.attributes
                0x00000122       0x34 build/stm32l4xx_hal.o
 .ARM.attributes
                0x00000156       0x34 build/stm32l4xx_hal_rcc.o
 .ARM.attributes
                0x0000018a       0x34 build/stm32l4xx_hal_rcc_ex.o
 .ARM.attributes
                0x000001be       0x34 build/stm32l4xx_hal_gpio.o
 .ARM.attributes
                0x000001f2       0x34 build/stm32l4xx_hal_pwr_ex.o
 .ARM.attributes
                0x00000226       0x34 build/stm32l4xx_hal_cortex.o
 .ARM.attributes
                0x0000025a       0x34 build/stm32l4xx_hal_tim.o
 .ARM.attributes
                0x0000028e       0x34 build/stm32l4xx_hal_tim_ex.o
 .ARM.attributes
                0x000002c2       0x34 build/stm32l4xx_hal_uart.o
 .ARM.attributes
                0x000002f6       0x34 build/system_stm32l4xx.o
 .ARM.attributes
                0x0000032a       0x34 build/list.o
 .ARM.attributes
                0x0000035e       0x34 build/tasks.o
 .ARM.attributes
                0x00000392       0x34 build/cmsis_os2.o
 .ARM.attributes
                0x000003c6       0x34 build/heap_4.o
 .ARM.attributes
                0x000003fa       0x34 build/port.o
 .ARM.attributes
                0x0000042e       0x34 build/SEGGER_RTT.o
 .ARM.attributes
                0x00000462       0x34 build/SEGGER_RTT_printf.o
 .ARM.attributes
                0x00000496       0x21 build/startup_stm32l431xx.o
 .ARM.attributes
                0x000004b7       0x34 c:/dev/tool/gcc-arm-11.2-2022.02-mingw-w64-i686-arm-none-eabi/bin/../lib/gcc/arm-none-eabi/11.2.1/thumb/v7e-m+fp/hard\libc_nano.a(lib_a-init.o)
 .ARM.attributes
                0x000004eb       0x34 c:/dev/tool/gcc-arm-11.2-2022.02-mingw-w64-i686-arm-none-eabi/bin/../lib/gcc/arm-none-eabi/11.2.1/thumb/v7e-m+fp/hard\libc_nano.a(lib_a-memcpy-stub.o)
 .ARM.attributes
                0x0000051f       0x34 c:/dev/tool/gcc-arm-11.2-2022.02-mingw-w64-i686-arm-none-eabi/bin/../lib/gcc/arm-none-eabi/11.2.1/thumb/v7e-m+fp/hard\libc_nano.a(lib_a-memset.o)
 .ARM.attributes
                0x00000553       0x1e c:/dev/tool/gcc-arm-11.2-2022.02-mingw-w64-i686-arm-none-eabi/bin/../lib/gcc/arm-none-eabi/11.2.1/thumb/v7e-m+fp/hard\libgcc.a(_aeabi_uldivmod.o)
 .ARM.attributes
                0x00000571       0x34 c:/dev/tool/gcc-arm-11.2-2022.02-mingw-w64-i686-arm-none-eabi/bin/../lib/gcc/arm-none-eabi/11.2.1/thumb/v7e-m+fp/hard\libgcc.a(_udivmoddi4.o)
 .ARM.attributes
                0x000005a5       0x1e c:/dev/tool/gcc-arm-11.2-2022.02-mingw-w64-i686-arm-none-eabi/bin/../lib/gcc/arm-none-eabi/11.2.1/thumb/v7e-m+fp/hard\libgcc.a(_dvmd_tls.o)
 .ARM.attributes
                0x000005c3       0x34 c:/dev/tool/gcc-arm-11.2-2022.02-mingw-w64-i686-arm-none-eabi/bin/../lib/gcc/arm-none-eabi/11.2.1/thumb/v7e-m+fp/hard/crtend.o
 .ARM.attributes
                0x000005f7       0x1e c:/dev/tool/gcc-arm-11.2-2022.02-mingw-w64-i686-arm-none-eabi/bin/../lib/gcc/arm-none-eabi/11.2.1/thumb/v7e-m+fp/hard/crtn.o
OUTPUT(build/Test01.elf elf32-littlearm)
LOAD linker stubs
LOAD c:/dev/tool/gcc-arm-11.2-2022.02-mingw-w64-i686-arm-none-eabi/bin/../lib/gcc/arm-none-eabi/11.2.1/thumb/v7e-m+fp/hard\libc.a
LOAD c:/dev/tool/gcc-arm-11.2-2022.02-mingw-w64-i686-arm-none-eabi/bin/../lib/gcc/arm-none-eabi/11.2.1/thumb/v7e-m+fp/hard\libm.a
LOAD c:/dev/tool/gcc-arm-11.2-2022.02-mingw-w64-i686-arm-none-eabi/bin/../lib/gcc/arm-none-eabi/11.2.1/thumb/v7e-m+fp/hard\libgcc.a

.comment        0x00000000       0x57
 .comment       0x00000000       0x57 c:/dev/tool/gcc-arm-11.2-2022.02-mingw-w64-i686-arm-none-eabi/bin/../lib/gcc/arm-none-eabi/11.2.1/thumb/v7e-m+fp/hard/crtbegin.o
                                 0x58 (size before relaxing)
 .comment       0x00000057       0x58 build/main.o
 .comment       0x00000057       0x58 build/stm32l4xx_it.o
 .comment       0x00000057       0x58 build/stm32l4xx_hal_msp.o
 .comment       0x00000057       0x58 build/stm32l4xx_hal_timebase_tim.o
 .comment       0x00000057       0x58 build/stm32l4xx_hal.o
 .comment       0x00000057       0x58 build/stm32l4xx_hal_rcc.o
 .comment       0x00000057       0x58 build/stm32l4xx_hal_rcc_ex.o
 .comment       0x00000057       0x58 build/stm32l4xx_hal_gpio.o
 .comment       0x00000057       0x58 build/stm32l4xx_hal_pwr_ex.o
 .comment       0x00000057       0x58 build/stm32l4xx_hal_cortex.o
 .comment       0x00000057       0x58 build/stm32l4xx_hal_tim.o
 .comment       0x00000057       0x58 build/stm32l4xx_hal_tim_ex.o
 .comment       0x00000057       0x58 build/stm32l4xx_hal_uart.o
 .comment       0x00000057       0x58 build/system_stm32l4xx.o
 .comment       0x00000057       0x58 build/list.o
 .comment       0x00000057       0x58 build/tasks.o
 .comment       0x00000057       0x58 build/cmsis_os2.o
 .comment       0x00000057       0x58 build/heap_4.o
 .comment       0x00000057       0x58 build/port.o
 .comment       0x00000057       0x58 build/SEGGER_RTT.o
 .comment       0x00000057       0x58 build/SEGGER_RTT_printf.o
 .comment       0x00000057       0x58 c:/dev/tool/gcc-arm-11.2-2022.02-mingw-w64-i686-arm-none-eabi/bin/../lib/gcc/arm-none-eabi/11.2.1/thumb/v7e-m+fp/hard\libc_nano.a(lib_a-init.o)
 .comment       0x00000057       0x58 c:/dev/tool/gcc-arm-11.2-2022.02-mingw-w64-i686-arm-none-eabi/bin/../lib/gcc/arm-none-eabi/11.2.1/thumb/v7e-m+fp/hard\libc_nano.a(lib_a-memcpy-stub.o)
 .comment       0x00000057       0x58 c:/dev/tool/gcc-arm-11.2-2022.02-mingw-w64-i686-arm-none-eabi/bin/../lib/gcc/arm-none-eabi/11.2.1/thumb/v7e-m+fp/hard\libc_nano.a(lib_a-memset.o)
 .comment       0x00000057       0x58 c:/dev/tool/gcc-arm-11.2-2022.02-mingw-w64-i686-arm-none-eabi/bin/../lib/gcc/arm-none-eabi/11.2.1/thumb/v7e-m+fp/hard\libgcc.a(_udivmoddi4.o)
 .comment       0x00000057       0x58 c:/dev/tool/gcc-arm-11.2-2022.02-mingw-w64-i686-arm-none-eabi/bin/../lib/gcc/arm-none-eabi/11.2.1/thumb/v7e-m+fp/hard/crtend.o

.debug_info     0x00000000    0x1aba1
 .debug_info    0x00000000     0x1882 build/main.o
 .debug_info    0x00001882      0x81d build/stm32l4xx_it.o
 .debug_info    0x0000209f      0xff7 build/stm32l4xx_hal_msp.o
 .debug_info    0x00003096      0xd68 build/stm32l4xx_hal_timebase_tim.o
 .debug_info    0x00003dfe      0xc1a build/stm32l4xx_hal.o
 .debug_info    0x00004a18      0xde6 build/stm32l4xx_hal_rcc.o
 .debug_info    0x000057fe     0x1120 build/stm32l4xx_hal_rcc_ex.o
 .debug_info    0x0000691e      0x8ea build/stm32l4xx_hal_gpio.o
 .debug_info    0x00007208      0xa21 build/stm32l4xx_hal_pwr_ex.o
 .debug_info    0x00007c29      0xed0 build/stm32l4xx_hal_cortex.o
 .debug_info    0x00008af9     0x3046 build/stm32l4xx_hal_tim.o
 .debug_info    0x0000bb3f     0x19b0 build/stm32l4xx_hal_tim_ex.o
 .debug_info    0x0000d4ef     0x3f6a build/stm32l4xx_hal_uart.o
 .debug_info    0x00011459      0x66a build/system_stm32l4xx.o
 .debug_info    0x00011ac3      0x304 build/list.o
 .debug_info    0x00011dc7     0x252a build/tasks.o
 .debug_info    0x000142f1     0x3f56 build/cmsis_os2.o
 .debug_info    0x00018247      0x554 build/heap_4.o
 .debug_info    0x0001879b      0x550 build/port.o
 .debug_info    0x00018ceb      0xfe9 build/SEGGER_RTT.o
 .debug_info    0x00019cd4      0x474 build/SEGGER_RTT_printf.o
 .debug_info    0x0001a148       0x22 build/startup_stm32l431xx.o
 .debug_info    0x0001a16a      0x10b c:/dev/tool/gcc-arm-11.2-2022.02-mingw-w64-i686-arm-none-eabi/bin/../lib/gcc/arm-none-eabi/11.2.1/thumb/v7e-m+fp/hard\libc_nano.a(lib_a-init.o)
 .debug_info    0x0001a275      0x121 c:/dev/tool/gcc-arm-11.2-2022.02-mingw-w64-i686-arm-none-eabi/bin/../lib/gcc/arm-none-eabi/11.2.1/thumb/v7e-m+fp/hard\libc_nano.a(lib_a-memcpy-stub.o)
 .debug_info    0x0001a396       0xe0 c:/dev/tool/gcc-arm-11.2-2022.02-mingw-w64-i686-arm-none-eabi/bin/../lib/gcc/arm-none-eabi/11.2.1/thumb/v7e-m+fp/hard\libc_nano.a(lib_a-memset.o)
 .debug_info    0x0001a476       0x24 c:/dev/tool/gcc-arm-11.2-2022.02-mingw-w64-i686-arm-none-eabi/bin/../lib/gcc/arm-none-eabi/11.2.1/thumb/v7e-m+fp/hard\libgcc.a(_aeabi_uldivmod.o)
 .debug_info    0x0001a49a      0x6e3 c:/dev/tool/gcc-arm-11.2-2022.02-mingw-w64-i686-arm-none-eabi/bin/../lib/gcc/arm-none-eabi/11.2.1/thumb/v7e-m+fp/hard\libgcc.a(_udivmoddi4.o)
 .debug_info    0x0001ab7d       0x24 c:/dev/tool/gcc-arm-11.2-2022.02-mingw-w64-i686-arm-none-eabi/bin/../lib/gcc/arm-none-eabi/11.2.1/thumb/v7e-m+fp/hard\libgcc.a(_dvmd_tls.o)

.debug_abbrev   0x00000000     0x3446
 .debug_abbrev  0x00000000      0x2c0 build/main.o
 .debug_abbrev  0x000002c0      0x173 build/stm32l4xx_it.o
 .debug_abbrev  0x00000433      0x1d0 build/stm32l4xx_hal_msp.o
 .debug_abbrev  0x00000603      0x1d5 build/stm32l4xx_hal_timebase_tim.o
 .debug_abbrev  0x000007d8      0x23c build/stm32l4xx_hal.o
 .debug_abbrev  0x00000a14      0x2bf build/stm32l4xx_hal_rcc.o
 .debug_abbrev  0x00000cd3      0x29b build/stm32l4xx_hal_rcc_ex.o
 .debug_abbrev  0x00000f6e      0x1bd build/stm32l4xx_hal_gpio.o
 .debug_abbrev  0x0000112b      0x1f5 build/stm32l4xx_hal_pwr_ex.o
 .debug_abbrev  0x00001320      0x2f6 build/stm32l4xx_hal_cortex.o
 .debug_abbrev  0x00001616      0x266 build/stm32l4xx_hal_tim.o
 .debug_abbrev  0x0000187c      0x26e build/stm32l4xx_hal_tim_ex.o
 .debug_abbrev  0x00001aea      0x2be build/stm32l4xx_hal_uart.o
 .debug_abbrev  0x00001da8      0x118 build/system_stm32l4xx.o
 .debug_abbrev  0x00001ec0       0xf4 build/list.o
 .debug_abbrev  0x00001fb4      0x37f build/tasks.o
 .debug_abbrev  0x00002333      0x4e0 build/cmsis_os2.o
 .debug_abbrev  0x00002813      0x214 build/heap_4.o
 .debug_abbrev  0x00002a27      0x275 build/port.o
 .debug_abbrev  0x00002c9c      0x229 build/SEGGER_RTT.o
 .debug_abbrev  0x00002ec5      0x1b5 build/SEGGER_RTT_printf.o
 .debug_abbrev  0x0000307a       0x12 build/startup_stm32l431xx.o
 .debug_abbrev  0x0000308c       0xc9 c:/dev/tool/gcc-arm-11.2-2022.02-mingw-w64-i686-arm-none-eabi/bin/../lib/gcc/arm-none-eabi/11.2.1/thumb/v7e-m+fp/hard\libc_nano.a(lib_a-init.o)
 .debug_abbrev  0x00003155       0xc1 c:/dev/tool/gcc-arm-11.2-2022.02-mingw-w64-i686-arm-none-eabi/bin/../lib/gcc/arm-none-eabi/11.2.1/thumb/v7e-m+fp/hard\libc_nano.a(lib_a-memcpy-stub.o)
 .debug_abbrev  0x00003216       0x9e c:/dev/tool/gcc-arm-11.2-2022.02-mingw-w64-i686-arm-none-eabi/bin/../lib/gcc/arm-none-eabi/11.2.1/thumb/v7e-m+fp/hard\libc_nano.a(lib_a-memset.o)
 .debug_abbrev  0x000032b4       0x14 c:/dev/tool/gcc-arm-11.2-2022.02-mingw-w64-i686-arm-none-eabi/bin/../lib/gcc/arm-none-eabi/11.2.1/thumb/v7e-m+fp/hard\libgcc.a(_aeabi_uldivmod.o)
 .debug_abbrev  0x000032c8      0x16a c:/dev/tool/gcc-arm-11.2-2022.02-mingw-w64-i686-arm-none-eabi/bin/../lib/gcc/arm-none-eabi/11.2.1/thumb/v7e-m+fp/hard\libgcc.a(_udivmoddi4.o)
 .debug_abbrev  0x00003432       0x14 c:/dev/tool/gcc-arm-11.2-2022.02-mingw-w64-i686-arm-none-eabi/bin/../lib/gcc/arm-none-eabi/11.2.1/thumb/v7e-m+fp/hard\libgcc.a(_dvmd_tls.o)

.debug_loc      0x00000000     0xbea0
 .debug_loc     0x00000000      0x1ba build/main.o
 .debug_loc     0x000001ba      0x178 build/stm32l4xx_it.o
 .debug_loc     0x00000332       0xf2 build/stm32l4xx_hal_msp.o
 .debug_loc     0x00000424       0xd8 build/stm32l4xx_hal_timebase_tim.o
 .debug_loc     0x000004fc      0x9b8 build/stm32l4xx_hal.o
 .debug_loc     0x00000eb4      0x450 build/stm32l4xx_hal_rcc.o
 .debug_loc     0x00001304      0x828 build/stm32l4xx_hal_rcc_ex.o
 .debug_loc     0x00001b2c      0x2d4 build/stm32l4xx_hal_gpio.o
 .debug_loc     0x00001e00      0x88c build/stm32l4xx_hal_pwr_ex.o
 .debug_loc     0x0000268c      0x9f4 build/stm32l4xx_hal_cortex.o
 .debug_loc     0x00003080     0x2858 build/stm32l4xx_hal_tim.o
 .debug_loc     0x000058d8      0xedc build/stm32l4xx_hal_tim_ex.o
 .debug_loc     0x000067b4     0x162a build/stm32l4xx_hal_uart.o
 .debug_loc     0x00007dde       0xa0 build/system_stm32l4xx.o
 .debug_loc     0x00007e7e      0x1cc build/list.o
 .debug_loc     0x0000804a     0x13ab build/tasks.o
 .debug_loc     0x000093f5     0x19fd build/cmsis_os2.o
 .debug_loc     0x0000adf2      0x274 build/heap_4.o
 .debug_loc     0x0000b066      0x30c build/port.o
 .debug_loc     0x0000b372      0x978 build/SEGGER_RTT.o
 .debug_loc     0x0000bcea      0x1b6 build/SEGGER_RTT_printf.o

.debug_aranges  0x00000000     0x15d8
 .debug_aranges
                0x00000000       0x50 build/main.o
 .debug_aranges
                0x00000050       0x58 build/stm32l4xx_it.o
 .debug_aranges
                0x000000a8       0x30 build/stm32l4xx_hal_msp.o
 .debug_aranges
                0x000000d8       0x30 build/stm32l4xx_hal_timebase_tim.o
 .debug_aranges
                0x00000108      0x130 build/stm32l4xx_hal.o
 .debug_aranges
                0x00000238       0x90 build/stm32l4xx_hal_rcc.o
 .debug_aranges
                0x000002c8       0xf0 build/stm32l4xx_hal_rcc_ex.o
 .debug_aranges
                0x000003b8       0x58 build/stm32l4xx_hal_gpio.o
 .debug_aranges
                0x00000410      0x100 build/stm32l4xx_hal_pwr_ex.o
 .debug_aranges
                0x00000510      0x118 build/stm32l4xx_hal_cortex.o
 .debug_aranges
                0x00000628      0x3e0 build/stm32l4xx_hal_tim.o
 .debug_aranges
                0x00000a08      0x180 build/stm32l4xx_hal_tim_ex.o
 .debug_aranges
                0x00000b88      0x228 build/stm32l4xx_hal_uart.o
 .debug_aranges
                0x00000db0       0x28 build/system_stm32l4xx.o
 .debug_aranges
                0x00000dd8       0x40 build/list.o
 .debug_aranges
                0x00000e18      0x208 build/tasks.o
 .debug_aranges
                0x00001020      0x2b0 build/cmsis_os2.o
 .debug_aranges
                0x000012d0       0x58 build/heap_4.o
 .debug_aranges
                0x00001328       0x80 build/port.o
 .debug_aranges
                0x000013a8      0x108 build/SEGGER_RTT.o
 .debug_aranges
                0x000014b0       0x40 build/SEGGER_RTT_printf.o
 .debug_aranges
                0x000014f0       0x28 build/startup_stm32l431xx.o
 .debug_aranges
                0x00001518       0x20 c:/dev/tool/gcc-arm-11.2-2022.02-mingw-w64-i686-arm-none-eabi/bin/../lib/gcc/arm-none-eabi/11.2.1/thumb/v7e-m+fp/hard\libc_nano.a(lib_a-init.o)
 .debug_aranges
                0x00001538       0x20 c:/dev/tool/gcc-arm-11.2-2022.02-mingw-w64-i686-arm-none-eabi/bin/../lib/gcc/arm-none-eabi/11.2.1/thumb/v7e-m+fp/hard\libc_nano.a(lib_a-memcpy-stub.o)
 .debug_aranges
                0x00001558       0x20 c:/dev/tool/gcc-arm-11.2-2022.02-mingw-w64-i686-arm-none-eabi/bin/../lib/gcc/arm-none-eabi/11.2.1/thumb/v7e-m+fp/hard\libc_nano.a(lib_a-memset.o)
 .debug_aranges
                0x00001578       0x20 c:/dev/tool/gcc-arm-11.2-2022.02-mingw-w64-i686-arm-none-eabi/bin/../lib/gcc/arm-none-eabi/11.2.1/thumb/v7e-m+fp/hard\libgcc.a(_aeabi_uldivmod.o)
 .debug_aranges
                0x00001598       0x20 c:/dev/tool/gcc-arm-11.2-2022.02-mingw-w64-i686-arm-none-eabi/bin/../lib/gcc/arm-none-eabi/11.2.1/thumb/v7e-m+fp/hard\libgcc.a(_udivmoddi4.o)
 .debug_aranges
                0x000015b8       0x20 c:/dev/tool/gcc-arm-11.2-2022.02-mingw-w64-i686-arm-none-eabi/bin/../lib/gcc/arm-none-eabi/11.2.1/thumb/v7e-m+fp/hard\libgcc.a(_dvmd_tls.o)

.debug_ranges   0x00000000     0x1408
 .debug_ranges  0x00000000       0x40 build/main.o
 .debug_ranges  0x00000040       0x48 build/stm32l4xx_it.o
 .debug_ranges  0x00000088       0x20 build/stm32l4xx_hal_msp.o
 .debug_ranges  0x000000a8       0x20 build/stm32l4xx_hal_timebase_tim.o
 .debug_ranges  0x000000c8      0x120 build/stm32l4xx_hal.o
 .debug_ranges  0x000001e8       0x80 build/stm32l4xx_hal_rcc.o
 .debug_ranges  0x00000268       0xe0 build/stm32l4xx_hal_rcc_ex.o
 .debug_ranges  0x00000348       0x48 build/stm32l4xx_hal_gpio.o
 .debug_ranges  0x00000390       0xf0 build/stm32l4xx_hal_pwr_ex.o
 .debug_ranges  0x00000480      0x108 build/stm32l4xx_hal_cortex.o
 .debug_ranges  0x00000588      0x3d0 build/stm32l4xx_hal_tim.o
 .debug_ranges  0x00000958      0x170 build/stm32l4xx_hal_tim_ex.o
 .debug_ranges  0x00000ac8      0x248 build/stm32l4xx_hal_uart.o
 .debug_ranges  0x00000d10       0x18 build/system_stm32l4xx.o
 .debug_ranges  0x00000d28       0x30 build/list.o
 .debug_ranges  0x00000d58      0x1f8 build/tasks.o
 .debug_ranges  0x00000f50      0x2a0 build/cmsis_os2.o
 .debug_ranges  0x000011f0       0x48 build/heap_4.o
 .debug_ranges  0x00001238       0x70 build/port.o
 .debug_ranges  0x000012a8       0xf8 build/SEGGER_RTT.o
 .debug_ranges  0x000013a0       0x48 build/SEGGER_RTT_printf.o
 .debug_ranges  0x000013e8       0x20 build/startup_stm32l431xx.o

.debug_macro    0x00000000    0x23382
 .debug_macro   0x00000000      0x366 build/main.o
 .debug_macro   0x00000366      0xaa2 build/main.o
 .debug_macro   0x00000e08      0x1ad build/main.o
 .debug_macro   0x00000fb5       0x2e build/main.o
 .debug_macro   0x00000fe3       0x28 build/main.o
 .debug_macro   0x0000100b       0x22 build/main.o
 .debug_macro   0x0000102d       0x8e build/main.o
 .debug_macro   0x000010bb       0x51 build/main.o
 .debug_macro   0x0000110c      0x103 build/main.o
 .debug_macro   0x0000120f       0x6a build/main.o
 .debug_macro   0x00001279      0x1df build/main.o
 .debug_macro   0x00001458       0x1c build/main.o
 .debug_macro   0x00001474       0x22 build/main.o
 .debug_macro   0x00001496       0xfb build/main.o
 .debug_macro   0x00001591     0x1011 build/main.o
 .debug_macro   0x000025a2      0x11f build/main.o
 .debug_macro   0x000026c1    0x1511c build/main.o
 .debug_macro   0x000177dd       0x6d build/main.o
 .debug_macro   0x0001784a     0x38e6 build/main.o
 .debug_macro   0x0001b130      0x174 build/main.o
 .debug_macro   0x0001b2a4       0x5c build/main.o
 .debug_macro   0x0001b300     0x1328 build/main.o
 .debug_macro   0x0001c628      0x5a5 build/main.o
 .debug_macro   0x0001cbcd      0x1b9 build/main.o
 .debug_macro   0x0001cd86      0x11b build/main.o
 .debug_macro   0x0001cea1      0x26b build/main.o
 .debug_macro   0x0001d10c      0x23d build/main.o
 .debug_macro   0x0001d349      0x241 build/main.o
 .debug_macro   0x0001d58a      0x375 build/main.o
 .debug_macro   0x0001d8ff       0xd6 build/main.o
 .debug_macro   0x0001d9d5      0x22c build/main.o
 .debug_macro   0x0001dc01       0x61 build/main.o
 .debug_macro   0x0001dc62       0xa5 build/main.o
 .debug_macro   0x0001dd07      0x122 build/main.o
 .debug_macro   0x0001de29      0x2ee build/main.o
 .debug_macro   0x0001e117      0xa91 build/main.o
 .debug_macro   0x0001eba8      0x12d build/main.o
 .debug_macro   0x0001ecd5      0x5ba build/main.o
 .debug_macro   0x0001f28f       0x44 build/main.o
 .debug_macro   0x0001f2d3      0x26d build/main.o
 .debug_macro   0x0001f540      0x169 build/main.o
 .debug_macro   0x0001f6a9      0x15a build/main.o
 .debug_macro   0x0001f803       0xc9 build/main.o
 .debug_macro   0x0001f8cc       0x1c build/main.o
 .debug_macro   0x0001f8e8       0x26 build/main.o
 .debug_macro   0x0001f90e      0x4c5 build/main.o
 .debug_macro   0x0001fdd3       0xb5 build/main.o
 .debug_macro   0x0001fe88       0xaa build/main.o
 .debug_macro   0x0001ff32       0x66 build/main.o
 .debug_macro   0x0001ff98       0x74 build/main.o
 .debug_macro   0x0002000c       0xdd build/main.o
 .debug_macro   0x000200e9       0x48 build/main.o
 .debug_macro   0x00020131       0x1e build/main.o
 .debug_macro   0x0002014f       0x5e build/main.o
 .debug_macro   0x000201ad       0x35 build/main.o
 .debug_macro   0x000201e2       0x34 build/main.o
 .debug_macro   0x00020216       0x16 build/main.o
 .debug_macro   0x0002022c       0x35 build/main.o
 .debug_macro   0x00020261       0x16 build/main.o
 .debug_macro   0x00020277       0x43 build/main.o
 .debug_macro   0x000202ba       0x34 build/main.o
 .debug_macro   0x000202ee       0x10 build/main.o
 .debug_macro   0x000202fe       0x52 build/main.o
 .debug_macro   0x00020350      0x182 build/main.o
 .debug_macro   0x000204d2      0x341 build/main.o
 .debug_macro   0x00020813       0x16 build/main.o
 .debug_macro   0x00020829       0x29 build/main.o
 .debug_macro   0x00020852       0x58 build/main.o
 .debug_macro   0x000208aa      0x11c build/main.o
 .debug_macro   0x000209c6       0x22 build/main.o
 .debug_macro   0x000209e8      0x1ed build/stm32l4xx_it.o
 .debug_macro   0x00020bd5      0x1e3 build/stm32l4xx_hal_msp.o
 .debug_macro   0x00020db8      0x1d9 build/stm32l4xx_hal_timebase_tim.o
 .debug_macro   0x00020f91      0x227 build/stm32l4xx_hal.o
 .debug_macro   0x000211b8      0x21b build/stm32l4xx_hal_rcc.o
 .debug_macro   0x000213d3      0x20f build/stm32l4xx_hal_rcc_ex.o
 .debug_macro   0x000215e2      0x1e0 build/stm32l4xx_hal_gpio.o
 .debug_macro   0x000217c2      0x1fd build/stm32l4xx_hal_pwr_ex.o
 .debug_macro   0x000219bf      0x1d9 build/stm32l4xx_hal_cortex.o
 .debug_macro   0x00021b98      0x1da build/stm32l4xx_hal_tim.o
 .debug_macro   0x00021d72      0x1d9 build/stm32l4xx_hal_tim_ex.o
 .debug_macro   0x00021f4b      0x204 build/stm32l4xx_hal_uart.o
 .debug_macro   0x0002214f      0x1d9 build/system_stm32l4xx.o
 .debug_macro   0x00022328      0x178 build/list.o
 .debug_macro   0x000224a0      0x26b build/tasks.o
 .debug_macro   0x0002270b       0x10 build/tasks.o
 .debug_macro   0x0002271b      0x3bc build/cmsis_os2.o
 .debug_macro   0x00022ad7       0x10 build/cmsis_os2.o
 .debug_macro   0x00022ae7       0xf5 build/cmsis_os2.o
 .debug_macro   0x00022bdc       0x8d build/cmsis_os2.o
 .debug_macro   0x00022c69       0x9a build/cmsis_os2.o
 .debug_macro   0x00022d03       0x22 build/cmsis_os2.o
 .debug_macro   0x00022d25       0x56 build/cmsis_os2.o
 .debug_macro   0x00022d7b      0x19f build/heap_4.o
 .debug_macro   0x00022f1a      0x196 build/port.o
 .debug_macro   0x000230b0      0x19f build/SEGGER_RTT.o
 .debug_macro   0x0002324f      0x133 build/SEGGER_RTT_printf.o

.debug_line     0x00000000    0x15812
 .debug_line    0x00000000      0x8ee build/main.o
 .debug_line    0x000008ee      0x630 build/stm32l4xx_it.o
 .debug_line    0x00000f1e      0x5db build/stm32l4xx_hal_msp.o
 .debug_line    0x000014f9      0x5d8 build/stm32l4xx_hal_timebase_tim.o
 .debug_line    0x00001ad1      0x96b build/stm32l4xx_hal.o
 .debug_line    0x0000243c      0xe20 build/stm32l4xx_hal_rcc.o
 .debug_line    0x0000325c     0x11f1 build/stm32l4xx_hal_rcc_ex.o
 .debug_line    0x0000444d      0x98b build/stm32l4xx_hal_gpio.o
 .debug_line    0x00004dd8      0x9d0 build/stm32l4xx_hal_pwr_ex.o
 .debug_line    0x000057a8      0xb12 build/stm32l4xx_hal_cortex.o
 .debug_line    0x000062ba     0x3a09 build/stm32l4xx_hal_tim.o
 .debug_line    0x00009cc3     0x1982 build/stm32l4xx_hal_tim_ex.o
 .debug_line    0x0000b645     0x309e build/stm32l4xx_hal_uart.o
 .debug_line    0x0000e6e3      0x613 build/system_stm32l4xx.o
 .debug_line    0x0000ecf6      0x4cd build/list.o
 .debug_line    0x0000f1c3     0x1b5e build/tasks.o
 .debug_line    0x00010d21     0x21ab build/cmsis_os2.o
 .debug_line    0x00012ecc      0x6f4 build/heap_4.o
 .debug_line    0x000135c0      0x634 build/port.o
 .debug_line    0x00013bf4      0xa69 build/SEGGER_RTT.o
 .debug_line    0x0001465d      0x63c build/SEGGER_RTT_printf.o
 .debug_line    0x00014c99       0x76 build/startup_stm32l431xx.o
 .debug_line    0x00014d0f      0x17f c:/dev/tool/gcc-arm-11.2-2022.02-mingw-w64-i686-arm-none-eabi/bin/../lib/gcc/arm-none-eabi/11.2.1/thumb/v7e-m+fp/hard\libc_nano.a(lib_a-init.o)
 .debug_line    0x00014e8e      0x191 c:/dev/tool/gcc-arm-11.2-2022.02-mingw-w64-i686-arm-none-eabi/bin/../lib/gcc/arm-none-eabi/11.2.1/thumb/v7e-m+fp/hard\libc_nano.a(lib_a-memcpy-stub.o)
 .debug_line    0x0001501f      0x176 c:/dev/tool/gcc-arm-11.2-2022.02-mingw-w64-i686-arm-none-eabi/bin/../lib/gcc/arm-none-eabi/11.2.1/thumb/v7e-m+fp/hard\libc_nano.a(lib_a-memset.o)
 .debug_line    0x00015195       0x4e c:/dev/tool/gcc-arm-11.2-2022.02-mingw-w64-i686-arm-none-eabi/bin/../lib/gcc/arm-none-eabi/11.2.1/thumb/v7e-m+fp/hard\libgcc.a(_aeabi_uldivmod.o)
 .debug_line    0x000151e3      0x5e5 c:/dev/tool/gcc-arm-11.2-2022.02-mingw-w64-i686-arm-none-eabi/bin/../lib/gcc/arm-none-eabi/11.2.1/thumb/v7e-m+fp/hard\libgcc.a(_udivmoddi4.o)
 .debug_line    0x000157c8       0x4a c:/dev/tool/gcc-arm-11.2-2022.02-mingw-w64-i686-arm-none-eabi/bin/../lib/gcc/arm-none-eabi/11.2.1/thumb/v7e-m+fp/hard\libgcc.a(_dvmd_tls.o)

.debug_str      0x00000000    0xd9bfa
 .debug_str     0x00000000    0xd02c1 build/main.o
                              0xd0729 (size before relaxing)
 .debug_str     0x000d02c1       0xe6 build/stm32l4xx_it.o
                              0xc7c6b (size before relaxing)
 .debug_str     0x000d03a7      0x231 build/stm32l4xx_hal_msp.o
                              0xc82f3 (size before relaxing)
 .debug_str     0x000d05d8       0xe3 build/stm32l4xx_hal_timebase_tim.o
                              0xc8261 (size before relaxing)
 .debug_str     0x000d06bb      0x614 build/stm32l4xx_hal.o
                              0xc8366 (size before relaxing)
 .debug_str     0x000d0ccf      0x40f build/stm32l4xx_hal_rcc.o
                              0xc7eb6 (size before relaxing)
 .debug_str     0x000d10de      0x584 build/stm32l4xx_hal_rcc_ex.o
                              0xc8141 (size before relaxing)
 .debug_str     0x000d1662       0xc1 build/stm32l4xx_hal_gpio.o
                              0xc7a2a (size before relaxing)
 .debug_str     0x000d1723      0x3ef build/stm32l4xx_hal_pwr_ex.o
                              0xc7ced (size before relaxing)
 .debug_str     0x000d1b12      0x325 build/stm32l4xx_hal_cortex.o
                              0xc8017 (size before relaxing)
 .debug_str     0x000d1e37      0xea3 build/stm32l4xx_hal_tim.o
                              0xc8be3 (size before relaxing)
 .debug_str     0x000d2cda      0x60a build/stm32l4xx_hal_tim_ex.o
                              0xc8507 (size before relaxing)
 .debug_str     0x000d32e4      0x8d3 build/stm32l4xx_hal_uart.o
                              0xc85e6 (size before relaxing)
 .debug_str     0x000d3bb7       0x3d build/system_stm32l4xx.o
                              0xc78b6 (size before relaxing)
 .debug_str     0x000d3bf4      0x148 build/list.o
                               0x9fd4 (size before relaxing)
 .debug_str     0x000d3d3c     0x1e52 build/tasks.o
                               0xc581 (size before relaxing)
 .debug_str     0x000d5b8e     0x2429 build/cmsis_os2.o
                              0xd18cf (size before relaxing)
 .debug_str     0x000d7fb7      0x32a build/heap_4.o
                               0xa916 (size before relaxing)
 .debug_str     0x000d82e1      0x780 build/port.o
                               0x8678 (size before relaxing)
 .debug_str     0x000d8a61      0x604 build/SEGGER_RTT.o
                               0x6bb1 (size before relaxing)
 .debug_str     0x000d9065      0x188 build/SEGGER_RTT_printf.o
                               0x6747 (size before relaxing)
 .debug_str     0x000d91ed       0x22 build/startup_stm32l431xx.o
                                 0x48 (size before relaxing)
 .debug_str     0x000d920f      0x1d5 c:/dev/tool/gcc-arm-11.2-2022.02-mingw-w64-i686-arm-none-eabi/bin/../lib/gcc/arm-none-eabi/11.2.1/thumb/v7e-m+fp/hard\libc_nano.a(lib_a-init.o)
                                0x277 (size before relaxing)
 .debug_str     0x000d93e4      0x10b c:/dev/tool/gcc-arm-11.2-2022.02-mingw-w64-i686-arm-none-eabi/bin/../lib/gcc/arm-none-eabi/11.2.1/thumb/v7e-m+fp/hard\libc_nano.a(lib_a-memcpy-stub.o)
                                0x23b (size before relaxing)
 .debug_str     0x000d94ef       0xe8 c:/dev/tool/gcc-arm-11.2-2022.02-mingw-w64-i686-arm-none-eabi/bin/../lib/gcc/arm-none-eabi/11.2.1/thumb/v7e-m+fp/hard\libc_nano.a(lib_a-memset.o)
                                0x218 (size before relaxing)
 .debug_str     0x000d95d7       0x82 c:/dev/tool/gcc-arm-11.2-2022.02-mingw-w64-i686-arm-none-eabi/bin/../lib/gcc/arm-none-eabi/11.2.1/thumb/v7e-m+fp/hard\libgcc.a(_aeabi_uldivmod.o)
                                 0x8e (size before relaxing)
 .debug_str     0x000d9659      0x595 c:/dev/tool/gcc-arm-11.2-2022.02-mingw-w64-i686-arm-none-eabi/bin/../lib/gcc/arm-none-eabi/11.2.1/thumb/v7e-m+fp/hard\libgcc.a(_udivmoddi4.o)
                                0x6a4 (size before relaxing)
 .debug_str     0x000d9bee        0xc c:/dev/tool/gcc-arm-11.2-2022.02-mingw-w64-i686-arm-none-eabi/bin/../lib/gcc/arm-none-eabi/11.2.1/thumb/v7e-m+fp/hard\libgcc.a(_dvmd_tls.o)
                                 0x92 (size before relaxing)

.debug_frame    0x00000000     0x58d0
 .debug_frame   0x00000000       0xf0 build/main.o
 .debug_frame   0x000000f0       0xe0 build/stm32l4xx_it.o
 .debug_frame   0x000001d0       0x80 build/stm32l4xx_hal_msp.o
 .debug_frame   0x00000250       0x74 build/stm32l4xx_hal_timebase_tim.o
 .debug_frame   0x000002c4      0x498 build/stm32l4xx_hal.o
 .debug_frame   0x0000075c      0x21c build/stm32l4xx_hal_rcc.o
 .debug_frame   0x00000978      0x3d0 build/stm32l4xx_hal_rcc_ex.o
 .debug_frame   0x00000d48      0x14c build/stm32l4xx_hal_gpio.o
 .debug_frame   0x00000e94      0x404 build/stm32l4xx_hal_pwr_ex.o
 .debug_frame   0x00001298      0x498 build/stm32l4xx_hal_cortex.o
 .debug_frame   0x00001730     0x121c build/stm32l4xx_hal_tim.o
 .debug_frame   0x0000294c      0x6b0 build/stm32l4xx_hal_tim_ex.o
 .debug_frame   0x00002ffc      0x9f4 build/stm32l4xx_hal_uart.o
 .debug_frame   0x000039f0       0x58 build/system_stm32l4xx.o
 .debug_frame   0x00003a48       0xd8 build/list.o
 .debug_frame   0x00003b20      0x8f0 build/tasks.o
 .debug_frame   0x00004410      0xbe4 build/cmsis_os2.o
 .debug_frame   0x00004ff4      0x12c build/heap_4.o
 .debug_frame   0x00005120      0x1a8 build/port.o
 .debug_frame   0x000052c8      0x454 build/SEGGER_RTT.o
 .debug_frame   0x0000571c       0xe0 build/SEGGER_RTT_printf.o
 .debug_frame   0x000057fc       0x2c c:/dev/tool/gcc-arm-11.2-2022.02-mingw-w64-i686-arm-none-eabi/bin/../lib/gcc/arm-none-eabi/11.2.1/thumb/v7e-m+fp/hard\libc_nano.a(lib_a-init.o)
 .debug_frame   0x00005828       0x28 c:/dev/tool/gcc-arm-11.2-2022.02-mingw-w64-i686-arm-none-eabi/bin/../lib/gcc/arm-none-eabi/11.2.1/thumb/v7e-m+fp/hard\libc_nano.a(lib_a-memcpy-stub.o)
 .debug_frame   0x00005850       0x20 c:/dev/tool/gcc-arm-11.2-2022.02-mingw-w64-i686-arm-none-eabi/bin/../lib/gcc/arm-none-eabi/11.2.1/thumb/v7e-m+fp/hard\libc_nano.a(lib_a-memset.o)
 .debug_frame   0x00005870       0x2c c:/dev/tool/gcc-arm-11.2-2022.02-mingw-w64-i686-arm-none-eabi/bin/../lib/gcc/arm-none-eabi/11.2.1/thumb/v7e-m+fp/hard\libgcc.a(_aeabi_uldivmod.o)
 .debug_frame   0x0000589c       0x34 c:/dev/tool/gcc-arm-11.2-2022.02-mingw-w64-i686-arm-none-eabi/bin/../lib/gcc/arm-none-eabi/11.2.1/thumb/v7e-m+fp/hard\libgcc.a(_udivmoddi4.o)

.debug_loclists
                0x00000000      0xc29
 .debug_loclists
                0x00000000       0x44 c:/dev/tool/gcc-arm-11.2-2022.02-mingw-w64-i686-arm-none-eabi/bin/../lib/gcc/arm-none-eabi/11.2.1/thumb/v7e-m+fp/hard\libc_nano.a(lib_a-init.o)
 .debug_loclists
                0x00000044       0x8f c:/dev/tool/gcc-arm-11.2-2022.02-mingw-w64-i686-arm-none-eabi/bin/../lib/gcc/arm-none-eabi/11.2.1/thumb/v7e-m+fp/hard\libc_nano.a(lib_a-memcpy-stub.o)
 .debug_loclists
                0x000000d3       0x47 c:/dev/tool/gcc-arm-11.2-2022.02-mingw-w64-i686-arm-none-eabi/bin/../lib/gcc/arm-none-eabi/11.2.1/thumb/v7e-m+fp/hard\libc_nano.a(lib_a-memset.o)
 .debug_loclists
                0x0000011a      0xb0f c:/dev/tool/gcc-arm-11.2-2022.02-mingw-w64-i686-arm-none-eabi/bin/../lib/gcc/arm-none-eabi/11.2.1/thumb/v7e-m+fp/hard\libgcc.a(_udivmoddi4.o)

.debug_rnglists
                0x00000000       0xcb
 .debug_rnglists
                0x00000000       0x13 c:/dev/tool/gcc-arm-11.2-2022.02-mingw-w64-i686-arm-none-eabi/bin/../lib/gcc/arm-none-eabi/11.2.1/thumb/v7e-m+fp/hard\libc_nano.a(lib_a-init.o)
 .debug_rnglists
                0x00000013       0x13 c:/dev/tool/gcc-arm-11.2-2022.02-mingw-w64-i686-arm-none-eabi/bin/../lib/gcc/arm-none-eabi/11.2.1/thumb/v7e-m+fp/hard\libc_nano.a(lib_a-memcpy-stub.o)
 .debug_rnglists
                0x00000026       0x13 c:/dev/tool/gcc-arm-11.2-2022.02-mingw-w64-i686-arm-none-eabi/bin/../lib/gcc/arm-none-eabi/11.2.1/thumb/v7e-m+fp/hard\libc_nano.a(lib_a-memset.o)
 .debug_rnglists
                0x00000039       0x92 c:/dev/tool/gcc-arm-11.2-2022.02-mingw-w64-i686-arm-none-eabi/bin/../lib/gcc/arm-none-eabi/11.2.1/thumb/v7e-m+fp/hard\libgcc.a(_udivmoddi4.o)

.debug_line_str
                0x00000000       0x5b
 .debug_line_str
                0x00000000       0x4f c:/dev/tool/gcc-arm-11.2-2022.02-mingw-w64-i686-arm-none-eabi/bin/../lib/gcc/arm-none-eabi/11.2.1/thumb/v7e-m+fp/hard\libgcc.a(_aeabi_uldivmod.o)
                                 0x9e (size before relaxing)
 .debug_line_str
                0x0000004f        0xc c:/dev/tool/gcc-arm-11.2-2022.02-mingw-w64-i686-arm-none-eabi/bin/../lib/gcc/arm-none-eabi/11.2.1/thumb/v7e-m+fp/hard\libgcc.a(_dvmd_tls.o)
                                 0xa6 (size before relaxing)

Cross Reference Table

Symbol                                            File
ADC1_IRQHandler                                   build/startup_stm32l431xx.o
AHBPrescTable                                     build/system_stm32l4xx.o
                                                  build/stm32l4xx_hal_rcc.o
APBPrescTable                                     build/system_stm32l4xx.o
                                                  build/stm32l4xx_hal_rcc.o
BusFault_Handler                                  build/stm32l4xx_it.o
CAN1_RX0_IRQHandler                               build/startup_stm32l431xx.o
CAN1_RX1_IRQHandler                               build/startup_stm32l431xx.o
CAN1_SCE_IRQHandler                               build/startup_stm32l431xx.o
CAN1_TX_IRQHandler                                build/startup_stm32l431xx.o
COMP_IRQHandler                                   build/startup_stm32l431xx.o
CRS_IRQHandler                                    build/startup_stm32l431xx.o
DMA1_Channel1_IRQHandler                          build/startup_stm32l431xx.o
DMA1_Channel2_IRQHandler                          build/startup_stm32l431xx.o
DMA1_Channel3_IRQHandler                          build/startup_stm32l431xx.o
DMA1_Channel4_IRQHandler                          build/startup_stm32l431xx.o
DMA1_Channel5_IRQHandler                          build/startup_stm32l431xx.o
DMA1_Channel6_IRQHandler                          build/startup_stm32l431xx.o
DMA1_Channel7_IRQHandler                          build/startup_stm32l431xx.o
DMA2_Channel1_IRQHandler                          build/startup_stm32l431xx.o
DMA2_Channel2_IRQHandler                          build/startup_stm32l431xx.o
DMA2_Channel3_IRQHandler                          build/startup_stm32l431xx.o
DMA2_Channel4_IRQHandler                          build/startup_stm32l431xx.o
DMA2_Channel5_IRQHandler                          build/startup_stm32l431xx.o
DMA2_Channel6_IRQHandler                          build/startup_stm32l431xx.o
DMA2_Channel7_IRQHandler                          build/startup_stm32l431xx.o
DebugMon_Handler                                  build/stm32l4xx_it.o
Default_Handler                                   build/startup_stm32l431xx.o
EXTI0_IRQHandler                                  build/startup_stm32l431xx.o
EXTI15_10_IRQHandler                              build/stm32l4xx_it.o
EXTI1_IRQHandler                                  build/startup_stm32l431xx.o
EXTI2_IRQHandler                                  build/startup_stm32l431xx.o
EXTI3_IRQHandler                                  build/startup_stm32l431xx.o
EXTI4_IRQHandler                                  build/startup_stm32l431xx.o
EXTI9_5_IRQHandler                                build/startup_stm32l431xx.o
Error_Handler                                     build/main.o
                                                  build/stm32l4xx_hal_msp.o
FLASH_FlushCaches                                 build/stm32l4xx_hal_flash_ex.o
                                                  build/stm32l4xx_hal_flash.o
FLASH_IRQHandler                                  build/startup_stm32l431xx.o
FLASH_PageErase                                   build/stm32l4xx_hal_flash_ex.o
                                                  build/stm32l4xx_hal_flash.o
FLASH_WaitForLastOperation                        build/stm32l4xx_hal_flash.o
                                                  build/stm32l4xx_hal_flash_ex.o
FPU_IRQHandler                                    build/startup_stm32l431xx.o
HAL_DBGMCU_DisableDBGSleepMode                    build/stm32l4xx_hal.o
HAL_DBGMCU_DisableDBGStandbyMode                  build/stm32l4xx_hal.o
HAL_DBGMCU_DisableDBGStopMode                     build/stm32l4xx_hal.o
HAL_DBGMCU_EnableDBGSleepMode                     build/stm32l4xx_hal.o
HAL_DBGMCU_EnableDBGStandbyMode                   build/stm32l4xx_hal.o
HAL_DBGMCU_EnableDBGStopMode                      build/stm32l4xx_hal.o
HAL_DMA_Abort                                     build/stm32l4xx_hal_dma.o
                                                  build/stm32l4xx_hal_uart.o
HAL_DMA_Abort_IT                                  build/stm32l4xx_hal_dma.o
                                                  build/stm32l4xx_hal_uart.o
                                                  build/stm32l4xx_hal_tim_ex.o
                                                  build/stm32l4xx_hal_tim.o
                                                  build/stm32l4xx_hal_i2c.o
HAL_DMA_DeInit                                    build/stm32l4xx_hal_dma.o
HAL_DMA_GetError                                  build/stm32l4xx_hal_dma.o
                                                  build/stm32l4xx_hal_uart.o
HAL_DMA_GetState                                  build/stm32l4xx_hal_dma.o
                                                  build/stm32l4xx_hal_i2c.o
HAL_DMA_IRQHandler                                build/stm32l4xx_hal_dma.o
HAL_DMA_Init                                      build/stm32l4xx_hal_dma.o
HAL_DMA_PollForTransfer                           build/stm32l4xx_hal_dma.o
HAL_DMA_RegisterCallback                          build/stm32l4xx_hal_dma.o
HAL_DMA_Start                                     build/stm32l4xx_hal_dma.o
HAL_DMA_Start_IT                                  build/stm32l4xx_hal_dma.o
                                                  build/stm32l4xx_hal_uart.o
                                                  build/stm32l4xx_hal_tim_ex.o
                                                  build/stm32l4xx_hal_tim.o
                                                  build/stm32l4xx_hal_i2c.o
HAL_DMA_UnRegisterCallback                        build/stm32l4xx_hal_dma.o
HAL_DeInit                                        build/stm32l4xx_hal.o
HAL_Delay                                         build/stm32l4xx_hal.o
                                                  build/main.o
HAL_EXTI_ClearConfigLine                          build/stm32l4xx_hal_exti.o
HAL_EXTI_ClearPending                             build/stm32l4xx_hal_exti.o
HAL_EXTI_GenerateSWI                              build/stm32l4xx_hal_exti.o
HAL_EXTI_GetConfigLine                            build/stm32l4xx_hal_exti.o
HAL_EXTI_GetHandle                                build/stm32l4xx_hal_exti.o
HAL_EXTI_GetPending                               build/stm32l4xx_hal_exti.o
HAL_EXTI_IRQHandler                               build/stm32l4xx_hal_exti.o
HAL_EXTI_RegisterCallback                         build/stm32l4xx_hal_exti.o
HAL_EXTI_SetConfigLine                            build/stm32l4xx_hal_exti.o
HAL_FLASHEx_DisableRunPowerDown                   build/stm32l4xx_hal_flash_ramfunc.o
HAL_FLASHEx_EnableRunPowerDown                    build/stm32l4xx_hal_flash_ramfunc.o
HAL_FLASHEx_Erase                                 build/stm32l4xx_hal_flash_ex.o
HAL_FLASHEx_Erase_IT                              build/stm32l4xx_hal_flash_ex.o
HAL_FLASHEx_OBGetConfig                           build/stm32l4xx_hal_flash_ex.o
HAL_FLASHEx_OBProgram                             build/stm32l4xx_hal_flash_ex.o
HAL_FLASH_EndOfOperationCallback                  build/stm32l4xx_hal_flash.o
HAL_FLASH_GetError                                build/stm32l4xx_hal_flash.o
HAL_FLASH_IRQHandler                              build/stm32l4xx_hal_flash.o
HAL_FLASH_Lock                                    build/stm32l4xx_hal_flash.o
HAL_FLASH_OB_Launch                               build/stm32l4xx_hal_flash.o
HAL_FLASH_OB_Lock                                 build/stm32l4xx_hal_flash.o
HAL_FLASH_OB_Unlock                               build/stm32l4xx_hal_flash.o
HAL_FLASH_OperationErrorCallback                  build/stm32l4xx_hal_flash.o
HAL_FLASH_Program                                 build/stm32l4xx_hal_flash.o
HAL_FLASH_Program_IT                              build/stm32l4xx_hal_flash.o
HAL_FLASH_Unlock                                  build/stm32l4xx_hal_flash.o
HAL_GPIO_DeInit                                   build/stm32l4xx_hal_gpio.o
                                                  build/stm32l4xx_hal_msp.o
HAL_GPIO_EXTI_Callback                            build/stm32l4xx_hal_gpio.o
HAL_GPIO_EXTI_IRQHandler                          build/stm32l4xx_hal_gpio.o
                                                  build/stm32l4xx_it.o
HAL_GPIO_Init                                     build/stm32l4xx_hal_gpio.o
                                                  build/stm32l4xx_hal_rcc_ex.o
                                                  build/stm32l4xx_hal_rcc.o
                                                  build/stm32l4xx_hal_msp.o
                                                  build/main.o
HAL_GPIO_LockPin                                  build/stm32l4xx_hal_gpio.o
HAL_GPIO_ReadPin                                  build/stm32l4xx_hal_gpio.o
                                                  build/main.o
HAL_GPIO_TogglePin                                build/stm32l4xx_hal_gpio.o
HAL_GPIO_WritePin                                 build/stm32l4xx_hal_gpio.o
HAL_GetDEVID                                      build/stm32l4xx_hal.o
HAL_GetHalVersion                                 build/stm32l4xx_hal.o
HAL_GetREVID                                      build/stm32l4xx_hal.o
HAL_GetTick                                       build/stm32l4xx_hal.o
                                                  build/stm32l4xx_hal_uart_ex.o
                                                  build/stm32l4xx_hal_uart.o
                                                  build/stm32l4xx_hal_dma.o
                                                  build/stm32l4xx_hal_flash.o
                                                  build/stm32l4xx_hal_rcc_ex.o
                                                  build/stm32l4xx_hal_rcc.o
                                                  build/stm32l4xx_hal_i2c.o
HAL_GetTickFreq                                   build/stm32l4xx_hal.o
HAL_GetTickPrio                                   build/stm32l4xx_hal.o
HAL_GetUIDw0                                      build/stm32l4xx_hal.o
HAL_GetUIDw1                                      build/stm32l4xx_hal.o
HAL_GetUIDw2                                      build/stm32l4xx_hal.o
HAL_HalfDuplex_EnableReceiver                     build/stm32l4xx_hal_uart.o
HAL_HalfDuplex_EnableTransmitter                  build/stm32l4xx_hal_uart.o
HAL_HalfDuplex_Init                               build/stm32l4xx_hal_uart.o
HAL_I2CEx_ConfigAnalogFilter                      build/stm32l4xx_hal_i2c_ex.o
HAL_I2CEx_ConfigDigitalFilter                     build/stm32l4xx_hal_i2c_ex.o
HAL_I2CEx_DisableFastModePlus                     build/stm32l4xx_hal_i2c_ex.o
HAL_I2CEx_DisableWakeUp                           build/stm32l4xx_hal_i2c_ex.o
HAL_I2CEx_EnableFastModePlus                      build/stm32l4xx_hal_i2c_ex.o
HAL_I2CEx_EnableWakeUp                            build/stm32l4xx_hal_i2c_ex.o
HAL_I2C_AbortCpltCallback                         build/stm32l4xx_hal_i2c.o
HAL_I2C_AddrCallback                              build/stm32l4xx_hal_i2c.o
HAL_I2C_DeInit                                    build/stm32l4xx_hal_i2c.o
HAL_I2C_DisableListen_IT                          build/stm32l4xx_hal_i2c.o
HAL_I2C_ER_IRQHandler                             build/stm32l4xx_hal_i2c.o
HAL_I2C_EV_IRQHandler                             build/stm32l4xx_hal_i2c.o
HAL_I2C_EnableListen_IT                           build/stm32l4xx_hal_i2c.o
HAL_I2C_ErrorCallback                             build/stm32l4xx_hal_i2c.o
HAL_I2C_GetError                                  build/stm32l4xx_hal_i2c.o
HAL_I2C_GetMode                                   build/stm32l4xx_hal_i2c.o
HAL_I2C_GetState                                  build/stm32l4xx_hal_i2c.o
HAL_I2C_Init                                      build/stm32l4xx_hal_i2c.o
HAL_I2C_IsDeviceReady                             build/stm32l4xx_hal_i2c.o
HAL_I2C_ListenCpltCallback                        build/stm32l4xx_hal_i2c.o
HAL_I2C_MasterRxCpltCallback                      build/stm32l4xx_hal_i2c.o
HAL_I2C_MasterTxCpltCallback                      build/stm32l4xx_hal_i2c.o
HAL_I2C_Master_Abort_IT                           build/stm32l4xx_hal_i2c.o
HAL_I2C_Master_Receive                            build/stm32l4xx_hal_i2c.o
HAL_I2C_Master_Receive_DMA                        build/stm32l4xx_hal_i2c.o
HAL_I2C_Master_Receive_IT                         build/stm32l4xx_hal_i2c.o
HAL_I2C_Master_Seq_Receive_DMA                    build/stm32l4xx_hal_i2c.o
HAL_I2C_Master_Seq_Receive_IT                     build/stm32l4xx_hal_i2c.o
HAL_I2C_Master_Seq_Transmit_DMA                   build/stm32l4xx_hal_i2c.o
HAL_I2C_Master_Seq_Transmit_IT                    build/stm32l4xx_hal_i2c.o
HAL_I2C_Master_Transmit                           build/stm32l4xx_hal_i2c.o
HAL_I2C_Master_Transmit_DMA                       build/stm32l4xx_hal_i2c.o
HAL_I2C_Master_Transmit_IT                        build/stm32l4xx_hal_i2c.o
HAL_I2C_MemRxCpltCallback                         build/stm32l4xx_hal_i2c.o
HAL_I2C_MemTxCpltCallback                         build/stm32l4xx_hal_i2c.o
HAL_I2C_Mem_Read                                  build/stm32l4xx_hal_i2c.o
HAL_I2C_Mem_Read_DMA                              build/stm32l4xx_hal_i2c.o
HAL_I2C_Mem_Read_IT                               build/stm32l4xx_hal_i2c.o
HAL_I2C_Mem_Write                                 build/stm32l4xx_hal_i2c.o
HAL_I2C_Mem_Write_DMA                             build/stm32l4xx_hal_i2c.o
HAL_I2C_Mem_Write_IT                              build/stm32l4xx_hal_i2c.o
HAL_I2C_MspDeInit                                 build/stm32l4xx_hal_i2c.o
HAL_I2C_MspInit                                   build/stm32l4xx_hal_i2c.o
HAL_I2C_SlaveRxCpltCallback                       build/stm32l4xx_hal_i2c.o
HAL_I2C_SlaveTxCpltCallback                       build/stm32l4xx_hal_i2c.o
HAL_I2C_Slave_Receive                             build/stm32l4xx_hal_i2c.o
HAL_I2C_Slave_Receive_DMA                         build/stm32l4xx_hal_i2c.o
HAL_I2C_Slave_Receive_IT                          build/stm32l4xx_hal_i2c.o
HAL_I2C_Slave_Seq_Receive_DMA                     build/stm32l4xx_hal_i2c.o
HAL_I2C_Slave_Seq_Receive_IT                      build/stm32l4xx_hal_i2c.o
HAL_I2C_Slave_Seq_Transmit_DMA                    build/stm32l4xx_hal_i2c.o
HAL_I2C_Slave_Seq_Transmit_IT                     build/stm32l4xx_hal_i2c.o
HAL_I2C_Slave_Transmit                            build/stm32l4xx_hal_i2c.o
HAL_I2C_Slave_Transmit_DMA                        build/stm32l4xx_hal_i2c.o
HAL_I2C_Slave_Transmit_IT                         build/stm32l4xx_hal_i2c.o
HAL_IncTick                                       build/stm32l4xx_hal.o
                                                  build/main.o
HAL_Init                                          build/stm32l4xx_hal.o
                                                  build/main.o
HAL_InitTick                                      build/stm32l4xx_hal_timebase_tim.o
                                                  build/stm32l4xx_hal_rcc.o
HAL_LIN_Init                                      build/stm32l4xx_hal_uart.o
HAL_LIN_SendBreak                                 build/stm32l4xx_hal_uart.o
HAL_MPU_ConfigRegion                              build/stm32l4xx_hal_cortex.o
HAL_MPU_Disable                                   build/stm32l4xx_hal_cortex.o
HAL_MPU_Enable                                    build/stm32l4xx_hal_cortex.o
HAL_MspDeInit                                     build/stm32l4xx_hal.o
HAL_MspInit                                       build/stm32l4xx_hal_msp.o
HAL_MultiProcessorEx_AddressLength_Set            build/stm32l4xx_hal_uart_ex.o
HAL_MultiProcessor_DisableMuteMode                build/stm32l4xx_hal_uart.o
HAL_MultiProcessor_EnableMuteMode                 build/stm32l4xx_hal_uart.o
HAL_MultiProcessor_EnterMuteMode                  build/stm32l4xx_hal_uart.o
HAL_MultiProcessor_Init                           build/stm32l4xx_hal_uart.o
HAL_NVIC_ClearPendingIRQ                          build/stm32l4xx_hal_cortex.o
HAL_NVIC_DisableIRQ                               build/stm32l4xx_hal_cortex.o
HAL_NVIC_EnableIRQ                                build/stm32l4xx_hal_cortex.o
                                                  build/stm32l4xx_hal_timebase_tim.o
                                                  build/main.o
HAL_NVIC_GetActive                                build/stm32l4xx_hal_cortex.o
HAL_NVIC_GetPendingIRQ                            build/stm32l4xx_hal_cortex.o
HAL_NVIC_GetPriority                              build/stm32l4xx_hal_cortex.o
HAL_NVIC_GetPriorityGrouping                      build/stm32l4xx_hal_cortex.o
HAL_NVIC_SetPendingIRQ                            build/stm32l4xx_hal_cortex.o
HAL_NVIC_SetPriority                              build/stm32l4xx_hal_cortex.o
                                                  build/stm32l4xx_hal.o
                                                  build/stm32l4xx_hal_timebase_tim.o
                                                  build/stm32l4xx_hal_msp.o
                                                  build/main.o
HAL_NVIC_SetPriorityGrouping                      build/stm32l4xx_hal_cortex.o
                                                  build/stm32l4xx_hal.o
HAL_NVIC_SystemReset                              build/stm32l4xx_hal_cortex.o
HAL_PWREx_ConfigPVM                               build/stm32l4xx_hal_pwr_ex.o
HAL_PWREx_ControlVoltageScaling                   build/stm32l4xx_hal_pwr_ex.o
                                                  build/main.o
HAL_PWREx_DisableBatteryCharging                  build/stm32l4xx_hal_pwr_ex.o
HAL_PWREx_DisableGPIOPullDown                     build/stm32l4xx_hal_pwr_ex.o
HAL_PWREx_DisableGPIOPullUp                       build/stm32l4xx_hal_pwr_ex.o
HAL_PWREx_DisableInternalWakeUpLine               build/stm32l4xx_hal_pwr_ex.o
HAL_PWREx_DisableLowPowerRunMode                  build/stm32l4xx_hal_pwr_ex.o
                                                  build/stm32l4xx_hal_pwr.o
HAL_PWREx_DisablePVM3                             build/stm32l4xx_hal_pwr_ex.o
HAL_PWREx_DisablePVM4                             build/stm32l4xx_hal_pwr_ex.o
HAL_PWREx_DisablePullUpPullDownConfig             build/stm32l4xx_hal_pwr_ex.o
HAL_PWREx_DisableSRAM2ContentRetention            build/stm32l4xx_hal_pwr_ex.o
HAL_PWREx_EnableBatteryCharging                   build/stm32l4xx_hal_pwr_ex.o
HAL_PWREx_EnableGPIOPullDown                      build/stm32l4xx_hal_pwr_ex.o
HAL_PWREx_EnableGPIOPullUp                        build/stm32l4xx_hal_pwr_ex.o
HAL_PWREx_EnableInternalWakeUpLine                build/stm32l4xx_hal_pwr_ex.o
HAL_PWREx_EnableLowPowerRunMode                   build/stm32l4xx_hal_pwr_ex.o
                                                  build/stm32l4xx_hal_pwr.o
HAL_PWREx_EnablePVM3                              build/stm32l4xx_hal_pwr_ex.o
HAL_PWREx_EnablePVM4                              build/stm32l4xx_hal_pwr_ex.o
HAL_PWREx_EnablePullUpPullDownConfig              build/stm32l4xx_hal_pwr_ex.o
HAL_PWREx_EnableSRAM2ContentRetention             build/stm32l4xx_hal_pwr_ex.o
HAL_PWREx_EnterSHUTDOWNMode                       build/stm32l4xx_hal_pwr_ex.o
HAL_PWREx_EnterSTOP0Mode                          build/stm32l4xx_hal_pwr_ex.o
                                                  build/stm32l4xx_hal_pwr.o
HAL_PWREx_EnterSTOP1Mode                          build/stm32l4xx_hal_pwr_ex.o
                                                  build/stm32l4xx_hal_pwr.o
HAL_PWREx_EnterSTOP2Mode                          build/stm32l4xx_hal_pwr_ex.o
HAL_PWREx_GetVoltageRange                         build/stm32l4xx_hal_pwr_ex.o
                                                  build/stm32l4xx_hal_rcc.o
HAL_PWREx_PVD_PVM_IRQHandler                      build/stm32l4xx_hal_pwr_ex.o
HAL_PWREx_PVM3Callback                            build/stm32l4xx_hal_pwr_ex.o
HAL_PWREx_PVM4Callback                            build/stm32l4xx_hal_pwr_ex.o
HAL_PWREx_SetSRAM2ContentRetention                build/stm32l4xx_hal_pwr_ex.o
HAL_PWR_ConfigPVD                                 build/stm32l4xx_hal_pwr.o
HAL_PWR_DeInit                                    build/stm32l4xx_hal_pwr.o
HAL_PWR_DisableBkUpAccess                         build/stm32l4xx_hal_pwr.o
                                                  build/stm32l4xx_hal_rcc_ex.o
HAL_PWR_DisablePVD                                build/stm32l4xx_hal_pwr.o
HAL_PWR_DisableSEVOnPend                          build/stm32l4xx_hal_pwr.o
HAL_PWR_DisableSleepOnExit                        build/stm32l4xx_hal_pwr.o
HAL_PWR_DisableWakeUpPin                          build/stm32l4xx_hal_pwr.o
HAL_PWR_EnableBkUpAccess                          build/stm32l4xx_hal_pwr.o
                                                  build/stm32l4xx_hal_rcc_ex.o
HAL_PWR_EnablePVD                                 build/stm32l4xx_hal_pwr.o
HAL_PWR_EnableSEVOnPend                           build/stm32l4xx_hal_pwr.o
HAL_PWR_EnableSleepOnExit                         build/stm32l4xx_hal_pwr.o
HAL_PWR_EnableWakeUpPin                           build/stm32l4xx_hal_pwr.o
HAL_PWR_EnterSLEEPMode                            build/stm32l4xx_hal_pwr.o
HAL_PWR_EnterSTANDBYMode                          build/stm32l4xx_hal_pwr.o
HAL_PWR_EnterSTOPMode                             build/stm32l4xx_hal_pwr.o
HAL_PWR_PVDCallback                               build/stm32l4xx_hal_pwr.o
                                                  build/stm32l4xx_hal_pwr_ex.o
HAL_RCCEx_CRSConfig                               build/stm32l4xx_hal_rcc_ex.o
HAL_RCCEx_CRSGetSynchronizationInfo               build/stm32l4xx_hal_rcc_ex.o
HAL_RCCEx_CRSSoftwareSynchronizationGenerate      build/stm32l4xx_hal_rcc_ex.o
HAL_RCCEx_CRSWaitSynchronization                  build/stm32l4xx_hal_rcc_ex.o
HAL_RCCEx_CRS_ErrorCallback                       build/stm32l4xx_hal_rcc_ex.o
HAL_RCCEx_CRS_ExpectedSyncCallback                build/stm32l4xx_hal_rcc_ex.o
HAL_RCCEx_CRS_IRQHandler                          build/stm32l4xx_hal_rcc_ex.o
HAL_RCCEx_CRS_SyncOkCallback                      build/stm32l4xx_hal_rcc_ex.o
HAL_RCCEx_CRS_SyncWarnCallback                    build/stm32l4xx_hal_rcc_ex.o
HAL_RCCEx_DisableLSCO                             build/stm32l4xx_hal_rcc_ex.o
HAL_RCCEx_DisableLSECSS                           build/stm32l4xx_hal_rcc_ex.o
HAL_RCCEx_DisableMSIPLLMode                       build/stm32l4xx_hal_rcc_ex.o
HAL_RCCEx_DisablePLLSAI1                          build/stm32l4xx_hal_rcc_ex.o
HAL_RCCEx_EnableLSCO                              build/stm32l4xx_hal_rcc_ex.o
HAL_RCCEx_EnableLSECSS                            build/stm32l4xx_hal_rcc_ex.o
HAL_RCCEx_EnableLSECSS_IT                         build/stm32l4xx_hal_rcc_ex.o
HAL_RCCEx_EnableMSIPLLMode                        build/stm32l4xx_hal_rcc_ex.o
HAL_RCCEx_EnablePLLSAI1                           build/stm32l4xx_hal_rcc_ex.o
HAL_RCCEx_GetPeriphCLKConfig                      build/stm32l4xx_hal_rcc_ex.o
HAL_RCCEx_GetPeriphCLKFreq                        build/stm32l4xx_hal_rcc_ex.o
HAL_RCCEx_LSECSS_Callback                         build/stm32l4xx_hal_rcc_ex.o
HAL_RCCEx_LSECSS_IRQHandler                       build/stm32l4xx_hal_rcc_ex.o
HAL_RCCEx_PeriphCLKConfig                         build/stm32l4xx_hal_rcc_ex.o
                                                  build/stm32l4xx_hal_msp.o
HAL_RCCEx_StandbyMSIRangeConfig                   build/stm32l4xx_hal_rcc_ex.o
HAL_RCCEx_WakeUpStopCLKConfig                     build/stm32l4xx_hal_rcc_ex.o
HAL_RCC_CSSCallback                               build/stm32l4xx_hal_rcc.o
HAL_RCC_ClockConfig                               build/stm32l4xx_hal_rcc.o
                                                  build/main.o
HAL_RCC_DeInit                                    build/stm32l4xx_hal_rcc.o
HAL_RCC_EnableCSS                                 build/stm32l4xx_hal_rcc.o
HAL_RCC_GetClockConfig                            build/stm32l4xx_hal_rcc.o
                                                  build/stm32l4xx_hal_timebase_tim.o
HAL_RCC_GetHCLKFreq                               build/stm32l4xx_hal_rcc.o
HAL_RCC_GetOscConfig                              build/stm32l4xx_hal_rcc.o
HAL_RCC_GetPCLK1Freq                              build/stm32l4xx_hal_rcc.o
                                                  build/stm32l4xx_hal_uart.o
                                                  build/stm32l4xx_hal_rcc_ex.o
                                                  build/stm32l4xx_hal_timebase_tim.o
HAL_RCC_GetPCLK2Freq                              build/stm32l4xx_hal_rcc.o
                                                  build/stm32l4xx_hal_uart.o
                                                  build/stm32l4xx_hal_rcc_ex.o
HAL_RCC_GetResetSource                            build/stm32l4xx_hal_rcc.o
HAL_RCC_GetSysClockFreq                           build/stm32l4xx_hal_rcc.o
                                                  build/stm32l4xx_hal_uart.o
                                                  build/stm32l4xx_hal_rcc_ex.o
HAL_RCC_MCOConfig                                 build/stm32l4xx_hal_rcc.o
HAL_RCC_NMI_IRQHandler                            build/stm32l4xx_hal_rcc.o
HAL_RCC_OscConfig                                 build/stm32l4xx_hal_rcc.o
                                                  build/main.o
HAL_RS485Ex_Init                                  build/stm32l4xx_hal_uart_ex.o
HAL_ResumeTick                                    build/stm32l4xx_hal_timebase_tim.o